Processing: C:\Users\Yong\Downloads\Learnova A Levels\AL-BIOLOGY.pdf
Subject: AL-Biology  Form: AS-A2  Pages: 10-658 of 658
------------------------------------------------------------
  p 10/658  SKIP  Page contains only introductory and promotional text, not A-Level biology content.
  p 11/658  SKIP  Page contains only introductory material about the coursebook series, not biological content.
  p 12/658  SKIP  Page contains only promotional description of coursebook resources, no teachable biology content.
  p 13/658  SKIP  Page is a 'How to use this book' guide, not biological content.
  p 14/658  SKIP  Page contains only book features and instructions, no biology content.
  p 15/658  SKIP  Page contains only learning intentions, no explanatory content.
  p 16/658  SAVED  Chapter 1: Cell Structure | 
  p 17/658  SAVED  Chapter 1: Cell structure | 1.1 Cells are the basic units of life
  p 18/658  SAVED  Chapter 1: Cell Biology | Cell biology and microscopy
  p 19/658  SAVED  Chapter 1: Cell structure | Microscopy
  p 20/658  SAVED  Chapter 1: Cell Structure | Generalised Plant Cell
  p 21/658  SAVED  Chapter 1: Cell structure | The nucleus
  p 22/658  SAVED  Chapter 13: (Section 13.2, Structure and function of | 
  p 23/658  SAVED  Chapter 13: Cell Structure | Section 13.2: Structure and function of cells
  p 24/658  SAVED  Chapter 7: Practical Skills in Biology | Biological Drawing
  p 25/658  SAVED  Chapter 1: Cell structure | 1.4 Measuring size and calculating magnification
  p 26/658  SAVED  Chapter 7: Microscopy techniques | 
  p 27/658  SAVED  Chapter 1: Cell Structure | Magnification and Scale Bars
  p 28/658  SAVED  Chapter 1: Cell Structure | Microscopy: Magnification and Resolution
  p 29/658  SAVED  Chapter 1: Cell Structure | Microscopy and Resolution
  p 30/658  SAVED  Chapter 7: Cell Structure and Microscopy | Electron Microscopy
  p 31/658  SAVED  Chapter 1: Cell Structure | 1.6 Plant and animal cells as seen with an electron microscope
  p 32/658  SAVED  Chapter 1: Cell Structure | Observing cells under the electron microscope
  p 33/658  SAVED  Chapter 1: Cell structure | Ultrastructure of animal cells
  p 34/658  SAVED  Chapter 1: Cell Structure | Ultrastructure of plant cells
  p 35/658  SAVED  Chapter 1: Cell structure | Microvilli
  p 36/658  SAVED  Chapter 1: Cell Structure | The nucleus
  p 37/658  SAVED  Chapter 7: Cell Structure | Endoplasmic Reticulum and Ribosomes
  p 38/658  SAVED  Chapter 7: Cell Structure and Function | Golgi apparatus and lysosomes
  p 39/658  SAVED  Chapter 4: Cell Membranes and Transport | 4.5 Movement of substances across membranes
  p 40/658  SAVED  Chapter 1: Cell Structure | Microtubules
  p 41/658  SAVED  Chapter 12: Cell Structure | 12.2 Microtubules and Centrioles
  p 42/658  SAVED  Chapter 12: Cell Structure | Cilia and flagella
  p 43/658  SAVED  Chapter 12: Cell structure | Chloroplasts
  p 44/658  SAVED  Chapter 12: (Section 12.2) | Cell walls
  p 45/658  SAVED  Chapter 12: (Section 12.2) | Plant vacuoles and their functions
  p 46/658  SAVED  Chapter 1: Cell Structure | 1.7 Bacteria
  p 47/658  SAVED  Chapter 12: Cell structure | Section 12.2: Bacterial cell structure
  p 48/658  SAVED  Chapter 12: Section 12.2 | Section 12.2
  p 49/658  SAVED  Chapter 1: Cell Structure | Viruses
  p 50/658  SAVED  Chapter 1: and learnt a lot | Summary
  p 51/658  SAVED  Chapter 1: Cell Structure | Review Questions
  p 52/658  SKIP  Page contains only a diagram of palisade cells with labels, no explanatory text or teachable content.
  p 53/658  SKIP  Page contains only a review activity table with no explanatory content; not suitable for teaching.
  p 54/658  SAVED  Chapter 1: Cell Structure | Calculating actual size from micrographs
  p 55/658  SAVED  Chapter 1: Cell structure | Protein secretion and organelle function
  p 56/658  SKIP  Page is a self-evaluation checklist, no teachable content.
  p 57/658  SKIP  Page contains only learning intentions, no content to structure.
  p 58/658  SAVED  Chapter 2: Biological Molecules | Covalent Bonding and Molecular Models
  p 59/658  SAVED  Chapter 2: Biological Molecules | 2.2 The building blocks
  p 60/658  SAVED  Chapter 2: Biological Molecules | Polymers and Monomers
  p 61/658  SAVED  Chapter 2: Biological Molecules | Monosaccharides: ring structure and isomers
  p 62/658  SAVED  Chapter 2: Biological Molecules | Disaccharides and the glycosidic bond
  p 63/658  SAVED  Chapter 2: Biological molecules | Testing for the presence of sugars
  p 64/658  SAVED  Chapter 2: Biological Molecules | Polysaccharides
  p 65/658  SAVED  Chapter 2: Biological molecules | Polysaccharides: Storage polysaccharides
  p 66/658  SAVED  Chapter 2: Biological molecules | Cellulose
  p 67/658  SAVED  Chapter 2: Biological molecules | 
  p 68/658  SAVED  Chapter 2: Biological Molecules | Lipids and Esters
  p 69/658  SAVED  Chapter 2: Biological molecules | Lipids
  p 70/658  SAVED  Chapter 2: Biological Molecules | Functions of triglycerides
  p 71/658  SAVED  Chapter 2: Biological molecules | 2.6 Proteins
  p 72/658  SAVED  Chapter 4: Biological Molecules | Amino acids and peptide bonds
  p 73/658  SAVED  Chapter 2: Biological molecules | Secondary structure of proteins
  p 74/658  SAVED  Chapter 4: Proteins | Tertiary structure of proteins
  p 75/658  SAVED  Chapter 4: Biological molecules | Protein structure: bonds and interactions
  p 76/658  SAVED  Chapter 4: Proteins | Globular and fibrous proteins
  p 77/658  SAVED  Chapter 4: Biological Molecules | Globular and Fibrous Proteins
  p 78/658  SAVED  Chapter 4: Proteins and Enzymes | Collagen Structure
  p 79/658  SAVED  Chapter 4: Biological Molecules | Collagen
  p 80/658  SAVED  Chapter 4: Biological Molecules | 2.7 Water
  p 81/658  SAVED  Chapter 2: Biological molecules | 
  p 82/658  SAVED  Chapter 2: Biological Molecules | Summary of Macromolecule Formation and Structure
  p 83/658  SAVED  Chapter 2: Biological Molecules | Globular and Fibrous Proteins; Properties of Water
  p 84/658  SAVED  Chapter 2: Biological Molecules | 
  p 85/658  SAVED  Chapter 2: Biological molecules | Carbohydrates: Monosaccharides and Disaccharides
  p 86/658  SAVED  Chapter 2: Biological Molecules | Protein structure and polymer properties
  p 87/658  SKIP  Page contains only review questions and a self-evaluation checklist, no new explanatory content.
  p 88/658  SKIP  Page contains only learning intentions/objectives for the chapter, not teachable biological content.
  p 89/658  SAVED  Chapter 3: Enzymes | 
  p 90/658  SAVED  Chapter 3: Enzymes | Enzyme action mechanisms
  p 91/658  SAVED  Chapter 3: Enzymes | Mechanism of enzyme action
  p 92/658  SAVED  Chapter 3: Enzymes | Activation energy and enzyme catalysis
  p 93/658  SAVED  Chapter 3: Enzymes | 3.3 Investigating the progress of an enzyme-catalysed reaction
  p 94/658  SAVED  Chapter 3: Enzymes | Practical: Measuring the Rate of Substrate Disappearance
  p 95/658  SAVED  Chapter 3: Enzymes | 3.4 Factors that affect enzyme action
  p 96/658  SAVED  Chapter 3: Enzymes | Effect of pH on Enzyme Activity
  p 97/658  SAVED  Chapter 3: Enzymes | Effect of enzyme concentration on reaction rate
  p 98/658  SAVED  Chapter 3: Enzymes | 
  p 99/658  SAVED  Chapter 3: Enzymes | Michaelis-Menten Constant (Km)
  p100/658  SAVED  Chapter 3: Enzymes | Enzyme Inhibition
  p101/658  SAVED  Chapter 3: Enzymes | Control of metabolic reactions
  p102/658  SAVED  Chapter 3: Enzymes | Immobilising enzymes
  p103/658  SAVED  Chapter 3: Enzymes | Summary
  p104/658  SKIP  Page contains only exam-style questions without explanatory content.
  p105/658  SAVED  Chapter 3: Enzymes | Factors Affecting Enzyme Activity
  p106/658  SAVED  Chapter 3: Enzymes | 
  p107/658  SAVED  Chapter 3: Enzymes | 
  p108/658  SAVED  Chapter 3: Enzymes | Practical: Investigating the effect of temperature on amylase activity
  p109/658  SAVED  Chapter 3: Enzymes | 3.6 The effects of reversible inhibitors
  p110/658  SKIP  Page contains only learning objectives/headings for Chapter 4, no teachable content.
  p111/658  SAVED  Chapter 14: Cell membranes and transport | 14.4 Liposomes as delivery bags
  p112/658  SAVED  Chapter 4: Cell Membranes | 4.2 Structure of membranes
  p113/658  SAVED  Chapter 4: Cell membranes and transport | The fluid mosaic model
  p114/658  SAVED  Chapter 4: Cell membranes | Membrane structure and the fluid mosaic model
  p115/658  SAVED  Chapter 4: Cell membranes and transport | 4.3 Roles of the molecules found in membranes
  p116/658  SAVED  Chapter 4: Cell membranes and transport | 4.4 Cell signalling
  p117/658  SAVED  Chapter 14: Cell Membranes and Transport | Cell signalling and second messengers
  p118/658  SAVED  Chapter 14: Cell Surface Membranes | 4.5 Movement of substances across cell surface membranes
  p119/658  SAVED  Chapter 14: Cell Membranes and Transport | Diffusion
  p120/658  SAVED  Chapter 14: Transport across cell membranes | Factors affecting diffusion
  p121/658  SAVED  Chapter 14: Cell membranes and transport | 4 Cell membranes and transport
  p122/658  SAVED  Chapter 14: Nervous Communication | Osmosis
  p123/658  SAVED  Chapter 14: Cell Membranes and Transport | Osmosis and Water Potential
  p124/658  SAVED  Chapter 14: (see Figure 14.26) | Water potential and osmosis in animal cells
  p125/658  SAVED  Chapter 14: Cell Membranes and Transport | Osmosis in plant cells
  p126/658  SAVED  Chapter 14: Transport in Plants | Water Potential and Plasmolysis
  p127/658  SAVED  Chapter 14: Cell Membranes and Transport | Active Transport
  p128/658  SAVED  Chapter 15: Nervous Communication | 15.2 Nervous communication
  p129/658  SAVED  Chapter 4: Cell Membranes and Transport | Bulk Transport: Endocytosis and Exocytosis
  p130/658  SKIP  Page contains only a reflection exercise linking terms from previous chapters; no new teachable content.
  p131/658  SAVED  Chapter 4: Cell membranes and transport | Summary
  p132/658  SKIP  Page contains only exam-style review questions, no explanatory content.
  p133/658  SAVED  Chapter 4: Cell membranes and transport | Membrane proteins and transport mechanisms
  p134/658  SKIP  Page contains only exam-style questions, no concept explanation.
  p135/658  SAVED  Chapter 4: Cell membranes and transport | Water potential and cell volume changes
  p136/658  SAVED  Chapter 4: Cell membranes and transport | Active transport
  p137/658  SAVED  Chapter 5: The cell cycle, mitosis and stem cells | 
  p138/658  SAVED  Chapter 6: DNA replication | Why grow old? ? The role of telomeres in ageing
  p139/658  SAVED  Chapter 5: The mitotic cell cycle | 5.2 Chromosomes
  p140/658  SAVED  Chapter 6: Nucleic Acids and Replication | DNA packaging and chromosome structure
  p141/658  SAVED  Chapter 6: DNA replication and the mitotic cell cycle | The mitotic cell cycle
  p142/658  SAVED  Chapter 6: DNA replication and cell division | Chromosome behaviour during mitosis
  p143/658  SAVED  Chapter 6: you will learn how DNA can copy itself | The Mitotic Cell Cycle
  p144/658  SAVED  Chapter 6: you will learn how DNA can copy itself | Mitosis: Centrosomes, centrioles, and spindle formation
  p145/658  SKIP  Page content is about mitotic cell cycle and kinetochores, not about DNA replication as per chapter context.
  p146/658  SKIP  Page consists of review questions and a practical activity outline, lacking a coherent teachable concept.
  p147/658  SAVED  Chapter 6: you will learn how DNA can copy itself | 5 The mitotic cell cycle
  p148/658  SAVED  Chapter 5: Cell Division | 
  p149/658  SKIP  Page contains only figure captions and no substantive teaching content.
  p150/658  SAVED  Chapter 6: DNA Replication and Cell Cycle | Cancer as a Result of Uncontrolled Cell Division
  p151/658  SAVED  Chapter 5: The mitotic cell cycle | 
  p152/658  SKIP  Page contains only exam-style questions and no teachable content for concept explanation.
  p153/658  SKIP  Page contains only exam questions and diagrams, no explanatory content for a teaching unit.
  p154/658  SKIP  Page contains review questions only, no explanatory teaching content.
  p155/658  SKIP  The page contains only a practice question and a self-evaluation checklist, with no new conceptual content about the mitotic cell cycle.
  p156/658  SKIP  Page contains only learning intentions, no teachable content.
  p157/658  SAVED  Chapter 6: Nucleic acids and protein synthesis | Editing Humans: Gene editing using CRISPR-Cas9
  p158/658  SAVED  Chapter 6: Nucleic Acids and Proteins | 6.1 The molecule of life ? Nucleotides
  p159/658  SAVED  Chapter 2: that macromolecules are related to the chemic | Nucleic acids and protein synthesis
  p160/658  SAVED  Chapter 6: Nucleic Acids and Protein Synthesis | DNA structure and the double helix model
  p161/658  SAVED  Chapter 6: Nucleic acids and protein synthesis | DNA structure
  p162/658  SAVED  Chapter 2: Numbering of Carbon | DNA Structure and Base Pairing
  p163/658  SAVED  Chapter 6: Nucleic acids and protein synthesis | 6.3 DNA replication
  p164/658  SAVED  Chapter 6: Nucleic Acids and Protein Synthesis | 6.3 DNA Replication
  p165/658  SAVED  Chapter 6: Nucleic acids and protein synthesis | Features of the genetic code
  p166/658  SAVED  Chapter 2: for the numbering of carbon | RNA processing in eukaryotes
  p167/658  SAVED  Chapter 6: Nucleic acids and protein synthesis | Translation
  p168/658  SAVED  Chapter 6: Nucleic Acids and Protein Synthesis | Translation
  p169/658  SAVED  Chapter 6: Nucleic acids and protein synthesis | Gene mutations
  p170/658  SAVED  Chapter 2: Nucleic Acids and Protein Synthesis | Gene mutations: frame-shift
  p171/658  SAVED  Chapter 2: Nucleic Acids and Protein Synthesis | Summary
  p172/658  SKIP  The page contains only exam-style questions and review activities with no new explanatory content to structure into a teaching unit.
  p173/658  SKIP  Page contains only examination-style questions and no explanatory content for teaching.
  p174/658  SAVED  Chapter 6: Nucleic Acids and Protein Synthesis | DNA structure and base ratios
  p175/658  SAVED  Chapter 7: Transport in Plants | Learning Intentions
  p176/658  SAVED  Chapter 7: Transport in Plants | Introduction to Transport Systems
  p177/658  SAVED  Chapter 7: Transport in plants | 7.1 The transport needs of plants
  p178/658  SAVED  Chapter 4: Transport in Plants | Xylem and Phloem
  p179/658  SAVED  Chapter 7: Transport in plants | Biological Drawing Skills
  p180/658  SAVED  Chapter 4: you considered the effect of an increase in size on the surf | Measuring cells, tissues and organs
  p181/658  SAVED  Chapter 7: Transport in plants | Supporting tissues in plant stems
  p182/658  SAVED  Chapter 4: Surface area to volume ratio | 
  p183/658  SAVED  Chapter 7: Transport in plants | Distribution of tissues in a dicot stem
  p184/658  SAVED  Chapter 7: Transport in Plants | 7.4 The transport of water
  p185/658  SAVED  Chapter 7: Transport in Plants | 
  p186/658  SAVED  Chapter 4: (Section 4.5, Movement of substances across membranes) | Leaf structure and transpiration
  p187/658  SAVED  Chapter 7: Transport in plants | Xerophytes
  p188/658  SAVED  Chapter 4: (Section 4.5, Movement of substances across Water vapou | Practical Activity 7.2: Drawing a TS of marram grass based on light microscopy
  p189/658  SAVED  Chapter 7: Transport in plants | Movement of water through xylem from root to leaf
  p190/658  SAVED  Chapter 4: Section 4.5 (Movement of substances across) | Structure of Xylem Vessels
  p191/658  SAVED  Chapter 7: Transport in plants | Movement of water across the root from root hairs to xylem
  p192/658  SAVED  Chapter 4: Movement of substances across cell membranes | Apoplast and symplast pathways for water movement in roots
  p193/658  SAVED  Chapter 7: Transport in Plants | Movement of water from the soil into root hairs
  p194/658  SAVED  Chapter 7: Transport in plants | 7.5 Transport of assimilates
  p195/658  SAVED  Chapter 7: Transport in plants | Sieve tube elements and companion cells
  p196/658  SAVED  Chapter 7: Transport in Plants | Structure of Phloem
  p197/658  SAVED  Chapter 7: Transport in plants | Phloem Transport: Composition and Mass Flow
  p198/658  SAVED  Chapter 4: Movement of Substances Across Membranes | Section 4.5: Movement of Substances Across Membranes (Water Vapour and Solutes)
  p199/658  SAVED  Chapter 7: Transport in Plants | Phloem Transport and Sieve Tube Elements
  p200/658  SKIP  Page is a reflection/review section with comparison tables and personal reflection questions, not new teachable content.
  p201/658  SAVED  Chapter 7: Transport in plants | Summary
  p202/658  SAVED  Chapter 7: Transport in Plants | Water Transport and Pressure
  p203/658  SAVED  Chapter 7: Transport in plants | Factors affecting transpiration and xylem tension
  p204/658  SAVED  Chapter 7: Transport in Plants | Transpiration and Water Uptake
  p205/658  SKIP  Page is a self-evaluation checklist, not a teaching unit.
  p206/658  SKIP  Page only contains learning intentions, no explanatory content.
  p207/658  SKIP  Page contains introductory activities and a case study about artificial hearts, but no core A-Level biology concept explanation.
  p208/658  SAVED  Chapter 8: Transport in animals | 8.1 Transport systems in animals
  p209/658  SAVED  Chapter 8: Transport in mammals | 8.3 Blood vessels
  p210/658  SAVED  Chapter 8: Transport in Mammals | Structure of arteries, capillaries, and veins
  p211/658  SAVED  Chapter 8: Transport in mammals | Blood vessels
  p212/658  SAVED  Chapter 8: Transport in Mammals | Capillaries: structure and function
  p213/658  SAVED  Chapter 8: Transport in mammals | Blood vessels and circulation
  p214/658  SAVED  Chapter 8: Transport in Mammals | 8.4 Tissue fluid
  p215/658  SAVED  Chapter 8: Transport in mammals | Tissue fluid formation and reabsorption
  p216/658  SAVED  Chapter 8: Transport in Mammals | Tissue fluid and capillary permeability
  p217/658  SAVED  Chapter 8: Transport in mammals | Red blood cells
  p218/658  SAVED  Chapter 11: Section 11.2 (Cells of the immune system) | White blood cells
  p219/658  SAVED  Chapter 8: Transport in mammals | Haemoglobin and oxygen transport
  p220/658  SAVED  Chapter 2: Biological molecules | Haemoglobin and oxygen transport
  p221/658  SAVED  Chapter 8: Transport in mammals | Bohr shift and carbon dioxide transport
  p222/658  SAVED  Chapter 2: (Section 2.6, Proteins) | 
  p223/658  SAVED  Chapter 8: Transport in mammals | Carbon dioxide transport in the blood
  p224/658  SAVED  Chapter 15: Heart Structure and Function | Key Words and Heart Chamber Overview
  p225/658  SAVED  Chapter 8: Transport in mammals | The cardiac cycle
  p226/658  SAVED  Chapter 15: The Mammalian Heart | 
  p227/658  SAVED  Chapter 15: Transport in mammals | The cardiac cycle
  p228/658  SAVED  Chapter 15: The Heart | Control of heartbeat
  p229/658  SAVED  Chapter 8: Transport in mammals | Control of heart beat
  p230/658  SAVED  Chapter 8: Transport in Mammals | 
  p231/658  SAVED  Chapter 8: Transport in mammals | 
  p232/658  SKIP  Page contains only exam-style questions, no explanatory content.
  p233/658  SAVED  Chapter 8: Transport in mammals | 
  p234/658  SAVED  Chapter 8: Transport in Mammals | The cardiac cycle and pressure changes
  p235/658  SAVED  Chapter 8: Transport in mammals | The Cardiac Cycle
  p236/658  SKIP  Page contains only a past exam question and a self-evaluation checklist, no new teachable content.
  p237/658  SAVED  Chapter 9: Gas Exchange | 
  p238/658  SAVED  Chapter 9: Gas Exchange | Examining the airways
  p239/658  SAVED  Chapter 9: Gas exchange | 9.2 Lungs
  p240/658  SAVED  Chapter 9: The respiratory system | 9.3 Trachea, bronchi and bronchioles
  p241/658  SAVED  Chapter 9: Gas exchange | Structure of the airways
  p242/658  SAVED  Chapter 9: The Mammalian Gas Exchange System | Structure of the airways
  p243/658  SAVED  Chapter 9: Gas Exchange | Structure of the trachea epithelium and gas exchange in alveoli
  p244/658  SAVED  Chapter 9: Gas exchange | Gas exchange in the alveoli
  p245/658  SKIP  Page contains only practical instructions and reflection questions, no new biological concepts or explanations.
  p246/658  SAVED  Chapter 9: Gas Exchange | The mammalian gas exchange system
  p247/658  SAVED  Chapter 9: Gas exchange | Alveoli
  p248/658  SKIP  Page contains only exam-style questions, no explanatory content.
  p249/658  SAVED  Chapter 9: Gas exchange | 
  p250/658  SKIP  Page contains only learning intentions, no explanatory content.
  p251/658  SAVED  Chapter 10: Infectious disease | Malaria
  p252/658  SAVED  Chapter 10: Infectious Diseases | 10.1 Infectious diseases
  p253/658  SAVED  Chapter 10: Infectious Disease | 10.1 Pathogens and Epidemiology
  p254/658  SAVED  Chapter 10: Infectious Disease | Cholera
  p255/658  SAVED  Chapter 10: Infectious disease | Malaria
  p256/658  SAVED  Chapter 10: Infectious Disease | Malaria
  p257/658  SAVED  Chapter 10: Infectious disease | Treating malaria
  p258/658  SAVED  Chapter 10: Infectious Diseases | Control of Malaria
  p259/658  SAVED  Chapter 10: Infectious disease | HIV/AIDS
  p260/658  SAVED  Chapter 1: (Section 1.9, Viruses) | Human Immunodeficiency Virus (HIV)
  p261/658  SAVED  Chapter 1: Cell Structure and Organisation | Section 1.9: Viruses
  p262/658  SAVED  Chapter 1: Cell Structure | Section 1.9: Viruses
  p263/658  SAVED  Chapter 10: Infectious Disease | Mother-to-child transmission of HIV
  p264/658  SAVED  Chapter 10: Infectious Diseases | Bacterial diseases: Tuberculosis
  p265/658  SAVED  Chapter 10: Infectious disease | Transmission of TB
  p266/658  SAVED  Chapter 1: Viruses | Section 1.9: Viruses
  p267/658  SAVED  Chapter 10: Infectious disease | 10.2 Antibiotics
  p268/658  SAVED  Chapter 17: (Section 17.2) | Antibiotic Resistance Mechanisms
  p269/658  SAVED  Chapter 17: Infectious disease | Section 17.2: Antibiotic resistance
  p270/658  SAVED  Chapter 10: Antibiotic Resistance and Sensitivity Testing | Antibiotic sensitivity testing
  p271/658  SAVED  Chapter 10: Infectious disease | Summary
  p272/658  SAVED  Chapter 10: Infectious Diseases | Antibiotic resistance
  p273/658  SAVED  Chapter 10: Infectious disease | HIV/AIDS epidemiology and data analysis
  p274/658  SKIP  Page contains only exam questions, no explanatory content.
  p275/658  SAVED  Chapter 10: Infectious disease | Epidemiology of Cholera and Tuberculosis
  p276/658  SAVED  Chapter 10: Infectious Disease | Antibiotic resistance
  p277/658  SAVED  Chapter 10: Infectious Disease | Antibiotic Susceptibility Testing
  p278/658  SKIP  Page contains only a self-evaluation checklist, no teachable content.
  p279/658  SKIP  Page contains only learning intentions, no teachable content.
  p280/658  SKIP  The page is a 'Before you start' section listing prerequisite topics and a brief historical context about polio vaccination, but contains no direct teaching content on immunity.
  p281/658  SAVED  Chapter 11: Immunity | Internal defence system
  p282/658  SAVED  Chapter 10: Humans can defend themselves against infection | 11.2 Cells of the immune system
  p283/658  SAVED  Chapter 10: Humans can defend themselves against infection | Phagocytosis
  p284/658  SAVED  Chapter 10: Humans can defend themselves against infection by pathogens | Phagocytosis and the immune response
  p285/658  SAVED  Chapter 10: humans can defend themselves against infection | Immunity
  p286/658  SAVED  Chapter 10: Humans can defend themselves against infection | B-lymphocytes and the immune response
  p287/658  SAVED  Chapter 11: Immunity | B cells and antibodies
  p288/658  SKIP  Page consists of review questions only, no explanatory content suitable for teaching.
  p289/658  SAVED  Chapter 10: humans can defend themselves against infection | 11 Immunity
  p290/658  SAVED  Chapter 10: humans can defend themselves against infection | 
  p291/658  SAVED  Chapter 11: Immunity | 11.3 Active and passive immunity
  p292/658  SAVED  Chapter 11: Immunity | Natural passive immunity
  p293/658  SAVED  Chapter 11: Immunity | Vaccines
  p294/658  SAVED  Chapter 11: Immunity | Vaccination and Herd Immunity
  p295/658  SAVED  Chapter 11: Immunity | Using monoclonal antibodies in diagnosis
  p296/658  SAVED  Chapter 4: Cell | Monoclonal antibodies in diagnosis and treatment
  p297/658  SAVED  Chapter 11: Immunity | Monoclonal antibodies (Mabs) in therapy and diagnosis
  p298/658  SAVED  Chapter 11: Immunity | Summary
  p299/658  SKIP  Page contains only exam-style questions, no explanatory content for a teaching unit.
  p300/658  SAVED  Chapter 11: Immunity | Monoclonal antibodies
  p301/658  SAVED  Chapter 11: Immunity | Phagocytosis
  p302/658  SKIP  The extracted text contains only exam-style questions, not explanatory content suitable for structuring into a teaching unit.
  p303/658  SAVED  Chapter 11: Immunity | Antibodies and Monoclonal Antibodies
  p304/658  SKIP  Page contains only a self-evaluation checklist with learning objectives, not explanatory content for a teaching unit.
  p305/658  SAVED  Chapter 11: Practical Skills for AS Level | 
  p306/658  SAVED  Chapter 11: Practical skills | P1.1 Practical skills
  p307/658  SAVED  Chapter 11: Practical Skills in Biology | Variables in Enzyme Experiments
  p308/658  SAVED  Chapter 11: Enzymes | Measuring the dependent variable
  p309/658  SAVED  Chapter 11: Practical Skills for AS Level | Using a colorimeter
  p310/658  SAVED  Chapter 11: Practical Skills | Controlling Temperature in Experiments
  p311/658  SAVED  Chapter 11: Practical Skills for AS Level | Measurement and Accuracy
  p312/658  SAVED  Chapter 11: Practical Skills | P1.4 Recording quantitative results
  p313/658  SAVED  Chapter 11: Practical skills for AS Level | P1.5 Displaying data
  p314/658  SAVED  Chapter 11: Data Presentation and Analysis | Constructing Bar Charts and Histograms
  p315/658  SAVED  Chapter 11: Practical Skills for AS Level | P1.6 Making conclusions
  p316/658  SAVED  Chapter 11: Biodiversity, Classification, and Conservation | Describing data
  p317/658  SAVED  Chapter 11: Practical Skills | Identifying sources of error and suggesting improvements
  p318/658  SAVED  Chapter 11: Practical Skills and Techniques | 
  p319/658  SAVED  Chapter P1: Practical skills for AS Level | Experimental design and variables
  p320/658  SAVED  Chapter 11: Practical Skills | Experimental Techniques and Data Analysis
  p321/658  SAVED  Chapter 11: Transport in Plants | Practical Skills: Drawing Low-Power Plans of Plant Sections
  p322/658  SAVED  Chapter 11: Transport in Plants | Practical: Estimating Lignified Tissue in Roots and Stems
  p323/658  SKIP  The page contains only an exam-style question and a self-evaluation checklist, with no explanatory teaching content or conceptual summary to structure.
  p324/658  SAVED  Chapter 12: Energy and respiration | 
  p325/658  SAVED  Chapter 12: Energy and respiration | 
  p326/658  SAVED  Chapter 12: Energy and Respiration | 12.1 The need for energy in living organisms
  p327/658  SAVED  Chapter 12: Energy and respiration | 12.2 Aerobic respiration
  p328/658  SAVED  Chapter 6: Respiration | Glycolysis
  p329/658  SAVED  Chapter 12: Energy and respiration | The Krebs cycle (citric acid cycle)
  p330/658  SAVED  Chapter 6: Respiration | The link reaction and the Krebs cycle
  p331/658  SAVED  Chapter 12: Energy and respiration | The electron transport chain
  p332/658  SAVED  Chapter 6: you learnt about the structure of ATP | Oxidative phosphorylation and chemiosmosis
  p333/658  SAVED  Chapter 12: Energy and respiration | Mitochondrial structure and function
  p334/658  SAVED  Chapter 6: ATP and Respiration | Structure of the mitochondrion
  p335/658  SAVED  Chapter 12: Energy and respiration | Anaerobic respiration
  p336/658  SAVED  Chapter 12: Respiration | 12.5 Respiratory substrates
  p337/658  SAVED  Chapter 12: Energy and respiration | Respiratory quotients
  p338/658  SAVED  Chapter 12: Respiration (Practical Activity 12.1) | Practical Activity 12.1: Measuring oxygen uptake and calculating RQs
  p339/658  SAVED  Chapter 12: Energy and respiration | Measuring respiratory quotient and rate of respiration
  p340/658  SKIP  Page is a chapter summary and review, not a new teaching subtopic.
  p341/658  SAVED  Chapter 12: Energy and respiration | Respiratory Quotient
  p342/658  SAVED  Chapter 12: Respiration | Krebs Cycle
  p343/658  SKIP  Page contains only a self-evaluation checklist, no teachable content.
  p344/658  SKIP  Page contains only learning intentions for Chapter 13: Photosynthesis, not specific teachable content.
  p345/658  SKIP  Page contains introductory activity and discussion questions, not a core teaching unit on photosynthesis.
  p346/658  SAVED  Chapter 13: Photosynthesis | 13.1 An energy transfer process
  p347/658  SAVED  Chapter 13: Photosynthesis | 13.2 Structure and function of chloroplasts
  p348/658  SAVED  Chapter 12: you learnt how all organisms use ATP Review | 
  p349/658  SAVED  Chapter 13: Photosynthesis | Absorption spectra and chloroplast pigments
  p350/658  SAVED  Chapter 12: you learnt how all organisms use ATP | Action spectra
  p351/658  SAVED  Chapter 13: Photosynthesis | Cyclic photophosphorylation
  p352/658  SAVED  Chapter 13: Photosynthesis | Non-cyclic Photophosphorylation
  p353/658  SAVED  Chapter 13: Photosynthesis | 13.4 The light-independent stage of photosynthesis
  p354/658  SAVED  Chapter 13: Photosynthesis | 13.5 Limiting factors in photosynthesis
  p355/658  SAVED  Chapter 13: Photosynthesis | 
  p356/658  SAVED  Chapter 13: Photosynthesis | Limiting factors of photosynthesis
  p357/658  SAVED  Chapter 13: Photosynthesis | Practical Activity 13.3: Using a redox indicator to determine effect of light intensity and light wavelength on the rate of photosynthesis
  p358/658  SAVED  Chapter 13: Photosynthesis | Summary
  p359/658  SKIP  Page contains only exam-style questions and a partial table; no explanatory teaching content.
  p360/658  SKIP  Page contains only a self-evaluation checklist, not teachable content.
  p361/658  SAVED  Chapter 14: Homeostasis | 
  p362/658  SKIP  Page contains only learning objectives and introductory discussion prompts, no detailed biological explanation or worked example.
  p363/658  SAVED  Chapter 14: Homeostasis | 14.1 Homeostasis
  p364/658  SAVED  Chapter 8: to remind | 
  p365/658  SAVED  Chapter 8: Homeostasis | Excretion
  p366/658  SAVED  Chapter 8: Excretion and the Kidneys | Kidney structure
  p367/658  SAVED  Chapter 14: Homeostasis | Structure of the kidney and nephron
  p368/658  SAVED  Chapter 8: Excretion and the kidney | Structure of a nephron
  p369/658  SAVED  Chapter 14: Homeostasis | Ultrafiltration
  p370/658  SAVED  Chapter 8: To Remind | Ultrafiltration in the Glomerulus
  p371/658  SAVED  Chapter 14: Homeostasis | Reabsorption in the nephron
  p372/658  SAVED  Chapter 8: The Kidney | 
  p373/658  SAVED  Chapter 4: Homeostasis | Reabsorption in the distal convoluted tubule and collecting duct
  p374/658  SAVED  Chapter 14: Homeostasis | 14.3 Control of water content
  p375/658  SAVED  Chapter 14: Homeostasis | Osmoregulation and the role of ADH
  p376/658  SAVED  Chapter 4: Cell signalling | Section 4.4: Cell signalling ? ADH and water reabsorption
  p377/658  SAVED  Chapter 14: Homeostasis | Control of blood water potential
  p378/658  SAVED  Chapter 14: Homeostasis | 14.4 The control of blood glucose
  p379/658  SAVED  Chapter 14: Homeostasis | Negative feedback control of blood glucose concentration
  p380/658  SAVED  Chapter 4: Cell Membranes and Signalling | Control of Blood Glucose Concentration
  p381/658  SAVED  Chapter 14: Homeostasis | Control of blood glucose concentration
  p382/658  SAVED  Chapter 4: Homeostasis and the Control of Blood Glucose | Control of blood glucose concentration
  p383/658  SAVED  Chapter 14: Homeostasis | 14.2 Control of blood glucose concentration
  p384/658  SAVED  Chapter 14: Control and Coordination | Biosensors
  p385/658  SAVED  Chapter 14: Homeostasis | 14.5 Homeostasis in plants
  p386/658  SAVED  Chapter 14: Transport in Plants | Opening and closing of stomata
  p387/658  SAVED  Chapter 14: Homeostasis | Stomatal aperture regulation
  p388/658  SAVED  Chapter 14: Transport in Plants | Stomatal Opening and Closing
  p389/658  SAVED  Chapter 14: Homeostasis | Stomatal closure and abscisic acid
  p390/658  SAVED  Chapter 1: to make large, labelled diagrams | 
  p391/658  SAVED  Chapter 14: Homeostasis | Control of Blood Glucose Concentration
  p392/658  SAVED  Chapter 1: to make large, labelled diagrams | 
  p393/658  SKIP  Page contains only exam-style questions and copyright artifacts, no explanatory content.
  p394/658  SKIP  Page contains only exam-style review questions, no concept explanation or teaching content.
  p395/658  SAVED  Chapter 1: to make large, labelled diagrams | Homeostasis
  p396/658  SAVED  Chapter 1: to make large, labelled diagrams | Control of blood glucose
  p397/658  SAVED  Chapter 14: Homeostasis | Control of Blood Glucose
  p398/658  SAVED  Chapter 1: to make large, labelled diagrams | Abscisic acid (ABA) and its behaviour in chloroplasts
  p399/658  SKIP  Page contains only a self-evaluation checklist, no teachable content.
  p400/658  SKIP  Page contains only learning intentions, no teachable content.
  p401/658  SKIP  Page contains only learning objectives, a review activity, and a non-syllabus psychology discussion; no teachable content for A Level Biology.
  p402/658  SAVED  Chapter 14: Communication and Coordination | 
  p403/658  SAVED  Chapter 15: Control and coordination | 15.2 Nervous communication
  p404/658  SAVED  Chapter 14: About | Motor Neurones
  p405/658  SAVED  Chapter 15: Control and coordination | 
  p406/658  SAVED  Chapter 14: Coordination | How neurones work together
  p407/658  SAVED  Chapter 15: Control and coordination | Resting potential
  p408/658  SAVED  Chapter 4: The Phospholipid Bilayer and Hydrolysis of ATP | Measuring the Resting Potential
  p409/658  SAVED  Chapter 15: Control and coordination | Action potentials and voltage-gated channels
  p410/658  SAVED  Chapter 4: that the phospholipid bilayer hasReview hydrolysis of ATP | Action potentials
  p411/658  SAVED  Chapter 15: Control and coordination | How action potentials carry information
  p412/658  SAVED  Chapter 15: Control and Coordination | 
  p413/658  SAVED  Chapter 15: Control and coordination | Transmission of action potentials in myelinated axons
  p414/658  SAVED  Chapter 15: Receptors | Types of Receptors and Taste Buds
  p415/658  SAVED  Chapter 15: Control and coordination | Sensory receptors and the all-or-none law
  p416/658  SAVED  Chapter 4: Cell membranes and transport | Receptor potential and impulse generation
  p417/658  SAVED  Chapter 15: Control and Coordination | Synaptic Transmission
  p418/658  SAVED  Chapter 4: Cell Membranes and Transport | Synaptic Transmission
  p419/658  SAVED  Chapter 15: Control and coordination | Synapses and the neuromuscular junction
  p420/658  SAVED  Chapter 15: Coordination and Muscle | Synaptic Integration and Smooth Muscle
  p421/658  SAVED  Chapter 15: Control and coordination | Types of muscle
  p422/658  SAVED  Chapter 15: Control and coordination | Muscle structure and ultrastructure
  p423/658  SAVED  Chapter 15: Control and coordination | Muscle contraction: sarcomere structure
  p424/658  SAVED  Chapter 15: Muscle Contraction | Structure of Thick and Thin Filaments
  p425/658  SAVED  Chapter 15: Control and coordination | Sliding filament model of muscle contraction
  p426/658  SAVED  Chapter 15: Nervous coordination and muscle contraction | The sliding filament model
  p427/658  SAVED  Chapter 12: Plants | 15.4 Control and coordination
  p428/658  SAVED  Chapter 12: Plants | Adaptations for Nutrition: Carnivorous Plants
  p429/658  SAVED  Chapter 15: Control and Coordination | Chemical Communication in Plants
  p430/658  SAVED  Chapter 16: Section 16.7 - Genes, proteins and phenotype | 
  p431/658  SAVED  Chapter 16: Genes, proteins | Gibberellin action in barley seeds
  p432/658  SKIP  Page contains summary and reflection prompts, no new teachable content.
  p433/658  SAVED  Chapter 15: Control and coordination | 
  p434/658  SAVED  Chapter 15: Homeostasis | Hormonal control of blood glucose and water balance
  p435/658  SAVED  Chapter 15: Control and coordination | Myelinated neurones and sensory receptors
  p436/658  SAVED  Chapter 15: Control and Coordination | Sensory Reception: Pacinian Corpuscle
  p437/658  SAVED  Chapter 15: Control and coordination | Cholinergic synapses
  p438/658  SAVED  Chapter 15: Muscle Contraction | Sarcomere Structure and the Sliding Filament Mechanism
  p439/658  SAVED  Chapter 15: Control and coordination | Plant growth regulators
  p440/658  SKIP  The page contains only a self-evaluation checklist of learning objectives, not explanatory content that can be structured into a teaching unit.
  p441/658  SKIP  Page contains only learning intentions, not teachable content.
  p442/658  SAVED  Chapter 16: Genetics and Inheritance | 
  p443/658  SAVED  Chapter 16: Inheritance | Haploid and diploid cells
  p444/658  SAVED  Chapter 16: Sexual Reproduction and Meiosis | Meiosis I: Prophase I - Bivalent Formation and Crossing Over
  p445/658  SAVED  Chapter 5: Mitosis and Meiosis | Meiosis I
  p446/658  SAVED  Chapter 16: Meiosis | Meiosis I and II Overview
  p447/658  SAVED  Chapter 16: Inheritance | 16.2 The production of genetic variation
  p448/658  SAVED  Chapter 5: Meiosis and Genetic Variation | Genetic variation arising from crossing over
  p449/658  SAVED  Chapter 16: Inheritance | Genetic variation from independent assortment and random fertilisation
  p450/658  SAVED  Chapter 16: Inheritance | Sources of genetic variation
  p451/658  SAVED  Chapter 16: Inheritance | 16.4 Monohybrid inheritance and genetic diagrams
  p452/658  SAVED  Chapter 5: Mitosis and Genetic Continuity | Genetic Diagrams for Monohybrid Crosses
  p453/658  SAVED  Chapter 16: Inheritance | Monohybrid Crosses and Genetic Diagrams
  p454/658  SAVED  Chapter 16: Inherited Change | Sex-linkage
  p455/658  SAVED  Chapter 16: Inheritance | Sex-linked inheritance
  p456/658  SAVED  Chapter 5: Genetic inheritance | Dihybrid inheritance
  p457/658  SAVED  Chapter 16: Inheritance | Dihybrid Inheritance
  p458/658  SAVED  Chapter 5: Genetic Inheritance | Dihybrid Crosses
  p459/658  SAVED  Chapter 16: Inheritance | Epistasis
  p460/658  SAVED  Chapter 5: Mitosis | Genetic Diagrams for Linked Genes
  p461/658  SAVED  Chapter 16: Inheritance | Autosomal linkage and crossing over
  p462/658  SAVED  Chapter 5: Mitosis and Genetic Inheritance | Genetic Linkage and Crossing Over
  p463/658  SAVED  Chapter 16: Inheritance | Dihybrid inheritance and test crosses
  p464/658  SAVED  Chapter 16: Inheritance | The chi-squared test
  p465/658  SAVED  Chapter 16: Inheritance | The chi-squared (?2) test
  p466/658  SAVED  Chapter 16: Inheritance and Genetic Diseases | Genetic disorders resulting from gene mutations
  p467/658  SAVED  Chapter 16: Inheritance | 16.8 Control of gene expression
  p468/658  SAVED  Chapter 5: Mitosis and Cell Division | Gene Regulation in Prokaryotes
  p469/658  SAVED  Chapter 16: Inheritance | The lac operon and transcription factors
  p470/658  SAVED  Chapter 16: Control and regulation | Transcription factors and hormone action in plants
  p471/658  SAVED  Chapter 16: Inheritance | 
  p472/658  SKIP  Page is a review summary and exam-style questions, no new concept to teach.
  p473/658  SAVED  Chapter 16: Inheritance | Dihybrid inheritance and chi-squared test
  p474/658  SAVED  Chapter 16: Review | Chi-squared test
  p475/658  SKIP  Page contains only exam-style questions, no explanatory content suitable for a teaching unit.
  p476/658  SKIP  Page contains only a self-evaluation checklist with learning objectives, no explanatory content to teach a concept.
  p477/658  SKIP  Page contains only learning intentions, no teachable content.
  p478/658  SAVED  Chapter 17: Selection and Evolution | Coevolution
  p479/658  SAVED  Chapter 17: Selection and evolution | 17.1 Variation
  p480/658  SAVED  Chapter 17: Variation | The genetic basis of continuous and discontinuous variation
  p481/658  SAVED  Chapter 17: Selection and evolution | Types of variation
  p482/658  SAVED  Chapter 16: Inheritance and Variation | Polygenic Inheritance and Continuous Variation
  p483/658  SAVED  Chapter 17: Selection and evolution | 17.2 Natural selection
  p484/658  SAVED  Chapter 16: Selection and Evolution | Selection pressures and survival
  p485/658  SAVED  Chapter 17: Selection and Evolution | Types of selection
  p486/658  SAVED  Chapter 10: Natural Selection | Types of selection and mutation
  p487/658  SAVED  Chapter 17: Selection and evolution | Antibiotic resistance in bacteria
  p488/658  SAVED  Chapter 17: Evolution | 17.3 Genetic drift and the founder effect
  p489/658  SAVED  Chapter 10: Selection and Evolution | Selection and evolution
  p490/658  SAVED  Chapter 10: (Section 10.2) | Genetic drift: founder effect and bottleneck effect
  p491/658  SAVED  Chapter 10: Selection and evolution | Hardy?Weinberg principle
  p492/658  SAVED  Chapter 10: Section 10.2 (Artificial Selection) | Artificial Selection
  p493/658  SAVED  Chapter 17: Selection and evolution | Inbreeding and hybridisation in maize
  p494/658  SAVED  Chapter 10: Inheritance and Variation | 10.2 Outbreeding and hybrid vigour
  p495/658  SAVED  Chapter 10: Selection and Evolution | Artificial Selection
  p496/658  SAVED  Chapter 18: Classification | 18.1 Classification
  p497/658  SAVED  Chapter 18: Classification (Section 18.1) | Speciation and Reproductive Isolation
  p498/658  SAVED  Chapter 18: Classification | Section 18.1: Speciation
  p499/658  SAVED  Chapter 17: Selection and Evolution | 
  p500/658  SAVED  Chapter 18: Classification | Classification
  p501/658  SAVED  Chapter 18: Classification | Section 18.1: Classification
  p502/658  SAVED  Chapter 17: Selection and Evolution | Summary
  p503/658  SAVED  Chapter 17: Selection and evolution | 
  p504/658  SAVED  Chapter 17: Selection and Evolution | Comparing Artificial and Natural Selection
  p505/658  SAVED  Chapter 17: Selection and evolution | Artificial selection
  p506/658  SKIP  Page contains only assessment questions, no explanatory content to structure as a teaching unit.
  p507/658  SAVED  Chapter 17: Selection and evolution | Speciation
  p508/658  SKIP  Page contains only self-evaluation checklist, no new teaching content.
  p509/658  SKIP  Page contains only learning intentions, no explanatory content.
  p510/658  SAVED  Chapter 18: Biodiversity and Conservation | 
  p511/658  SAVED  Chapter 18: Classification, biodiversity and conservation | The species concept
  p512/658  SAVED  Chapter 18: Classification | Principles of Classification
  p513/658  SAVED  Chapter 18: Classification, biodiversity and conservation | Three domains
  p514/658  SAVED  Chapter 18: Classification and Biodiversity | Prokaryotes: Bacteria and Archaea
  p515/658  SAVED  Chapter 18: Classification, biodiversity and conservation | Kingdom Protoctista
  p516/658  SAVED  Chapter 18: Classification and Biodiversity | Kingdom Fungi
  p517/658  SAVED  Chapter 18: Classification, biodiversity and conservation | Kingdom Plantae
  p518/658  SAVED  Chapter 18: Classification | Kingdom Animalia
  p519/658  SAVED  Chapter 19: Genetic Technology | Viruses
  p520/658  SAVED  Chapter 19: Genetic control | Classification of viruses
  p521/658  SAVED  Chapter 18: Classification, biodiversity and conservation | 18.2 Biodiversity
  p522/658  SAVED  Chapter 19: Ecosystems and Energy | Species diversity
  p523/658  SAVED  Chapter 18: Classification, biodiversity and conservation | Genetic diversity
  p524/658  SAVED  Chapter 18: Biodiversity, classification and conservation | Assessing species diversity
  p525/658  SAVED  Chapter 18: Classification, biodiversity and conservation | Random sampling using quadrats
  p526/658  SAVED  Chapter 19: Populations and ecosystems | Measuring species abundance
  p527/658  SAVED  Chapter 18: Classification, biodiversity and conservation | Sampling techniques: quadrats and mark-release-recapture
  p528/658  SAVED  Chapter 19: Biodiversity and Conservation | Simpson's index of diversity
  p529/658  SAVED  Chapter 18: Classification, biodiversity and conservation | Biodiversity
  p530/658  SAVED  Chapter 18: Biodiversity, classification and conservation | Sampling with transects
  p531/658  SAVED  Chapter 18: Classification, biodiversity and conservation | Sampling and abundance
  p532/658  SAVED  Chapter 19: Biodiversity and Conservation | Simpson's Index of Diversity
  p533/658  SAVED  Chapter 18: Classification, biodiversity and conservation | Spearman's rank correlation
  p534/658  SAVED  Chapter 19: Data Analysis | Spearman's Rank Correlation Coefficient
  p535/658  SAVED  Chapter 18: Classification, biodiversity and conservation | 18.3 Maintaining biodiversity
  p536/658  SAVED  Chapter 19: Biodiversity | Reasons for maintaining biodiversity
  p537/658  SAVED  Chapter 18: Classification, biodiversity and conservation | 
  p538/658  SAVED  Chapter 19: Genetic Technology | 18.4 Protecting endangered species
  p539/658  SAVED  Chapter 18: Classification, biodiversity and conservation | Management of national parks and zoos
  p540/658  SAVED  Chapter 19: Biodiversity and conservation | Captive breeding and reintroduction
  p541/658  SAVED  Chapter 18: Classification, biodiversity and conservation | Ex situ conservation of animals
  p542/658  SAVED  Chapter 19: Biodiversity and Conservation | Seed banks
  p543/658  SAVED  Chapter 18: Classification, biodiversity and conservation | Seed banks and ex situ conservation
  p544/658  SAVED  Chapter 18: Biodiversity and Conservation | 18.5 Controlling alien species
  p545/658  SAVED  Chapter 18: Classification, biodiversity and conservation | 18.6 International conservation
  p546/658  SAVED  Chapter 18: Biodiversity and Conservation | CITES
  p547/658  SAVED  Chapter 18: Classification, biodiversity and conservation | Summary
  p548/658  SAVED  Chapter 18: Biodiversity and Conservation | Conservation strategies
  p549/658  SAVED  Chapter 18: Classification, biodiversity and conservation | Estimating plant abundance using quadrats
  p550/658  SAVED  Chapter 18: Ecology and Biodiversity | Practical investigation: Spearman's rank correlation
  p551/658  SAVED  Chapter 18: Classification, biodiversity and conservation | Indicator Species and Statistical Correlation
  p552/658  SAVED  Chapter 18: Biodiversity and Classification | Sampling techniques and data analysis
  p553/658  SKIP  Page contains only exam-style questions, no explanatory content.
  p554/658  SKIP  Page contains exam questions only, no explanatory content.
  p555/658  SKIP  Page contains a self-evaluation checklist, not explanatory content.
  p556/658  SKIP  Page contains only chapter learning intentions, no specific concept explanation.
  p557/658  SAVED  Chapter 19: Genetic technology | Fighting crime with DNA
  p558/658  SAVED  Chapter 19: Genetic Technology | 19.1 Genetic engineering
  p559/658  SAVED  Chapter 19: Genetic technology | 19.2 Tools for the gene technologist
  p560/658  SAVED  Chapter 19: Genetic Technology | Restriction Endonucleases
  p561/658  SAVED  Chapter 19: Genetic technology | cDNA synthesis
  p562/658  SAVED  Chapter 19: Genetic Technology | Plasmids as vectors
  p563/658  SAVED  Chapter 19: Genetic technology | Identifying bacteria with recombinant DNA
  p564/658  SAVED  Chapter 19: Genetic Technology | Isolation of human gene and preparation of vector
  p565/658  SAVED  Chapter 19: Genetic technology | Genetic markers
  p566/658  SAVED  Chapter 16: Genetic Technology | Recombinant DNA Technology
  p567/658  SAVED  Chapter 16: Genetic Technology | CRISPR/Cas9 Gene Editing
  p568/658  SAVED  Chapter 16: H | Crispr/Cas9
  p569/658  SAVED  Chapter 19: Genetic technology | 19.4 Separating and amplifying DNA
  p570/658  SAVED  Chapter 16: H | Polymerase Chain Reaction (PCR)
  p571/658  SAVED  Chapter 19: Genetic technology | Gel electrophoresis
  p572/658  SAVED  Chapter 16: H | Genetic Profiling
  p573/658  SAVED  Chapter 19: Genetic technology | DNA profiling: minisatellites and short tandem repeats
  p574/658  SAVED  Chapter 16: DNA Analysis and Microarrays | Microarrays
  p575/658  SAVED  Chapter 19: Genetic technology | Microarrays
  p576/658  SAVED  Chapter 16: Gene Expression and Microarray Technology | Investigating gene expression using microarrays
  p577/658  SAVED  Chapter 19: Genetic Technology | 
  p578/658  SAVED  Chapter 16: Genetic Technology | 19.6 Genetic technology and medicine
  p579/658  SAVED  Chapter 19: Genetic technology | Gene mutations in cystic fibrosis
  p580/658  SAVED  Chapter 19: Genetic Technology | Prenatal diagnosis and genetic screening
  p581/658  SAVED  Chapter 19: Genetic technology | 
  p582/658  SAVED  Chapter 16: Gene Technology | Gene therapy for ADA-SCID
  p583/658  SAVED  Chapter 16: Genetic Technology | Gene Therapy and Pre-implantation Genetic Diagnosis
  p584/658  SAVED  Chapter 19: Genetic Technology | 19.6 Gene therapy and its limits
  p585/658  SAVED  Chapter 19: Genetic Technology | Insect-resistant crops
  p586/658  SAVED  Chapter 19: Genetic Technology | Genetically Modified Animals for Food Production
  p587/658  SAVED  Chapter 19: Genetic technology | 
  p588/658  SAVED  Chapter 19: Genetic Technology | Summary
  p589/658  SAVED  Chapter 19: Genetic technology | 
  p590/658  SKIP  Page contains only exam-style questions without explanatory content or teaching material.
  p591/658  SAVED  Chapter 19: Genetic technology | 
  p592/658  SAVED  Chapter 19: Selection and Evolution | Evolution of insecticide resistance
  p593/658  SAVED  Chapter 19: Genetic technology | Genetic engineering of plants
  p594/658  SKIP  Page contains only practice questions and a self-evaluation checklist, no explanatory content to structure into a teaching unit.
  p595/658  SAVED  Chapter 19: Practical Skills for A Level | Learning Intentions: Planning Investigations
  p596/658  SKIP  Page contains only learning objectives and syllabus references, with no detailed explanation of a specific biological concept or worked example.
  p597/658  SAVED  Chapter 19: Practical Skills for A Level Biology | Formulating Hypotheses and Predictions
  p598/658  SAVED  Chapter 19: Experimental Design and Quantitative Methods | 
  p599/658  SAVED  Chapter 19: Practical Skills for A Level | Determining the dependent variable and identifying types of data
  p600/658  SAVED  Chapter 19: Genetic Technology | P2.5 Describing the data
  p601/658  SAVED  Chapter 19: Practical Skills for A Level | P2.7 Recording and displaying results
  p602/658  SAVED  Chapter 19: Data analysis and statistics | Normal distribution and standard deviation
  p603/658  SAVED  Chapter 19: Practical Skills for A Level | Standard Deviation
  p604/658  SAVED  Chapter 19: Genetic Technology | Calculating Standard Deviation
  p605/658  SAVED  Chapter 19: Practical Skills for A Level | Standard Error and Confidence Intervals
  p606/658  SAVED  Chapter 19: Statistical Analysis | 
  p607/658  SAVED  Chapter 19: Practical Skills for A Level | The t-test in biological data analysis
  p608/658  SAVED  Chapter 16: (Section) | 
  p609/658  SAVED  Chapter 16: Statistical Analysis in Biology | Practical skills for A Level: Pearson's Linear Correlation
  p610/658  SAVED  Chapter 16: Correlation and Sampling | Correlation Coefficients in Ecology
  p611/658  SAVED  Chapter 16: Practical Skills for A Level | Spearman's rank correlation coefficient
  p612/658  SAVED  Chapter 16: Data Analysis and Statistics | 
  p613/658  SAVED  Chapter 16: Practical Skills for A Level Biology | Statistical Tests
  p614/658  SAVED  Chapter 16: (Section | P2.9 Evaluating evidence and P2.10 Conclusions and discussion
  p615/658  SKIP  Page contains a reflection activity and summary of multiple practical skills topics, not a focused conceptual teaching unit.
  p616/658  SKIP  Page contains only exam-style questions, no explanatory content for teaching.
  p617/658  SAVED  Chapter 16: Practical Skills for A Level | P2: Statistical Analysis of Ecological Data
  p618/658  SAVED  Chapter 16: Plant Adaptations and Responses | Leaf Adaptations to Light
  p619/658  SAVED  Chapter 16: Practical Skills for A Level | Statistical Analysis: The t-test
  p620/658  SAVED  Chapter 16: Transport in Plants | Investigating water loss in leaves
  p621/658  SKIP  Page contains a self-evaluation checklist for practical skills, not teachable content for a concept explanation.
  p622/658  SKIP  Page is a reference list of amino acid structures without explanatory text; not suitable as a standalone teaching unit.
  p623/658  SKIP  Page contains only a reference table (genetic code) with no explanatory text or teaching content.
  p624/658  SAVED  Chapter 16: Gene Expression and Protein Synthesis | The Genetic Code
  p625/658  SKIP  Page contains glossary of exam command words, not biology content.
  p626/658  SKIP  Page contains glossary definitions, not a teachable concept.
  p627/658  SKIP  Page is a glossary listing terms, not a teaching unit.
  p628/658  SKIP  The page contains an unstructured glossary of multiple unrelated biology terms, not a cohesive teaching unit.
  p629/658  SKIP  Page contains only glossary definitions, no teachable content.
  p630/658  SKIP  Page contains glossary definitions, not a teachable concept.
  p631/658  SKIP  Page is a glossary of terms with no single teachable concept or explanation.
  p632/658  SKIP  The page contains only a glossary of terms with no cohesive teaching unit or concept explanation.
  p633/658  SKIP  The extracted text is a glossary page listing multiple unrelated terms and definitions, not a coherent teaching unit or section from a chapter.
  p634/658  SKIP  The page contains only a glossary of terms with definitions, not a structured teaching unit or coherent concept explanation.
  p635/658  SKIP  The page is a glossary of terms from Chapter 16, not a cohesive teaching unit.
  p636/658  SKIP  Page contains a glossary of unrelated terms, not a coherent teaching unit.
  p637/658  SKIP  Page contains only glossary terms and definitions, no instructional content.
  p638/658  SKIP  Page contains a glossary of terms, not a structured teaching unit with concept explanation or examples.
  p639/658  SKIP  Page contains only a glossary of terms, not teachable content for a structured teaching unit.
  p640/658  SKIP  Page is a glossary of terms, not a coherent teaching unit.
  p641/658  SKIP  Page contains a general glossary of terms, not a specific teaching unit or subtopic.
  p642/658  SKIP  Page is a glossary listing biological terms with definitions; no coherent teaching content or explanation.
  p643/658  SKIP  Page is a glossary index, not a teaching section.
  p644/658  SKIP  Page contains only glossary definitions with no coherent subtopic or teaching content.
  p645/658  SKIP  The page is an index listing of terms and page numbers, not teachable content for a subtopic.
  p646/658  SKIP  The page content is an index of terms and page numbers, not a coherent teaching unit with explanation or examples.
  p647/658  SKIP  Extracted text is an index, not lesson content.
  p648/658  SKIP  The page contains only an index of terms with page numbers, not teachable content.
  p649/658  SKIP  Page is an index, not teachable content.
  p650/658  SKIP  Page contains only index entries, no teachable content.
  p651/658  SKIP  Page contains only an index, no teachable content.
  p652/658  SKIP  The page is an index listing keywords and page numbers, not a teaching unit.
  p653/658  SKIP  The page contains an index of terms and page numbers, not teachable content.
  p654/658  SKIP  Index page with no teachable content.
  p655/658  SKIP  Page contains only an index with no teachable content.
  p656/658  SKIP  Page is an index/glossary, no teachable content.
  p657/658  SKIP  The page contains only acknowledgements and image credits, with no teachable biology content.
  p658/658  SKIP  Page contains only image credits and publisher information, no teachable content.
------------------------------------------------------------
DONE: 536 saved, 113 skipped, 0 errors
Backup: C:\Learnova\AL-Biology_FAS-A2_results.json
DONE: 536 saved, 113 skipped, 0 errors
