Processing: C:\Users\Yong\Downloads\Learnova A Levels\text books\A Levels Chemistry\Chemistry\Cambridge International AS _ A Level Chemistry Coursebook with Digital Access (2 Years) - Cambridge University Press (2020).pdf
Subject: AL-Chemistry  Form: AS-A2  Pages: 10-886 of 886
------------------------------------------------------------
  p 10/886  SKIP  This is a 'How to use this book' page with no teachable chemistry content.
  p 11/886  SKIP  Page describes coursebook features and user guidance, not chemistry content.
  p 12/886  SKIP  (only 19 words)
  p 13/886  SKIP  Page contains introductory text about the book structure and aims, not teachable chemistry content.
  p 14/886  SKIP  Page contains only learning intentions and image placeholders, no explanatory content or examples to structure into a teaching unit.
  p 15/886  SKIP  Page contains only student activities and a prompt, no teachable concept explanation.
  p 16/886  SKIP  This page contains introductory and discussion content about nanotechnology, not specific atomic structure concepts or principles required for A-Level teaching.
  p 17/886  SAVED  Chapter 1: Atomic structure | 1.1 Elements and atoms
  p 18/886  SAVED  Chapter 1: Atomic structure | 1.2 Inside the atom
  p 19/886  SAVED  Chapter 1: Atomic structure | Subatomic particles
  p 20/886  SAVED  Chapter 1: Atomic structure | Subatomic particles and their properties
  p 21/886  SKIP  (only 15 words)
  p 22/886  SAVED  Chapter 1: Atomic structure | 1.3 Numbers of nucleons
  p 23/886  SAVED  Chapter 1: Atomic structure | 
  p 24/886  SAVED  Chapter 1: Atomic structure | Ions
  p 25/886  SAVED  Chapter 1: Atomic structure | 
  p 26/886  SKIP  Page contains only exam-style questions, not teachable content for a lesson unit.
  p 27/886  SKIP  Page contains only exam questions, no teachable content.
  p 28/886  SKIP  Page is a self-evaluation checklist, not teachable content.
  p 29/886  SKIP  Page contains only learning intentions, no detailed teaching content.
  p 30/886  SKIP  Page contains only learning objectives and review questions, no new concept explanation.
  p 31/886  SAVED  Chapter 2: Electrons in atoms | Electron Microscopes
  p 32/886  SAVED  Chapter 2: Electrons in atoms | 2.1 Simple electronic structure
  p 33/886  SKIP  (only 20 words)
  p 34/886  SAVED  Chapter 2: Electrons in atoms | 2.2 Evidence for electronic structure
  p 35/886  SAVED  Chapter 2: Electrons in atoms | Successive ionisation energies
  p 36/886  SAVED  Chapter 2: Electrons in atoms | Factors that influence ionisation energy
  p 37/886  SAVED  Chapter 2: Electrons in atoms | Successive ionisation energies
  p 38/886  SAVED  Chapter 2: Electrons in atoms | Successive ionisation energies
  p 39/886  SAVED  Chapter 2: Electrons in atoms | 2.3 Sub-shells and atomic orbitals
  p 40/886  SAVED  Chapter 2: Electrons in atoms | Orbital shapes and energy levels
  p 41/886  SAVED  Chapter 2: Electrons in atoms | Order of filling sub-shells
  p 42/886  SAVED  Chapter 2: Electrons in atoms | 2.4 Electronic configurations
  p 43/886  SAVED  Chapter 2: Electrons in atoms | Electronic configurations
  p 44/886  SAVED  Chapter 2: Electrons in atoms | Orbitals and the Periodic Table
  p 45/886  SAVED  Chapter 2: Electrons in atoms | Hund's rule, free radicals and electronic configuration of ions
  p 46/886  SAVED  Chapter 2: Electrons in atoms | 
  p 47/886  SAVED  Chapter 2: Electrons in atoms | 2.5 Periodic patterns of atomic and ionic radii
  p 48/886  SAVED  Chapter 2: Electrons in atoms | 2.6 Patterns in ionisation energies in the Periodic Table
  p 49/886  SAVED  Chapter 2: Electrons in atoms | Patterns in first ionisation energy across periods and down groups
  p 50/886  SKIP  Page contains only a figure reference and reflection questions; no new teachable content or explanations.
  p 51/886  SAVED  Chapter 2: Electrons in atoms | 
  p 52/886  SKIP  Page contains only exam-style questions, no explanatory content.
  p 53/886  SKIP  Page contains only exam-style questions, not explanatory teaching content.
  p 54/886  SKIP  Page contains only exam-style questions without explanatory content.
  p 55/886  SAVED  Chapter 2: Electrons in atoms | Ionisation Energy
  p 56/886  SKIP  Page is a self-evaluation checklist with learning objectives, not instructional content.
  p 57/886  SKIP  Page contains only chapter learning intentions, no teachable content.
  p 58/886  SKIP  Page contains only learning objectives and pre-test questions, no teachable content.
  p 59/886  SAVED  Chapter 3: Atoms, molecules and stoichiometry | Extraction of gold
  p 60/886  SAVED  Chapter 3: Atoms, molecules and stoichiometry | Masses of atoms and molecules
  p 61/886  SAVED  Chapter 3: Atoms, molecules and stoichiometry | Relative molecular mass and relative formula mass
  p 62/886  SAVED  Chapter 3: Atoms, molecules and stoichiometry | 3.2 Hydrated and anhydrous compounds
  p 63/886  SKIP  (only 22 words)
  p 64/886  SAVED  Chapter 3: Atoms, molecules and stoichiometry | 3.3 Accurate relative atomic masses
  p 65/886  SAVED  Chapter 3: Atoms, molecules and stoichiometry | Determination of Ar from mass spectra
  p 66/886  SAVED  Chapter 3: Atoms, molecules and stoichiometry | Mass spectrometry
  p 67/886  SAVED  Chapter 3: Atoms, molecules and stoichiometry | Mass spectrometry
  p 68/886  SAVED  Chapter 3: Atoms, molecules and | Mass Spectrometry
  p 69/886  SAVED  Chapter 3: Atoms, molecules and stoichiometry | Using the [M+1] peak
  p 70/886  SAVED  Chapter 3: Atoms, molecules and | Mass Spectrometry: Isotope Patterns for Chlorine and Bromine
  p 71/886  SAVED  Chapter 3: Atoms, molecules and stoichiometry | Mass spectrometry and isotopic patterns
  p 72/886  SAVED  Chapter 3: Atoms, molecules and stoichiometry | 3.4 Amount of substance
  p 73/886  SAVED  Chapter 3: Atoms, molecules and stoichiometry | Moles and mass
  p 74/886  SAVED  Chapter 3: Atoms, molecules and moles | Mole and mass calculations
  p 75/886  SAVED  Chapter 3: Atoms, molecules and stoichiometry | Calculating mass from amount of substance
  p 76/886  SAVED  Chapter 3: Atoms, molecules and stoichiometry | 3.5 Mole calculations
  p 77/886  SAVED  Chapter 3: Atoms, molecules and stoichiometry | Limiting and excess reactants
  p 78/886  SAVED  Chapter 3: Atoms, molecules and stoichiometry | The stoichiometry of a reaction
  p 79/886  SAVED  Chapter 3: Atoms, molecules and stoichiometry | Percentage composition by mass
  p 80/886  SAVED  Chapter 3: Atoms, molecules and stoichiometry | Percentage yield
  p 81/886  SAVED  Chapter 3: Atoms, molecules and stoichiometry | Empirical formulae
  p 82/886  SAVED  Chapter 3: Atoms, molecules and stoichiometry | Empirical and molecular formulae
  p 83/886  SAVED  Chapter 3: Atoms, molecules and stoichiometry | 
  p 84/886  SAVED  Chapter 3: Atoms, molecules and stoichiometry | 3.6 Chemical formulae and chemical equations
  p 85/886  SAVED  Chapter 3: Atoms, molecules and ions | Formulae of ions and ionic compounds
  p 86/886  SAVED  Chapter 3: Atoms, molecules and | Balancing chemical equations
        Supabase error 409: {"code":"23505","details":"Key (subject, form, topic, concept_title)=(AL-Chemistry, AS-A2, Chapter 3: Atoms, molecules and, Balancing Chemical Equations) already exists.","hint":null,"message":"duplic
  p 87/886  DB-ERR  Chapter 3: Atoms, molecules and | Balancing Chemical Equations
  p 88/886  SAVED  Chapter 3: Chemical Reactions and Stoichiometry | Using State Symbols
  p 89/886  SAVED  Chapter 8: Chemical Reactions | Balancing ionic equations
  p 90/886  SAVED  Chapter 8: Ionic Equations and Precipitation | Writing Ionic Equations
  p 91/886  SAVED  Chapter 8: Chemical Reactions and Equations | Writing Ionic Equations
  p 92/886  SAVED  Chapter 3: Moles and Equations | 3.7 Solutions and concentration
  p 93/886  SAVED  Chapter 8: Solutions and Concentrations | Calculating Mass of Solute from Concentration and Volume
  p 94/886  SAVED  Chapter 3: Amount of Substance and Volumetric Analysis | Acid-base titration
  p 95/886  SAVED  Chapter 8: Titration Calculations | Calculating solution concentration by titration
  p 96/886  SAVED  Chapter 8: Acids and Bases | Deducing stoichiometry by titration
  p 97/886  SAVED  Chapter 8: Stoichiometry and Titration | Determining Mole Ratios from Titration Data
  p 98/886  SAVED  Chapter 8: and Chapter 9) | Using the molar gas volume
  p 99/886  SAVED  Chapter 3: Gas Volumes and Stoichiometry | Gas volumes and stoichiometry
  p100/886  SAVED  Chapter 8: Stoichiometry and the Mole Concept | 
  p101/886  SAVED  Chapter 8: Atomic Structure and Chapter 9: Stoichiometry | 
  p102/886  SKIP  Page contains only exam-style questions, no conceptual teaching content.
  p103/886  SAVED  Chapter 8: Moles and Stoichiometry | Percentage Yield
  p104/886  SKIP  Page contains only practice questions, not teaching content.
  p105/886  SKIP  Page contains only exam-style questions, no explanatory teaching content.
  p106/886  SKIP  Page contains only a self-evaluation checklist with no teachable content.
  p107/886  SKIP  Page contains only learning objectives and no explanatory content.
  p108/886  SKIP  Page contains only learning objectives and review activities, no teachable content.
  p109/886  SAVED  Chapter 4: Chemical bonding | VSEPR Theory and Molecular Shapes
  p110/886  SAVED  Chapter 4: Chemical bonding | 4.1 Types of chemical bonding
  p111/886  SAVED  Chapter 4: Chemical bonding | 4.2 Ionic bonding
  p112/886  SAVED  Chapter 4: Chemical bonding | Dot-and-cross diagrams
  p113/886  SKIP  Page contains only an exercise question, no explanatory content.
  p114/886  SAVED  Chapter 4: Chemical bonding | 4.3 Covalent bonding
  p115/886  SAVED  Chapter 4: Chemical bonding | Covalent bonding and the octet rule
  p116/886  SAVED  Chapter 4: Chemical bonding | Expansion of the Octet
  p117/886  SAVED  Chapter 4: Chemical bonding | Multiple covalent bonds
  p118/886  SAVED  Chapter 4: Chemical bonding | Co-ordinate bonding (dative covalent bonding)
  p119/886  SAVED  Chapter 4: Chemical bonding | Bond length and bond energy
  p120/886  SKIP  (only 28 words)
  p121/886  SAVED  Chapter 4: Chemical bonding | 4.4 Shapes of molecules
  p122/886  SAVED  Chapter 4: Chemical bonding | VSEPR theory and molecular shapes
  p123/886  SAVED  Chapter 4: Chemical bonding | More molecular shapes
  p124/886  SAVED  Chapter 4: Chemical bonding | Molecular shapes (VSEPR theory)
  p125/886  SAVED  Chapter 4: Chemical bonding | 4.5 ? bonds and ? bonds
  p126/886  SAVED  Chapter 4: Chemical bonding | Shapes of organic molecules: ethane and ethene
  p127/886  SAVED  Chapter 4: Chemical bonding | Pi bonds and triple bonds
  p128/886  SAVED  Chapter 4: Chemical bonding | 4.6 Metallic bonding
  p129/886  SAVED  Chapter 4: Chemical bonding | Metallic bonding
  p130/886  SAVED  Chapter 4: Chemical bonding | 4.7 Intermolecular forces
  p131/886  SAVED  Chapter 4: Chemical bonding | Electronegativity and bond polarity
  p132/886  SAVED  Chapter 4: Chemical bonding | Polarity of molecules
  p133/886  SAVED  Chapter 4: Chemical bonding | Instantaneous dipole?induced dipole (id?id) forces
  p134/886  SAVED  Chapter 4: Chemical bonding | Instantaneous dipole?induced dipole forces
  p135/886  SAVED  Chapter 4: Chemical bonding | Permanent dipole?permanent dipole (pd?pd) forces
  p136/886  SAVED  Chapter 4: Chemical bonding | Permanent dipole?permanent dipole forces
  p137/886  SAVED  Chapter 4: Chemical bonding | 4.8 Hydrogen bonding
  p138/886  SAVED  Chapter 4: Chemical bonding | Hydrogen bonding and boiling points
  p139/886  SAVED  Chapter 4: Chemical bonding | The peculiar properties of water
  p140/886  SAVED  Chapter 4: Chemical bonding | Hydrogen bonding and properties of water
  p141/886  SAVED  Chapter 4: Chemical bonding | 4.9 Bonding and physical properties
  p142/886  SAVED  Chapter 4: Chemical bonding | 
  p143/886  SKIP  Page contains practice questions and reflection activity, no new teaching content.
  p144/886  SKIP  Page contains a summary of multiple topics from Chapter 4, not a single teachable concept suitable for a focused teaching unit.
  p145/886  SKIP  Page contains only exam-style questions, no new teaching content.
  p146/886  SKIP  The page contains only exam-style questions without explanatory content or answers.
  p147/886  SAVED  Chapter 4: Chemical bonding | Ionic vs Covalent Bonding
  p148/886  SAVED  Chapter 4: Chemical bonding | Hydrogen bonding and sigma/pi bonds
  p149/886  SKIP  This page contains a self-evaluation checklist with learning objectives, not new teachable content.
  p150/886  SKIP  The page contains only learning objectives and subtopic references, not detailed content for teaching.
  p151/886  SKIP  Page only lists learning intentions (chapter objectives) without any explanatory content or teaching material.
  p152/886  SAVED  Chapter 5: States of matter | Liquid crystals: the fourth state of matter?
  p153/886  SAVED  Chapter 5: States of matter | 
  p154/886  SAVED  Chapter 5: States of matter | 5.1 States of matter
  p155/886  SAVED  Chapter 5: States of matter | 5.2 The gaseous state
  p156/886  SAVED  Chapter 5: States of matter | Gas laws
  p157/886  SAVED  Chapter 5: States of matter | Limitations of the ideal gas laws
  p158/886  SAVED  Chapter 5: States of matter | The ideal gas equation
  p159/886  SAVED  Chapter 5: States of matter | Calculating relative molecular masses
  p160/886  SAVED  Chapter 5: States of matter | 
  p161/886  SKIP  (only 4 words)
  p162/886  SAVED  Chapter 5: States of matter | 5.3 The liquid state
  p163/886  SAVED  Chapter 5: States of matter | Vapour pressure and dynamic equilibrium
  p164/886  SAVED  Chapter 5: States of matter | 5.4 The solid state
  p165/886  SAVED  Chapter 5: States of matter | Metallic lattices
  p166/886  SAVED  Chapter 5: States of matter | Alloys and their properties
  p167/886  SAVED  Chapter 5: States of matter | Giant molecular structures
  p168/886  SAVED  Chapter 5: States of matter | Allotropes of carbon
  p169/886  SAVED  Chapter 5: States of matter | Giant Covalent Structures
  p170/886  SKIP  Page contains only practice questions and a cautionary note, no new teaching content.
  p171/886  SAVED  Chapter 5: States of matter | 5.5 Fullerenes
  p172/886  SAVED  Chapter 5: States of matter | Carbon allotropes: nanotubes and graphene
  p173/886  SAVED  Chapter 5: States of matter | Allotropes of Carbon: Graphene and Buckminsterfullerene
  p174/886  SAVED  Chapter 5: States of matter | Summary
  p175/886  SKIP  Page contains only exam-style questions, no instructional content.
  p176/886  SKIP  Page contains only exam-style questions, no explanatory text.
  p177/886  SKIP  Page contains only exam-style questions, no explanatory or teaching content.
  p178/886  SKIP  (only 0 words)
  p179/886  SKIP  Page contains only a self-evaluation checklist, no teachable content such as explanations, equations, or mechanisms.
  p180/886  SKIP  Page contains only learning intentions and an image placeholder, no explanatory or problem content.
  p181/886  SKIP  The page contains pre-lesson activities and a discussion on global warming, but no focused chemistry concept or calculation to teach.
  p182/886  SKIP  The page contains only discussion questions about global warming and consumer choices, without any teachable chemistry content such as definitions, equations, or mechanisms related to enthalpy changes.
  p183/886  SAVED  Chapter 6: Enthalpy changes | 6.1 What are enthalpy changes?
  p184/886  SAVED  Chapter 6: Enthalpy changes | Enthalpy changes and enthalpy profile diagrams
  p185/886  SAVED  Chapter 6: Enthalpy changes | Endothermic and exothermic reactions
  p186/886  SAVED  Chapter 6: Enthalpy changes | 6.2 Standard enthalpy changes
  p187/886  SAVED  Chapter 6: Enthalpy changes | Standard Enthalpy Changes
  p188/886  SAVED  Chapter 6: Enthalpy changes | 6.3 Measuring enthalpy changes
  p189/886  SAVED  Chapter 6: Enthalpy changes | Enthalpy change of neutralisation by experiment
  p190/886  SAVED  Chapter 6: Enthalpy changes | Practical Activity 6.2: Finding the enthalpy change of combustion of propan-1-ol
  p191/886  SAVED  Chapter 6: Enthalpy changes | Calorimetry and molar enthalpy of combustion
  p192/886  SAVED  Chapter 6: Enthalpy changes | 6.4 Hess?s law
  p193/886  SAVED  Chapter 6: Enthalpy changes | Enthalpy change of reaction from enthalpy changes of formation
  p194/886  SAVED  Chapter 6: Enthalpy changes | Enthalpy cycles
  p195/886  SAVED  Chapter 6: Enthalpy changes | Enthalpy change of formation from enthalpy changes of combustion
  p196/886  SAVED  Chapter 6: Enthalpy changes | 
  p197/886  SAVED  Chapter 6: Enthalpy changes | 6.5 Bond energies and enthalpy changes
  p198/886  SAVED  Chapter 6: Enthalpy changes | Average bond energy
  p199/886  SAVED  Chapter 6: Enthalpy changes | 6.6 Calculating enthalpy changes using bond energies
  p200/886  SAVED  Chapter 6: Enthalpy changes | Bond energies and enthalpy changes
  p201/886  SAVED  Chapter 6: Enthalpy changes | 
  p202/886  SKIP  Page contains exam-style questions, not instructional content.
  p203/886  SAVED  Chapter 6: Enthalpy changes | Enthalpy of combustion
  p204/886  SAVED  Chapter 6: Enthalpy changes | Hess's Law and Calorimetry
  p205/886  SKIP  Self-evaluation checklist, no new teachable content.
  p206/886  SKIP  Page contains only learning intentions and pre-start activity, no teachable content.
  p207/886  SAVED  Chapter 3: Redox Reactions | Self-Darkening Lenses
  p208/886  SKIP  (only 31 words)
  p209/886  SAVED  Chapter 3: Redox Reactions | 7.1 What is a redox reaction?
  p210/886  SAVED  Chapter 3: Redox Reactions | Half-equations and balancing
  p211/886  SAVED  Chapter 3: Redox Reactions | Balancing Redox Equations
  p212/886  SAVED  Chapter 7: Redox Reactions | 7.2 Oxidation numbers
  p213/886  SAVED  Chapter 3: Redox Reactions | Oxidation Numbers
  p214/886  SAVED  Chapter 3: Oxidation Numbers | 7.3 Applying the oxidation number rules
  p215/886  SAVED  Chapter 3: Oxidation Numbers | 
  p216/886  SAVED  Chapter 7: Redox and oxidation number | 7.4 Redox and oxidation number
  p217/886  SAVED  Chapter 3: Redox Reactions | 7.5 Oxidising agents and reducing agents
  p218/886  SAVED  Chapter 3: Naming Compounds | 7.6 Naming compounds
  p219/886  SAVED  Chapter 3: in this | Systematic Naming Using Oxidation States
  p220/886  SAVED  Chapter 3: Oxidation Numbers and Chemical Formulae | 7.7 From name to formula
  p221/886  SAVED  Chapter 3: Redox Reactions | Identifying Redox Reactions through Experiments
  p222/886  SAVED  Chapter 7: Redox Reactions | 7.8 Balancing chemical equations using oxidation numbers
  p223/886  SAVED  Chapter 3: Redox Reactions | Balancing Redox Equations Using Oxidation Numbers
  p224/886  SAVED  Chapter 3: Chemical Reactions | 7.9 Disproportionation
  p225/886  SAVED  Chapter 3: Redox Reactions | Balancing Redox Equations Using the Oxidation Number Method
  p226/886  SAVED  Chapter 3: Redox Reactions | Summary
  p227/886  SKIP  Page contains only exam-style questions, no explanatory content.
  p228/886  SKIP  Page contains only exam-style questions, no explanatory or teaching content.
  p229/886  SKIP  (only 27 words)
  p230/886  SKIP  Page contains only a self-evaluation checklist, no teachable content.
  p231/886  SKIP  Page contains only learning intentions, no core content.
  p232/886  SKIP  Page contains only learning objectives and review activities, no new concept to teach.
  p233/886  SKIP  Page contains historical context and discussion questions, not a specific chemical concept or calculation.
  p234/886  SAVED  Chapter 8: Equilibria | 8.1 Reversible reactions and equilibrium
  p235/886  SAVED  Chapter 8: Chemical Equilibria | Characteristics of Equilibrium
  p236/886  SAVED  Chapter 8: Equilibria | Equilibrium requires a closed system
        Supabase error 409: {"code":"23505","details":"Key (subject, form, topic, concept_title)=(AL-Chemistry, AS-A2, Chapter 8: Equilibria, Dynamic Equilibrium in Closed Systems) already exists.","hint":null,"message":"duplica
  p237/886  DB-ERR  Chapter 8: Equilibria | Dynamic Equilibrium
  p238/886  SAVED  Chapter 8: Equilibria | 8.2 Changing the position of equilibrium
  p239/886  SAVED  Chapter 8: Chemical Equilibria | Effect of Concentration on Equilibrium
  p240/886  SAVED  Chapter 8: Equilibria | Effect of concentration on equilibrium position
  p241/886  SAVED  Chapter 8: Chemical Equilibria | Effect of Pressure on Equilibrium
  p242/886  SAVED  Chapter 8: Equilibria | The effect of temperature on the position of equilibrium
  p243/886  SAVED  Chapter 8: Chemical Equilibria | Effect of temperature on equilibrium
  p244/886  SKIP  (only 14 words)
  p245/886  SAVED  Chapter 8: Chemical Equilibria | 8.3 Equilibrium expressions and the equilibrium constant, Kc
  p246/886  SAVED  Chapter 8: Equilibrium | Equilibrium expressions: Kc
  p247/886  SAVED  Chapter 3: Chemical Equilibria | Units of Kc and Equilibrium Calculations
  p248/886  SAVED  Chapter 3: Equilibrium Constants | Calculating Equilibrium Constants from Concentration Data
  p249/886  SAVED  Chapter 3: Mole Calculations and Equilibrium | 
  p250/886  SAVED  Chapter 3: Equilibrium Calculations | Kc and Changes in Concentration, Pressure, and Temperature
  p251/886  SAVED  Chapter 8: Equilibrium | Effect of Temperature on the Equilibrium Constant, Kc
  p252/886  SAVED  Chapter 8: Equilibria | 8.4 Equilibria in gas reactions: the equilibrium constant, Kp
  p253/886  SAVED  Chapter 3: Mole Calculations | Kp and Partial Pressures
  p254/886  SAVED  Chapter 3: Mole Calculations | Calculating Kp from Partial Pressures
  p255/886  SAVED  Chapter 3: you did mole calculations, including calculations involving | Partial pressure and mole fractions
  p256/886  SAVED  Chapter 3: Mole Calculations | Calculating Kp
  p257/886  SAVED  Chapter 8: Equilibria | Equilibria and the chemical industry
  p258/886  SAVED  Chapter 3: Mole Calculations | Temperature and Pressure in the Contact Process
  p259/886  SAVED  Chapter 8: Acid?base equilibria | pH values and neutralisation
  p260/886  SAVED  Chapter 8: Acid?base equilibria | Definitions of acids and bases
  p261/886  SAVED  Chapter 8: Acids and Bases | The Br?nsted?Lowry theory of acids and bases
  p262/886  SAVED  Chapter 8: Acids and Bases | Br?nsted?Lowry theory and amphoteric substances
  p263/886  SAVED  Chapter 3: Acid-Base Equilibria | Strong and Weak Acids and Bases
  p264/886  SAVED  Chapter 3: Mole Calculations | Acid and Base Strength
  p265/886  SAVED  Chapter 3: Mole Calculations | Distinguishing a weak acid from a strong acid
  p266/886  SAVED  Chapter 3: Acid Strength and pH | Reaction with reactive metals
  p267/886  SAVED  Chapter 8: Acid-Base Equilibria | 8.7 Indicators and acid?base titrations
  p268/886  SAVED  Chapter 8: Indicators and pH | Chemical Indicators and pH Ranges
  p269/886  SAVED  Chapter 8: Acid-base Titrations | Monitoring pH during titration
  p270/886  SAVED  Chapter 3: Acid-Base Titrations | Strong Acid?Strong Base Titrations
  p271/886  SAVED  Chapter 8: Acids and Bases | Titration curves and indicator selection
  p272/886  SAVED  Chapter 3: Acids and Bases | Weak acids with weak bases
  p273/886  SAVED  Chapter 3: Acids and Bases | Reflection on Strong and Weak Acids and Bases
  p274/886  SAVED  Chapter 3: Equilibria and Acid-Base Theory | Chapter Summary
  p275/886  SKIP  Page contains only exam-style questions, no explanatory content for teaching.
  p276/886  SKIP  Page contains only exam-style questions without explanatory content.
  p277/886  SKIP  Page contains exam-style questions, no explanatory content.
  p278/886  SAVED  Chapter 9: Chemical Equilibria | Equilibrium Constant Kp
  p279/886  SKIP  Page is a self-evaluation checklist, not teachable content.
  p280/886  SKIP  Page contains only learning intentions and an image placeholder, no teachable content.
  p281/886  SKIP  Page contains only learning objectives and pre-chapter review questions, no new teachable content.
  p282/886  SKIP  Page provides introductory context and examples but no specific concept or calculation to teach.
  p283/886  SKIP  The page contains only a discussion question and activity prompt, no chemical principles or equations.
  p284/886  SAVED  Chapter 9: Rates of reaction | 9.1 Rate of reaction
  p285/886  SAVED  Chapter 9: Rates of reaction | Monitoring reaction rates
  p286/886  SAVED  Chapter 9: Rates of reaction | Calculating rate of reaction graphically
  p287/886  SAVED  Chapter 9: Rates of reaction | Measuring reaction rates
  p288/886  SAVED  Chapter 9: Rates of reaction | Rate of reaction from concentration-time graphs
  p289/886  SAVED  Chapter 9: Rates of reaction | Determining order from concentration?rate data
  p290/886  SAVED  Chapter 9: Rates of reaction | Practical Activity 9.2: Determining rate from gas evolution
  p291/886  SAVED  Chapter 9: Rates of reaction | Collision theory
  p292/886  SAVED  Chapter 9: Rates of reaction | Catalysts and Activation Energy
  p293/886  SAVED  Chapter 9: Rates of reaction | 9.2 The effect of concentration on rate of reaction
  p294/886  SAVED  Chapter 9: Rates of reaction | 9.3 The effect of temperature on rate of reaction
  p295/886  SAVED  Chapter 9: Rates of reaction | Effect of temperature on reaction rate
  p296/886  SAVED  Chapter 9: Rates of reaction | 9.4 Catalysis
  p297/886  SAVED  Chapter 9: Rates of reaction | Catalysis
  p298/886  SAVED  Chapter 9: Rates of reaction | 
  p299/886  SKIP  Page contains only exam-style questions, no explanatory teaching content.
  p300/886  SAVED  Chapter 9: Rates of reaction | 
  p301/886  SKIP  Page contains only a self-evaluation checklist, no new teaching content.
  p302/886  SKIP  Page contains only learning intentions, no teachable content such as explanations, equations, or examples.
  p303/886  SKIP  Page contains only learning objectives and discussion questions, no teachable concept explanation or worked example.
  p304/886  SAVED  Chapter 10: The Periodic Table ? Historical Development | Mendeleev's Periodic Table and Predictions
  p305/886  SAVED  Chapter 10: Periodicity | 10.1 Structure of the Periodic Table
  p306/886  SKIP  (only 0 words)
  p307/886  SAVED  Chapter 10: Periodicity | 10.2 Periodicity of physical properties
  p308/886  SAVED  Chapter 10: Periodicity | Periodic patterns of ionic radii
  p309/886  SAVED  Chapter 10: Periodicity | Ionic radii trends
  p310/886  SAVED  Chapter 2: Periodicity | Bonding and structures of Period 3 elements
  p311/886  SAVED  Chapter 10: Periodicity | Periodic patterns of first ionisation energies
  p312/886  SAVED  Chapter 2: Periodicity of Physical Properties | Ionisation Energy Trends Across Period 3
  p313/886  SAVED  Chapter 10: Periodicity | 10.3 Periodicity of chemical properties
  p314/886  SAVED  Chapter 10: Period 3 Elements | Reactions of Period 3 elements with chlorine
  p315/886  SAVED  Chapter 2: Groups 1 and 2 Elements | Reactions with Water
  p316/886  SAVED  Chapter 10: Periodicity | 10.4 Oxides of Period 3 elements
  p317/886  SAVED  Chapter 10: Periodicity | Effect of water on oxides and hydroxides of Period 3 elements
  p318/886  SAVED  Chapter 2: Periodicity | The effect of bonding and electronegativity on the structure and acidic / basic nature of Period 3 oxides
  p319/886  SAVED  Chapter 10: Periodicity | Electronegativity and Bonding in Period 3 Oxides
  p320/886  SKIP  (only 30 words)
  p321/886  SAVED  Chapter 10: Periodicity | 10.6 Chlorides of Period 3 elements
  p322/886  SAVED  Chapter 10: Periodicity | 10.7 Effect of water on chlorides of Period 3 elements
  p323/886  SAVED  Chapter 2: First Ionisation Energy | Hydrolysis of Period 3 Chlorides
  p324/886  SAVED  Chapter 10: The Periodic Table | 10.8 Deducing the position of an element in the Periodic Table
  p325/886  SAVED  Chapter 2: Ionisation Energy and Periodic Trends | Group Identification from Chemical Properties
  p326/886  SAVED  Chapter 2: Periodicity | Summary of Period 3 Trends
  p327/886  SKIP  Page contains only exam-style questions, no explanatory teaching content.
  p328/886  SKIP  Page contains only exam-style questions, no explanatory or teaching content.
  p329/886  SKIP  Page contains only a self-evaluation checklist, no teachable content.
  p330/886  SKIP  The page contains only learning intentions and a pre-reading question, no substantive chemistry content.
  p331/886  SAVED  Chapter 11: Group 2 | Uses of Group 2 Compounds
  p332/886  SAVED  Chapter 11: Group 2 | Thermal decomposition of carbonates
  p333/886  SAVED  Chapter 11: Group 2 | Uses of Calcium Oxide and Calcium Hydroxide
  p334/886  SAVED  Chapter 11: Group 2 | 11.1 Physical properties of Group 2 elements
  p335/886  SKIP  Page contains only a data table and reference to figures with a question, lacking explanatory text to form a teaching unit.
  p336/886  SKIP  Page contains only questions and reflection prompts, no explanatory content for teaching.
  p337/886  SAVED  Chapter 11: Group 2 | 11.2 Reactions of Group 2 elements
  p338/886  SAVED  Chapter 11: Group 2 | 
  p339/886  SAVED  Chapter 11: Group 2 | 11.3 Reactions with oxygen
  p340/886  SAVED  Chapter 11: Group 2 | Flame tests
  p341/886  SKIP  (only 0 words)
  p342/886  SAVED  Chapter 11: Group 2 | Reactions of oxides with dilute acid
  p343/886  SAVED  Chapter 11: Group 2 | 11.4 Reactions with water
  p344/886  SAVED  Chapter 11: Group 2 | Reactions with steam
  p345/886  SAVED  Chapter 11: Group 2 | Reactions of Group 2 oxides and water
  p346/886  SAVED  Chapter 11: Group 2 | Reactions of Group 2 oxides and hydroxides
  p347/886  SAVED  Chapter 11: Group 2 | Reactions of Group 2 carbonates
  p348/886  SAVED  Chapter 11: Group 2 | Thermal decomposition of Group 2 carbonates and nitrates
  p349/886  SKIP  Page contains only end-of-chapter activities and tasks, no new teachable content.
  p350/886  SAVED  Chapter 11: Group 2 | 
  p351/886  SKIP  Page contains only exam-style questions, no explanatory content.
  p352/886  SKIP  Page contains only a self-evaluation checklist, no new chemistry content.
  p353/886  SKIP  Page contains only chapter title and learning intentions, no actual content to teach.
  p354/886  SKIP  Page contains pre-learning questions and introductory discussion on uses of halogens, but lacks a focused, rigorous A-Level explanation or worked example suitable for a standalone teaching unit.
  p355/886  SAVED  Chapter 12: Group 17 | 
  p356/886  SAVED  Chapter 12: Group 17 | 12.1 Physical properties of Group 17 elements
  p357/886  SAVED  Chapter 12: Group 17 | Physical Properties of Group 17 Elements
  p358/886  SAVED  Chapter 12: Group 17 | 12.2 Reactions of Group 17 elements
  p359/886  SAVED  Chapter 12: Group 17 | Evidence for the oxidising power of the halogens
  p360/886  SAVED  Chapter 12: Group 17 | Reactions of halogens with hydrogen
  p361/886  SAVED  Chapter 12: Group 17 | Reactions of Halogens with Hydrogen
  p362/886  SAVED  Chapter 12: Group 17 | 12.3 Reactions of the halide ions
  p363/886  SAVED  Chapter 12: Group 17 | Identifying Halide Ions
  p364/886  SAVED  Chapter 12: Group 17 | Reactions of Hydrogen Halides with Concentrated Sulfuric Acid
  p365/886  SAVED  Chapter 12: Group 17 | Halide ions as reducing agents
  p366/886  SAVED  Chapter 12: Group 17 | 12.4 Disproportionation reactions
  p367/886  SKIP  Page contains only discussion prompts and review questions, no new teachable content.
  p368/886  SAVED  Chapter 12: Group 17 | Summary of Group 17
  p369/886  SKIP  Page contains only exam-style questions, no explanatory teaching content.
  p370/886  SAVED  Chapter 12: Group 17 | Reactions of Chlorine
  p371/886  SKIP  Self-evaluation checklist, no new content.
  p372/886  SKIP  This page only contains learning intentions, no teaching content.
  p373/886  SAVED  Chapter 13: Nitrogen | Fertiliser Issues
  p374/886  SAVED  Chapter 13: Nitrogen | Environmental impact of nitrogen fertilisers
  p375/886  SAVED  Chapter 13: Nitrogen | 13.1 Nitrogen gas
  p376/886  SAVED  Chapter 13: Nitrogen | Atmospheric oxidation of nitrogen
  p377/886  SAVED  Chapter 13: Nitrogen | 13.2 Ammonia and ammonium compounds
  p378/886  SAVED  Chapter 13: Nitrogen | Ammonia as a weak base and reactions of ammonium salts
  p379/886  SAVED  Chapter 13: Nitrogen | 13.3 Nitrogen oxides in the atmosphere
  p380/886  SAVED  Chapter 13: Nitrogen | Reducing the effects of nitrogen oxides
  p381/886  SAVED  Chapter 13: Nitrogen | Oxides of Nitrogen
  p382/886  SAVED  Chapter 13: Nitrogen | Summary
  p383/886  SKIP  Page contains only exam-style questions with no explanatory or teaching content.
  p384/886  SKIP  (only 36 words)
  p385/886  SKIP  Self-evaluation checklist; no teachable content.
  p386/886  SKIP  Page contains only learning objectives, no teachable content.
  p387/886  SKIP  Page contains only learning objectives and introductory motivational text, no substantive content for a teaching unit.
  p388/886  SAVED  Chapter 14: Introduction to organic | 
  p389/886  SAVED  Chapter 14: Introduction to organic | 14.1 Representing organic molecules
  p390/886  SAVED  Chapter 14: Introduction to organic | Types of Formula
  p391/886  SAVED  Chapter 14: Introduction to organic | Representing organic molecules
  p392/886  SAVED  Chapter 14: Introduction to organic | Determination of empirical and molecular formulae
  p393/886  SAVED  Chapter 14: Introduction to organic | 14.2 Homologous series of organic compounds
  p394/886  SAVED  Chapter 14: Introduction to organic | 14.3 Naming organic compounds
  p395/886  SAVED  Chapter 14: Introduction to organic | Naming organic compounds
  p396/886  SAVED  Chapter 14: Introduction to organic | Homologous series and structural representation
  p397/886  SAVED  Chapter 14: Introduction to organic | Aryl compounds and benzene
  p398/886  SAVED  Chapter 14: Introduction to organic | Aldehydes: naming and structural formulas
  p399/886  SAVED  Chapter 14: Introduction to organic | 14.4 Bonding in organic molecules
  p400/886  SAVED  Chapter 14: Introduction to organic | 
  p401/886  SAVED  Chapter 14: Introduction to organic | Hybridisation of carbon atoms
  p402/886  SAVED  Chapter 14: Introduction to organic | 14.5 Structural isomerism
  p403/886  SAVED  Chapter 14: Introduction to organic | Isomerism
  p404/886  SAVED  Chapter 14: Introduction to organic | Chain isomerism
  p405/886  SAVED  Chapter 14: Introduction to organic | 14.6 Stereoisomerism
  p406/886  SAVED  Chapter 14: Introduction to organic | Optical isomerism
  p407/886  SAVED  Chapter 14: Introduction to organic | Optical isomerism and chiral centres
  p408/886  SAVED  Chapter 14: Introduction to organic | Optical Isomerism
  p409/886  SAVED  Chapter 14: Introduction to organic | 14.7 Types of organic reaction and reaction mechanisms
  p410/886  SAVED  Chapter 14: Introduction to organic | Heterolytic fission and carbocation stability
  p411/886  SAVED  Chapter 14: Introduction to organic | 
  p412/886  SAVED  Chapter 18: Carbonyl compounds | Types of organic reaction
  p413/886  SKIP  The page contains only a list of reactions without explanation and a reflection activity for mind mapping, lacking direct teachable content such as concept explanation, worked examples, or common mistakes.
  p414/886  SKIP  Page is a summary list of general organic chemistry concepts, not a focused teaching unit.
  p415/886  SKIP  Page contains only exam-style questions, no explanatory teaching content.
  p416/886  SKIP  Page contains exam questions on hydrocarbons and empirical formulas, not carbonyl compounds.
  p417/886  SKIP  The extracted text is a self-evaluation checklist, not instructional content for a subtopic or concept.
  p418/886  SKIP  Page contains only learning intentions, no teachable content.
  p419/886  SAVED  Chapter 15: Hydrocarbons | Hydrocarbons in Use
  p420/886  SKIP  (only 22 words)
  p421/886  SAVED  Chapter 15: Hydrocarbons | Fractional Distillation of Crude Oil
  p422/886  SAVED  Chapter 15: Hydrocarbons | 15.1 The homologous group of alkanes
  p423/886  SAVED  Chapter 15: Hydrocarbons | 15.2 Reactions of alkanes
  p424/886  SAVED  Chapter 15: Hydrocarbons | Combustion of alkanes
  p425/886  SAVED  Chapter 15: Hydrocarbons | Environmental Impacts of Combustion
  p426/886  SAVED  Chapter 15: Hydrocarbons | Reducing traffic emissions
  p427/886  SAVED  Chapter 15: Hydrocarbons | 
  p428/886  SAVED  Chapter 15: Hydrocarbons | Substitution reactions of alkanes
  p429/886  SAVED  Chapter 15: Hydrocarbons | Free-Radical Substitution
  p430/886  SKIP  Page contains only questions and reflection prompts, no explanatory content.
  p431/886  SAVED  Chapter 15: Hydrocarbons | 15.3 The alkenes
  p432/886  SAVED  Chapter 15: Hydrocarbons | Addition reactions of the alkenes
  p433/886  SAVED  Chapter 15: Hydrocarbons | Addition reactions of alkenes
  p434/886  SAVED  Chapter 15: Hydrocarbons | Electrophilic Addition of Hydrogen Halides to Alkenes
  p435/886  SAVED  Chapter 15: Hydrocarbons | Reactions of Alkenes
  p436/886  SAVED  Chapter 15: Hydrocarbons | Electrophilic addition to alkenes
  p437/886  SAVED  Chapter 15: Hydrocarbons | Electrophilic addition reactions
  p438/886  SAVED  Chapter 15: Hydrocarbons | 15.4 Oxidation of the alkenes
  p439/886  SAVED  Chapter 15: Hydrocarbons | Oxidation of Alkenes under Harsh Conditions
  p440/886  SAVED  Chapter 15: Hydrocarbons | Oxidation of Alkenes
  p441/886  SAVED  Chapter 15: Hydrocarbons | 15.5 Addition polymerisation
  p442/886  SAVED  Chapter 15: Hydrocarbons | More about addition polymers
  p443/886  SAVED  Chapter 15: Hydrocarbons | Disposal of poly(alkene) plastics
  p444/886  SKIP  (only 34 words)
  p445/886  SAVED  Chapter 15: Hydrocarbons | 15.6 Tackling questions on addition polymers
  p446/886  SAVED  Chapter 15: Hydrocarbons | Polymers from alkenes
  p447/886  SKIP  Page is a summary of the chapter, not a focused teaching unit.
  p448/886  SKIP  Page contains only exam-style questions, no instructional content.
  p449/886  SAVED  Chapter 15: Hydrocarbons | Alkenes
  p450/886  SAVED  Chapter 15: Hydrocarbons | Oxidation of Alkenes
  p451/886  SKIP  Self-evaluation checklist, no new content.
  p452/886  SKIP  Chapter opening page with learning intentions and a 'Before you start' question only; no detailed content or explanation to structure into a teaching unit.
  p453/886  SAVED  Chapter 14: Halogenoalkanes | Uses of Halogenoalkanes
  p454/886  SAVED  Chapter 14: Halogenoalkanes | Environmental impact of CFCs
  p455/886  SKIP  (only 39 words)
  p456/886  SAVED  Chapter 16: Halogenoalkanes | 16.1 Making halogenoalkanes
  p457/886  SAVED  Chapter 16: Halogenoalkanes | 16.2 Nucleophilic substitution reactions
  p458/886  SAVED  Chapter 14: Halogenoalkanes | Hydrolysis of Halogenoalkanes and Testing for Halides
  p459/886  SAVED  Chapter 14: Halogenoalkanes | Reactivity of Halogenoalkanes in Nucleophilic Substitution
  p460/886  SAVED  Chapter 14: Halogenoalkanes | Reactions of halogenoalkanes with ammonia
  p461/886  SAVED  Chapter 16: Halogenoalkanes | 16.3 Mechanism of nucleophilic substitution in halogenoalkanes
  p462/886  SAVED  Chapter 14: that nucleophiles are donors | Mechanism for nucleophilic substitution on tertiary halogenoalkanes (SN1)
  p463/886  SAVED  Chapter 14: Nucleophiles are Donors | SN1 and SN2 Mechanisms
  p464/886  SAVED  Chapter 14: that nucleophiles are donors | 16.4 Elimination reactions
  p465/886  SAVED  Chapter 14: Halogenoalkanes | Summary
  p466/886  SKIP  Page contains only exam-style questions, no explanatory content for teaching unit.
  p467/886  SKIP  The extracted text consists solely of exam-style questions without explanatory content, mechanisms, or principles suitable for a teaching unit.
  p468/886  SKIP  Self-evaluation checklist, no teachable content.
  p469/886  SKIP  Page contains only learning intentions, no detailed content.
  p470/886  SAVED  Chapter 17: Alcohols, esters and carboxylic acids | Making ethanol as a biofuel
  p471/886  SAVED  Chapter 17: Alcohols, esters and carboxylic acids | Ethanol production
  p472/886  SKIP  (only 35 words)
  p473/886  SAVED  Chapter 17: Alcohols, esters and | 17.1 The homologous series of alcohols
  p474/886  SAVED  Chapter 17: Alcohols, esters and | Acidity of alcohols
  p475/886  SAVED  Chapter 17: Alcohols, esters and | 17.2 Reactions to make alcohols
  p476/886  SAVED  Chapter 17: Alcohols, esters and | 17.3 Reactions of the alcohols
  p477/886  SAVED  Chapter 17: Alcohols, esters and carbonyl compounds | Halogenation of alcohols
  p478/886  SAVED  Chapter 17: Alcohols, esters and | Reaction with sodium metal
  p479/886  SAVED  Chapter 17: Alcohols, esters and carboxylic acids | Reaction of alcohols with alkali metals
  p480/886  SAVED  Chapter 17: Alcohols, esters and | Esterification
  p481/886  SAVED  Chapter 17: Alcohols, esters and | Hydrolysis of esters
  p482/886  SAVED  Chapter 17: Alcohols, esters and carboxylic acids | 
  p483/886  SAVED  Chapter 17: Alcohols, esters and | Oxidation of alcohols
  p484/886  SAVED  Chapter 17: Alcohols, esters and | Oxidation of alcohols
  p485/886  SAVED  Chapter 17: Alcohols, esters and | Oxidation of alcohols
  p486/886  SAVED  Chapter 17: Alcohols, esters and carboxylic acids | 17.4 Carboxylic acids
  p487/886  SKIP  Page contains only practice questions and reflection activities, not explanatory content.
  p488/886  SAVED  Chapter 17: Alcohols, esters and | Summary
  p489/886  SKIP  Page contains only exam-style questions, no explanatory or teachable content.
  p490/886  SAVED  Chapter 17: Alcohols, esters and carboxylic acids | Oxidation of alcohols
  p491/886  SKIP  Page is a self-evaluation checklist, not instructional content.
  p492/886  SKIP  Page only contains chapter title and learning intentions, no teachable content.
  p493/886  SAVED  Chapter 18: Carbonyl compounds | Using aldehydes and ketones
  p494/886  SAVED  Chapter 18: Carbonyl compounds | Introduction to Carbonyl Compounds
  p495/886  SAVED  Chapter 18: Carbonyl compounds | 18.1 The homologous series of aldehydes and ketones
  p496/886  SKIP  (only 34 words)
  p497/886  SAVED  Chapter 18: Carbonyl compounds | 18.2 Preparation of aldehydes and ketones
  p498/886  SAVED  Chapter 18: Carbonyl compounds | Preparing ketones
  p499/886  SAVED  Chapter 18: Carbonyl compounds | 18.3 Reduction of aldehydes and ketones
  p500/886  SAVED  Chapter 18: Carbonyl compounds | 18.4 Nucleophilic addition with HCN
  p501/886  SAVED  Chapter 18: Carbonyl compounds | 
  p502/886  SAVED  Chapter 18: Carbonyl compounds | 18.5 Testing for aldehydes and ketones
  p503/886  SAVED  Chapter 18: Carbonyl compounds | Distinguishing between aldehydes and ketones
  p504/886  SAVED  Chapter 18: Carbonyl compounds | Tollens' reagent
  p505/886  SAVED  Chapter 18: Carbonyl compounds | Testing with Fehling's solution
  p506/886  SKIP  Page contains only exam-style questions and a reflection prompt, no new teachable content.
  p507/886  SAVED  Chapter 18: Carbonyl compounds | 18.6 Reactions to form tri-iodomethane
  p508/886  SAVED  Chapter 18: Carbonyl compounds | Iodoform reaction (tri-iodomethane test)
  p509/886  SAVED  Chapter 18: Carbonyl compounds | 18.7 Infrared spectroscopy
  p510/886  SAVED  Chapter 18: Carbonyl compounds | Infrared Spectroscopy of Carbonyl Compounds
  p511/886  SKIP  (only 27 words)
  p512/886  SAVED  Chapter 18: Carbonyl compounds | 
  p513/886  SKIP  (only 24 words)
  p514/886  SAVED  Chapter 18: Carbonyl compounds | 
  p515/886  SKIP  Page contains only exam-style questions, no explanatory content.
  p516/886  SKIP  Page contains only exam-style questions (problems 5, 6, 7) with no explanatory content for teaching.
  p517/886  SKIP  Page contains only exam-style questions, not explanatory content.
  p518/886  SKIP  Self-evaluation checklist, not teachable content.
  p519/886  SKIP  (only 6 words)
  p520/886  SKIP  Page content is about practical skills and variables, not carbonyl compounds.
  p521/886  SAVED  Chapter 18: Carbonyl compounds | Practical Skills ? Data Presentation and Measurement
  p522/886  SAVED  Chapter 18: Carbonyl compounds | 
  p523/886  SAVED  Chapter 18: Carbonyl compounds | P1.2 Manipulation, measurement and observation
  p524/886  SKIP  The extracted text contains general experimental questions and does not provide teachable content related to carbonyl compounds or any specific A-Level chemistry concept.
  p525/886  SKIP  This page contains generic practical skills on data presentation and not specific chemistry content for carbonyl compounds.
  p526/886  SKIP  Page contains generic lab practice instructions, not specific chemistry content for the chapter.
  p527/886  SAVED  Chapter 18: Carbonyl compounds | Calorimetry
  p528/886  SKIP  Page contains generic practical skills checklist, not specific to carbonyl compounds chapter.
  p529/886  SKIP  Content does not match chapter context of carbonyl compounds; it is about experimental errors.
  p530/886  SAVED  Chapter 18: Carbonyl compounds | Experimental skills
  p531/886  SKIP  The page contains a generic summary of practical examination skills, not specific carbonyl compound content.
  p532/886  SKIP  Page contains only exam-style questions, no teachable content.
  p533/886  SKIP  Extracted text contains only exam-style questions without explanatory content; cannot construct a teaching unit.
  p534/886  SKIP  Page contains only learning intentions, no content to teach.
  p535/886  SKIP  Page contains learning objectives and pre-chapter activities, but no core explanatory content to structure into a teaching unit.
  p536/886  SAVED  Chapter 6: X-ray Crystallography | X-ray Diffraction and Crystal Structure Determination
  p537/886  SAVED  Chapter 6: of the coursebook | 19.1 Defining lattice energy
  p538/886  SAVED  Chapter 19: Enthalpy Changes | 19.2 Enthalpy change of atomisation and electron affinity
  p539/886  SAVED  Chapter 6: Chemical Energetics | Trends in electron affinities
  p540/886  SKIP  (only 28 words)
  p541/886  SAVED  Chapter 19: Lattice Energy | 19.3 Born?Haber cycles
  p542/886  SAVED  Chapter 19: Lattice Energy | Calculating lattice energies
  p543/886  SAVED  Chapter 6: Chemical Energetics | Born-Haber Cycles and Lattice Energy
  p544/886  SAVED  Chapter 6: Lattice Energy and Born-Haber Cycles | The Born?Haber cycle for magnesium chloride
  p545/886  SAVED  Chapter 6: Chemical Energetics | Born-Haber Cycles and Lattice Energy
  p546/886  SAVED  Chapter 6: Chemical Energetics | Lattice Energy: Effect of Ionic Size and Charge
  p547/886  SAVED  Chapter 6: Chemical Bonding and Lattice Energy | Ion polarisation
  p548/886  SAVED  Chapter 6: Group 2 Elements | The thermal stability of Group 2 carbonates and nitrates
  p549/886  SAVED  Chapter 6: Group 2 Elements and Their Compounds | Thermal Decomposition of Group 2 Nitrates
  p550/886  SAVED  Chapter 19: Enthalpy Changes in Solution | 19.4 Enthalpy changes in solution
  p551/886  SAVED  Chapter 6: Enthalpy Changes | Enthalpy change of solution
  p552/886  SAVED  Chapter 6: Enthalpy Changes and Hydration | Enthalpy Change of Hydration
  p553/886  SAVED  Chapter 6: Enthalpy Changes in Solution | Calculating enthalpy changes in solution
  p554/886  SAVED  Chapter 6: Chemical Energetics | Enthalpy Cycles for Solution and Hydration
  p555/886  SAVED  Chapter 6: Energetics | Solubility of Group 2 Sulfates
  p556/886  SAVED  Chapter 6: Group 2 Elements | Solubility of Group 2 Sulfates
  p557/886  SAVED  Chapter 6: Lattice Energy and Born-Haber Cycles | 
  p558/886  SKIP  Page contains only exam-style questions and a brief checklist, not instructional content for a new concept.
  p559/886  SAVED  Chapter 6: Lattice Energy and Born-Haber Cycles | Born-Haber Cycles
  p560/886  SKIP  Page contains only exam questions, no explanatory content for a teaching unit.
  p561/886  SKIP  The page contains only a self-evaluation checklist with learning objectives, not any teachable content such as explanations, equations, or examples.
  p562/886  SKIP  Page contains only learning intentions, no teachable content or concept explanation.
  p563/886  SAVED  Chapter 8: Electrochemistry | Standard cell potentials and their measurement
  p564/886  SAVED  Chapter 20: Electrochemistry | Electrochemical Remediation of Soil
  p565/886  SAVED  Chapter 8: Electrochemistry | Electrochemical Soil Remediation
  p566/886  SAVED  Chapter 20: Redox Reactions | 20.1 Redox reactions revisited
  p567/886  SAVED  Chapter 20: Electrolysis | 20.2 Electrolysis
  p568/886  SAVED  Chapter 8: Electrolysis and Redox Reactions | Electrode Reactions in Electrolysis
  p569/886  SAVED  Chapter 8: Electrolysis | 20.3 Quantitative electrolysis
  p570/886  SAVED  Chapter 8: Electrochemistry | 
  p571/886  SAVED  Chapter 20: Electrolysis and the Avogadro Constant | Calculating the Avogadro constant by an electrolytic method
  p572/886  SAVED  Chapter 8: Electrochemistry | The Faraday Constant
  p573/886  SAVED  Chapter 20: Electrode Potentials and Redox Reactions | 20.4 Electrode potentials
  p574/886  SAVED  Chapter 20: Electrochemistry | Standard Hydrogen Electrode
  p575/886  SAVED  Chapter 8: Electrode Potentials and Redox Reactions | 
  p576/886  SAVED  Chapter 20: Electrochemistry | 20.5 Combining half-cells
  p577/886  SAVED  Chapter 20: Electrochemistry | Electrochemical Cells and Half-Cells
  p578/886  SAVED  Chapter 20: Electrochemistry | Standard Electrode Potentials
  p579/886  SAVED  Chapter 20: Redox and Electrode Potentials | Standard Electrode Potentials
  p580/886  SAVED  Chapter 8: Electrochemistry | Half-cells containing non-metals and non-metal ions
  p581/886  SAVED  Chapter 20: Electrode Potentials | Half-cells containing ions of the same element in different oxidation states
  p582/886  SAVED  Chapter 8: Electrode Potentials | Half-Cells with Multiple Ionic Species
  p583/886  SKIP  (only 31 words)
  p584/886  SAVED  Chapter 20: Electrochemistry | 20.6 Using E? values
  p585/886  SAVED  Chapter 20: Electrochemistry | E? values and the direction of electron flow
  p586/886  SAVED  Chapter 8: Electrochemical Cells and Electrode Potentials | Using E? values to predict if a reaction will occur
  p587/886  SAVED  Chapter 8: Electrochemistry | Using standard electrode potentials to predict reaction feasibility
  p588/886  SAVED  Chapter 20: Electrochemistry | 
  p589/886  SAVED  Chapter 8: Electrochemistry | Predicting Feasibility of Redox Reactions
  p590/886  SAVED  Chapter 8: Electrochemistry | Predicting Feasibility of Redox Reactions
  p591/886  SAVED  Chapter 8: Electrochemistry | Predicting Feasibility of Redox Reactions
  p592/886  SAVED  Chapter 20: Electrochemistry | E? values and oxidising and reducing agents
  p593/886  SAVED  Chapter 20: Group 17 ? The Halogens | Standard Electrode Potentials and Displacement Reactions
  p594/886  SAVED  Chapter 8: Equilibrium | Redox Equilibria and Electrode Potential
  p595/886  SAVED  Chapter 8: Equilibrium and Electrode Potentials | The Nernst Equation
  p596/886  SAVED  Chapter 8: Electrode Potentials and the Nernst Equation | The Nernst Equation for Metal/Metal Ion Electrodes
  p597/886  SAVED  Chapter 8: Electrochemistry | Limitations of E? Predictions
  p598/886  SAVED  Chapter 20: Electrochemistry | 20.7 More about electrolysis
  p599/886  SAVED  Chapter 20: Electrochemistry | Selective discharge of ions in aqueous electrolysis
  p600/886  SAVED  Chapter 8: Equilibria | Electrolysis products and solution concentration
  p601/886  SAVED  Chapter 8: Electrochemistry | 
  p602/886  SAVED  Chapter 8: Electrochemistry | Standard Electrode Potentials
  p603/886  SAVED  Chapter 8: Redox Equilibria | Standard Electrode Potential
  p604/886  SAVED  Chapter 8: Redox Equilibria | Standard Electrode Potentials
  p605/886  SAVED  Chapter 8: Electrochemistry | Electrolysis and Faraday's Laws
  p606/886  SAVED  Chapter 8: Electrode Potentials | Using the Nernst Equation
  p607/886  SKIP  Page is a self-evaluation checklist, not instructional content.
  p608/886  SKIP  Page contains only learning intentions and chapter title, no detailed teaching content.
  p609/886  SKIP  Page contains learning objectives and review exercises, no new concept explanation or worked example.
  p610/886  SAVED  Chapter 21: Further aspects of | 
  p611/886  SAVED  Chapter 21: Further aspects of | 21.1 Conjugate acids and conjugate bases
  p612/886  SAVED  Chapter 21: Further aspects of equilibria | The ionic product of water, Kw
  p613/886  SAVED  Chapter 21: Further aspects of | 21.2 pH calculations
  p614/886  SAVED  Chapter 21: Further aspects of | pH calculations and strong acids
  p615/886  SAVED  Chapter 21: Further aspects of acids and bases | pH of strong acids and strong bases
  p616/886  SAVED  Chapter 21: Further aspects of equilibria | Ionisation of water and Kw
  p617/886  SAVED  Chapter 21: Further aspects of equilibria | 21.3 Weak acids: using the acid dissociation constant, Ka
  p618/886  SAVED  Chapter 21: Further aspects of | 
  p619/886  SAVED  Chapter 21: Further aspects of acid-base equilibria | Calculating Ka for a weak acid
  p620/886  SAVED  Chapter 21: Further aspects of acids and bases | Calculating the pH of a weak acid
  p621/886  SKIP  Page contains only an exercise question and a solved calculation; no new conceptual teaching content.
  p622/886  SAVED  Chapter 21: Further aspects of equilibria | 21.4 Buffer solutions
  p623/886  SAVED  Chapter 21: Further aspects of acid-base equilibria | Buffer solutions
  p624/886  SAVED  Chapter 21: Further aspects of acid?base equilibria | Buffer solutions
  p625/886  SAVED  Chapter 21: Further aspects of | Buffer solutions
  p626/886  SAVED  Chapter 21: Further aspects of equilibria | Buffer systems in the body
  p627/886  SAVED  Chapter 21: Further aspects of | Buffer systems in blood
  p628/886  SAVED  Chapter 21: Further Aspects of Equilibria | Equilibrium and solubility
  p629/886  SAVED  Chapter 21: Solubility Product | Solubility product calculations
  p630/886  SAVED  Chapter 4: Solubility Equilibria | Calculating Ksp and Solubility
  p631/886  SAVED  Chapter 4: Solubility Equilibria | Predicting precipitation
  p632/886  SAVED  Chapter 21: Solubility Equilibria | The Common Ion Effect
  p633/886  SAVED  Chapter 4: Chemical Equilibria | Solubility Product
  p634/886  SAVED  Chapter 21: Chemical Equilibria | 21.6 Partition coefficients
  p635/886  SAVED  Chapter 4: Solubility and Partition | Factors Affecting Partition Coefficient
  p636/886  SAVED  Chapter 4: we learned that most ionic compounds dissolve in water. | Partition coefficients and paper chromatography
  p637/886  SKIP  The page contains a reflective exercise asking students to explain previously learned terms, not new teachable content.
  p638/886  SAVED  Chapter 4: Chemical Equilibria | 
  p639/886  SKIP  Page contains only exam-style questions and brief advice; no substantive teaching content to structure into a unit.
  p640/886  SAVED  Chapter 4: Acid-base Equilibria | Buffer solutions
  p641/886  SKIP  Page contains a self-evaluation checklist with learning objectives only, not teachable content.
  p642/886  SKIP  Page contains only learning intentions, no teachable content.
  p643/886  SAVED  Chapter 22: Reaction kinetics | Studying very fast reactions
  p644/886  SAVED  Chapter 22: Reaction kinetics | 
  p645/886  SAVED  Chapter 22: Reaction Kinetics | 22.1 Factors affecting reaction rate
  p646/886  SAVED  Chapter 22: Reaction Kinetics | 22.2 Rate of reaction
  p647/886  SAVED  Chapter 22: Rate equations | 22.3 Rate equations
  p648/886  SAVED  Chapter 22: Reaction Kinetics | Rate Equations and the Rate Constant
  p649/886  SAVED  Chapter 9: Reaction Kinetics | Order of Reaction
  p650/886  SAVED  Chapter 9: Rates of Reaction | Units of k
  p651/886  SKIP  (only 26 words)
  p652/886  SAVED  Chapter 22: Reaction Kinetics | 22.4 Which order of reaction?
  p653/886  SAVED  Chapter 9: Reaction Kinetics | Reaction Orders: First and Second Order
  p654/886  SAVED  Chapter 9: Rate of isomerisation of cyclopropane to propene | Half-life and reaction rates
  p655/886  SAVED  Chapter 9: Rate of isomerisation of cyclopropane to prop | Half-life and Reaction Order
  p656/886  SAVED  Chapter 9: Reaction Kinetics | Half-life and Reaction Order
  p657/886  SAVED  Chapter 22: Reaction Kinetics | 22.5 Calculations involving the rate constant, k
  p658/886  SAVED  Chapter 22: Reaction Kinetics | Half-life of First-Order Reactions
  p659/886  SAVED  Chapter 9: Rate of Reaction | Determining Reaction Order from Rate-Concentration Graphs
  p660/886  SAVED  Chapter 9: Rate of isomerisation of cyclopropane to propene | The effect of temperature on the rate constant
  p661/886  SKIP  (only 15 words)
  p662/886  SAVED  Chapter 22: Reaction Kinetics | 22.6 Deducing order of reaction from raw data
  p663/886  SAVED  Chapter 22: Reaction Kinetics | Determining Rate Equations from Experimental Data
  p664/886  SAVED  Chapter 9: Rate of Reaction | Determining Rate Equations from Experimental Data
  p665/886  SAVED  Chapter 22: Reaction Kinetics | The rate-determining step
  p666/886  SAVED  Chapter 9: Reaction Kinetics | Rate-determining Step and Molecularity
  p667/886  SAVED  Chapter 9: Reaction Kinetics | Predicting the order of a reaction from reaction mechanisms
  p668/886  SKIP  Page contains only reflection questions, no new concepts or explanations.
  p669/886  SAVED  Chapter 22: Transition Elements | 22.8 Catalysis
  p670/886  SAVED  Chapter 22: Catalysis | Homogeneous catalysis
  p671/886  SAVED  Chapter 9: Catalysis | 
  p672/886  SAVED  Chapter 9: Catalysis | Heterogeneous catalysis
  p673/886  SAVED  Chapter 9: Catalysis | Examples of heterogeneous catalysis
  p674/886  SAVED  Chapter 9: Catalysis | Transition elements in catalytic converters
  p675/886  SAVED  Chapter 9: Reaction Kinetics | Summary
  p676/886  SKIP  Page contains only exam-style questions, no new teaching content.
  p677/886  SAVED  Chapter 9: Reaction Kinetics | Determining Rate Equations from Initial Rates
  p678/886  SAVED  Chapter 9: Catalysis | Experimental determination of reaction order
  p679/886  SAVED  Chapter 9: Reaction Kinetics | Determining Rate Equations from Experimental Data
  p680/886  SAVED  Chapter 9: Reaction Kinetics | Determining Rate Equations from Experimental Data
  p681/886  SKIP  The page is a self-evaluation checklist with learning objectives, not teachable content.
  p682/886  SKIP  Page contains only chapter learning intentions, no direct teaching content.
  p683/886  SAVED  Chapter 23: Entropy and Gibbs free energy | Why do rubber bands have elastic properties?
  p684/886  SKIP  The page contains a discussion question about environmental problems in rubber production, not direct teaching of chemistry concepts or principles.
  p685/886  SAVED  Chapter 23: Entropy and Gibbs free | 23.1 Introducing entropy
  p686/886  SAVED  Chapter 23: Entropy and Gibbs free | 23.2 Chance and spontaneous change
  p687/886  SAVED  Chapter 23: Entropy and Gibbs free | 
  p688/886  SAVED  Chapter 23: Entropy and Gibbs free | Comparing entropy values
  p689/886  SAVED  Chapter 23: Entropy and Gibbs free | Trends in Standard Entropy Values
  p690/886  SAVED  Chapter 23: Entropy and Gibbs free | Entropy changes in reactions
  p691/886  SAVED  Chapter 23: Entropy and Gibbs free energy | Predicting entropy changes
  p692/886  SAVED  Chapter 23: Entropy and Gibbs free | 23.3 Calculating entropy changes
  p693/886  SAVED  Chapter 23: Entropy and Gibbs free | Calculating standard entropy change of the system
  p694/886  SAVED  Chapter 23: Entropy and Gibbs free | Calculating the entropy change of the surroundings
  p695/886  SAVED  Chapter 23: Entropy and Gibbs free | Calculating total entropy change
  p696/886  SAVED  Chapter 23: Entropy and Gibbs free | Total standard entropy change
  p697/886  SAVED  Chapter 23: Entropy and Gibbs free | Entropy and temperature
  p698/886  SAVED  Chapter 23: Entropy and Gibbs free energy | Total Entropy Change and Spontaneity
  p699/886  SAVED  Chapter 23: Entropy and Gibbs free | 23.4 Entropy, enthalpy changes and Gibbs free energy
        Supabase error 409: {"code":"23505","details":"Key (subject, form, topic, concept_title)=(AL-Chemistry, AS-A2, Chapter 23: Entropy and Gibbs free, Gibbs Free Energy and Spontaneity) already exists.","hint":null,"message"
  p700/886  DB-ERR  Chapter 23: Entropy and Gibbs free | 23.5 Gibbs free energy
  p701/886  SAVED  Chapter 23: Entropy and Gibbs free | 
  p702/886  SAVED  Chapter 23: Entropy and Gibbs free | Temperature change and reaction spontaneity
  p703/886  SAVED  Chapter 23: Gibbs Free Energy | Spontaneity and Temperature
  p704/886  SAVED  Chapter 23: Chemical Energetics | 23.6 Gibbs free energy calculations
  p705/886  SAVED  Chapter 6: Gibbs Free Energy | Calculating ?G?reaction from Standard Molar Gibbs Free Energies
  p706/886  SAVED  Chapter 23: Gibbs Free Energy and Feasibility | Gibbs free energy change and direction of chemical change
  p707/886  SAVED  Chapter 20: Electrode Potentials | Gibbs free energy change and standard electrode potential
  p708/886  SAVED  Chapter 20: Electrochemistry | Standard Free Energy Change and Cell Potential
  p709/886  SKIP  (only 4 words)
  p710/886  SAVED  Chapter 20: Standard Electrode Potentials and Gibbs Free Energy | 
  p711/886  SKIP  Page contains only exam-style questions, no new teaching content.
  p712/886  SKIP  The page contains only exam-style questions without explanatory content, making it unsuitable for extracting a teachable concept.
  p713/886  SAVED  Chapter 6: to calculate the enthalpy change of | 
  p714/886  SKIP  (only 0 words)
  p715/886  SKIP  Page is a self-evaluation checklist with no teaching content.
  p716/886  SKIP  Page contains only learning intentions and no teachable content.
  p717/886  SAVED  Chapter 24: Transition elements | 
  p718/886  SAVED  Chapter 24: Transition elements | Biological importance of transition metal complexes
  p719/886  SAVED  Chapter 24: Transition elements | 24.1 What is a transition element?
  p720/886  SAVED  Chapter 24: Transition elements | Variable oxidation states
  p721/886  SAVED  Chapter 24: Transition elements | Oxidation states of transition elements
  p722/886  SAVED  Chapter 24: Transition Elements | 24.2 Physical and chemical properties of the transition elements
  p723/886  SAVED  Chapter 20: Standard Electrode Potentials | 
  p724/886  SAVED  Chapter 20: Electrode Potentials and Redox Titrations | Redox Titrations
  p725/886  SAVED  Chapter 20: Redox Reactions and Electrode Potentials | Redox Titrations
  p726/886  SAVED  Chapter 20: Standard Electrode Potentials | 
  p727/886  SKIP  Page contains only reflective self-assessment questions, no new teachable content.
  p728/886  SAVED  Chapter 24: Transition Elements | 24.3 Ligands and complex formation
  p729/886  SAVED  Chapter 24: Transition Elements and Coordination Complexes | Common Ligands and Their Complexes
  p730/886  SAVED  Chapter 24: Stereoisomerism in Transition Metal Complexes | Geometric isomerism in transition metal complexes
  p731/886  SAVED  Chapter 24: Stereoisomerism in Coordination Complexes | Optical Isomerism in Octahedral Complexes with Bidentate Ligands
  p732/886  SAVED  Chapter 14: Stereoisomerism and Ligand Substitution | Substitution of ligands
  p733/886  SAVED  Chapter 24: Transition Elements | 
  p734/886  SAVED  Chapter 14: Stereoisomerism | Stability constants
  p735/886  SAVED  Chapter 14: Stereoisomerism | Stability Constants
  p736/886  SAVED  Chapter 24: Stability Constants and Ligand Exchange | 
  p737/886  SAVED  Chapter 14: Stereoisomerism (with Ligand Exchange and Stability Constants) | Stability Constants and Ligand Displacement
  p738/886  SAVED  Chapter 24: Transition Elements | The colour of complexes
  p739/886  SAVED  Chapter 24: d-Block Chemistry | d-orbital splitting and colour
  p740/886  SKIP  Page contains only student questions and reflection activities, no explanatory teaching content.
  p741/886  SKIP  Page is a summary of chapter content, not a single teachable concept.
  p742/886  SKIP  Page contains only exam-style questions, no explanatory teaching content.
  p743/886  SKIP  The page contains only exam-style questions, no explanatory teaching content.
  p744/886  SKIP  Self-evaluation checklist, no new content.
  p745/886  SKIP  Page is a chapter opener listing learning intentions only, with no detailed teachable content.
  p746/886  SKIP  Page contains only learning objectives and review questions, no new teachable content.
  p747/886  SKIP  The page contains only historical anecdote about Kekulé's dream and a brief mention of vanillin, without any detailed chemical principles, equations, or mechanisms. It does not provide teachable A-Level content.
  p748/886  SAVED  Chapter 25: Benzene and its | 25.1 The benzene ring
  p749/886  SAVED  Chapter 25: Benzene and its compounds | 
  p750/886  SKIP  The page contains only end-of-section questions and a discussion activity, no explanatory content to form a teaching unit.
  p751/886  SAVED  Chapter 25: Benzene and its compounds | 25.2 Reactions of arenes
  p752/886  SAVED  Chapter 25: Benzene and its derivatives | Nitration of benzene
  p753/886  SAVED  Chapter 25: Benzene and its Compounds | Nitration of Benzene
  p754/886  SAVED  Chapter 25: Benzene and its Compounds | Friedel-Crafts Reactions
  p755/886  SAVED  Chapter 25: Benzene and its compounds | Alkylation and acylation of benzene
  p756/886  SAVED  Chapter 25: Benzene and its Compounds | Oxidation of the side-chain in arenes
  p757/886  SKIP  Page contains only a reflection/discussion activity with no new chemical content.
  p758/886  SAVED  Chapter 25: Benzene and its compounds | 25.3 Phenol
  p759/886  SAVED  Chapter 25: Benzene and its compounds | Acidity of phenol
  p760/886  SKIP  (only 25 words)
  p761/886  SAVED  Chapter 25: Benzene and its compounds | 25.4 Reactions of phenol
  p762/886  SAVED  Chapter 25: Benzene and its compounds | Activation of benzene ring by phenol
  p763/886  SKIP  Page contains only exam-style questions and reflection activities, no explanatory content.
  p764/886  SAVED  Chapter 25: Arenes | SUMMARY
  p765/886  SKIP  Page contains only exam-style questions, no teaching content.
  p766/886  SAVED  Chapter 25: Benzene and its Reactions | Nitration of Benzene
  p767/886  SKIP  Page is a self-evaluation checklist, not teachable content.
  p768/886  SAVED  Chapter 26: Carboxylic acids and their derivatives | Learning Intentions
  p769/886  SAVED  Chapter 26: Carboxylic acids and their derivatives | TRANS-FATTY ACIDS
  p770/886  SAVED  Chapter 26: Carboxylic acids and their | 
  p771/886  SAVED  Chapter 26: Carboxylic acids and their | 26.1 The acidity of carboxylic acids
  p772/886  SAVED  Chapter 26: Carboxylic acids and their | 
  p773/886  SKIP  (only 30 words)
  p774/886  SAVED  Chapter 26: Carboxylic Acids | Oxidation of two carboxylic acids
  p775/886  SAVED  Chapter 17: Oxidation of Primary Alcohols | Preparation of Carboxylic Acids and Redox Titrations
  p776/886  SAVED  Chapter 26: Carboxylic Acids and Their Derivatives | 26.3 Acyl chlorides
  p777/886  SAVED  Chapter 17: that primary alcohols can be oxidised by heating with acidif | Acyl chlorides
  p778/886  SAVED  Chapter 26: Acyl Chlorides | Hydrolysis and reactions with alcohols
  p779/886  SAVED  Chapter 26: Carboxylic Acids and Their Derivatives | Reactions of Acyl Chlorides
  p780/886  SAVED  Chapter 26: Acyl Chlorides and Amines | Reaction of Acyl Chlorides with Amines
  p781/886  SAVED  Chapter 26: Carboxylic Acids and Acyl Chlorides | 
  p782/886  SKIP  Page contains only exam-style questions, no explanatory content.
  p783/886  SKIP  Page contains only a self-evaluation checklist, not teachable content.
  p784/886  SKIP  Page only contains learning intentions, no actual teaching content or explanations.
  p785/886  SKIP  Page contains only learning objectives, review questions, and an anecdotal history—no detailed teaching content or explanations to structure.
  p786/886  SKIP  Page contains only discussion questions and figures, no explanatory content.
  p787/886  SAVED  Chapter 27: Organic nitrogen | 27.1 Amines
  p788/886  SAVED  Chapter 27: Organic nitrogen | Amines as bases
  p789/886  SKIP  (only 31 words)
  p790/886  SAVED  Chapter 27: Amines | 27.2 Formation of amines
  p791/886  SAVED  Chapter 27: Amines | Reactions of phenylamine
  p792/886  SAVED  Chapter 27: Azo Dyes | Azo Dyes: Diazotisation and Coupling Reaction
  p793/886  SAVED  Chapter 27: Aromatic Amines and Azo Dyes | Azo Dyes and Coupling Reactions
  p794/886  SAVED  Chapter 27: Amino acids and proteins | 27.3 Amino acids
  p795/886  SAVED  Chapter 16: Amino Acids and Proteins | The Isoelectric Point
  p796/886  SAVED  Chapter 27: Amino Acids and Proteins | 27.4 Peptides
  p797/886  SAVED  Chapter 27: Amines, Amino Acids, and Amides | 27.5 Reactions of the amides
  p798/886  SAVED  Chapter 16: Nucleophilic Substitution | Hydrolysis of Amides
  p799/886  SAVED  Chapter 27: Amino Acids and Proteins | How electrophoresis works
  p800/886  SAVED  Chapter 27: Amino Acids, Proteins, and DNA | Gel Electrophoresis
  p801/886  SKIP  Page contains only practice question fragments and reflection activities, no teachable content.
  p802/886  SAVED  Chapter 27: Amines, Amino Acids and Proteins | Summary
  p803/886  SKIP  Page contains only exam-style questions, no teachable content such as explanations, mechanisms, or worked examples.
  p804/886  SKIP  Page contains only exam questions without explanatory content.
  p805/886  SKIP  Self-evaluation checklist, no new content to teach.
  p806/886  SKIP  This page contains only the chapter title and learning intentions, no substantive teachable content.
  p807/886  SAVED  Chapter 28: Polymerisation | CONDUCTING POLYMERS
  p808/886  SAVED  Chapter 28: Polymerisation | Conducting polymers
  p809/886  SAVED  Chapter 28: Polymerisation | 28.1 Condensation polymerisation
  p810/886  SKIP  Page contains only review questions and reflection, no explanatory content.
  p811/886  SAVED  Chapter 28: Synthetic Polymers | 28.2 Synthetic polyamides
  p812/886  SAVED  Chapter 28: Polyamides and Kevlar | Kevlar: Structure and Properties
  p813/886  SKIP  Page contains only exam-style questions and a reflection activity, with no explanatory content or worked examples to structure as a teaching unit.
  p814/886  SAVED  Chapter 28: Biochemical polyamides | 28.3 Biochemical polyamides
  p815/886  SAVED  Chapter 27: Amino Acids and Peptides | Polypeptides and Proteins
  p816/886  SAVED  Chapter 27: Condensation Polymers | Polyesters
  p817/886  SAVED  Chapter 28: Polymerisation | 28.4 Degradable polymers
  p818/886  SAVED  Chapter 27: Amino acids, peptides and polymers | 
  p819/886  SAVED  Chapter 28: Polymers | 28.5 Polymer deductions
  p820/886  SAVED  Chapter 27: Amino Acids and Polymers | Deducing the type of polymerisation reaction
  p821/886  SAVED  Chapter 27: Condensation Polymers | Condensation Polymers
  p822/886  SAVED  Chapter 15: Polymerisation | Summary
  p823/886  SKIP  Page contains only exam-style questions, no explanatory content.
  p824/886  SKIP  Page contains only exam-style questions with no explanatory or instructional content.
  p825/886  SKIP  Page is a self-evaluation checklist with no teachable content.
  p826/886  SKIP  Page contains only learning objectives for Chapter 29, no substantive teachable content.
  p827/886  SAVED  Chapter 29: Designing Drugs | Designing a Drug
  p828/886  SAVED  Chapter 14: Drug Design and Molecular Modelling | Computer-Aided Drug Design
  p829/886  SAVED  Chapter 29: Chirality in pharmaceutical synthesis | 29.1 Chirality in pharmaceutical synthesis
  p830/886  SAVED  Chapter 29: Optical Isomerism and Drugs | 29.2 Preparing pure enantiomers for use as drugs
  p831/886  SAVED  Chapter 14: Chirality and Pharmaceuticals | Chiral Catalysts in Drug Synthesis
  p832/886  SKIP  Page is a study guide/revision section with reflection questions and general advice on synthetic routes, not containing new teachable chemical content or explanations.
  p833/886  SAVED  Chapter 29: Organic Synthesis | Planning Synthetic Routes
  p834/886  SAVED  Chapter 16: Halogenoalkanes and Synthetic Routes | Addition of Carbon Atoms via Nitrile Formation from Halogenoalkanes
  p835/886  SKIP  The page contains a reflection activity, not teachable chemical content.
  p836/886  SAVED  Chapter 16: Halogenoalkanes | Summary
  p837/886  SKIP  The page contains only exam-style questions, not instructional content.
  p838/886  SKIP  Page contains only exam-style questions, no explanatory teaching content.
  p839/886  SKIP  Page contains only a self-evaluation checklist, no explanatory content to teach.
  p840/886  SKIP  Page contains only chapter title and learning intentions, no teachable content.
  p841/886  SKIP  Page contains only introductory material and group activity suggestions, not teachable A-Level content.
  p842/886  SKIP  Page contains only images, figure captions, and discussion questions; no substantive chemical content or principles to teach.
  p843/886  SAVED  Chapter 30: Analytical chemistry | 30.1 General principles of chromatography
  p844/886  SAVED  Chapter 30: Analytical chemistry | Paper chromatography
  p845/886  SAVED  Chapter 30: Analytical chemistry | 30.2 Thin-layer chromatography
  p846/886  SAVED  Chapter 30: Analytical chemistry | Thin-layer chromatography (TLC)
  p847/886  SAVED  Chapter 30: Analytical chemistry | 30.3 Gas?liquid chromatography
  p848/886  SAVED  Chapter 30: Analytical chemistry | Gas?liquid chromatography (GLC) ? quantitative analysis
  p849/886  SKIP  Page contains only a reflection and a question, no explanatory content to structure into a teaching unit.
  p850/886  SAVED  Chapter 30: Analytical chemistry | 30.4 Proton (1H) nuclear magnetic resonance
  p851/886  SAVED  Chapter 30: Analytical chemistry | NMR Spectroscopy: Standards and Solvents
  p852/886  SAVED  Chapter 30: Analytical chemistry | 
  p853/886  SAVED  Chapter 30: Analytical chemistry | High-resolution NMR spectroscopy
  p854/886  SAVED  Chapter 30: Analytical chemistry | High-resolution NMR spectroscopy
  p855/886  SAVED  Chapter 30: Analytical chemistry | 
  p856/886  SAVED  Chapter 30: Analytical chemistry | Identifying -OH and -NH groups in NMR spectroscopy
  p857/886  SAVED  Chapter 30: Analytical chemistry | Proton NMR spectroscopy
  p858/886  SAVED  Chapter 30: Analytical chemistry | 30.5 Carbon-13 NMR spectroscopy
  p859/886  SAVED  Chapter 30: Analytical chemistry | Carbon-13 NMR Spectroscopy
  p860/886  SKIP  Page contains only reflection prompts for students, no teachable chemistry content.
  p861/886  SAVED  Chapter 30: Chromatography and NMR Spectroscopy | 
  p862/886  SKIP  Page contains only exam-style questions, not explanatory content.
  p863/886  SKIP  Page contains only exam-style practice questions, no explanatory content.
  p864/886  SAVED  Chapter 30: Organic Analysis | Empirical and Molecular Formula Determination
  p865/886  SKIP  (only 32 words)
  p866/886  SKIP  Self-evaluation checklist, no new teaching content.
  p867/886  SKIP  (only 6 words)
  p868/886  SKIP  Page contains only introductory text about practical skills examination, no specific chemical concept to teach.
  p869/886  SAVED  Chapter 30: Practical Skills | P2.2 Planning
  p870/886  SAVED  Chapter 30: Practical Skills and Methods | Methods
  p871/886  SAVED  Chapter 30: Experimental Planning and Processing Results | Enthalpy Change Experiment Planning
  p872/886  SAVED  Chapter 30: Experimental Techniques and Analysis | Determination of Empirical Formulas by Reduction
  p873/886  SKIP  The page contains only a list of learning objectives for practical skills (analysis, evaluation, conclusions) with no specific chemistry content, equations, mechanisms, or principles to teach.
  p874/886  SAVED  Chapter 30: Practical Skills | P2.4 The three remaining skills
  p875/886  SAVED  Chapter 30: Practical Skills in Chemistry | Graph Plotting and Evaluation of Results
  p876/886  SAVED  Chapter 30: Data Analysis in Practical Chemistry | Points to remember
  p877/886  SAVED  Chapter 30: Planning, Analysis and Evaluation | Summary
  p878/886  SKIP  Page contains only exam-style questions, not teaching content.
  p879/886  SKIP  The extracted text is an exam-style question about dyes, not a teaching unit with explanatory content.
  p880/886  SKIP  (only 8 words)
  p881/886  SKIP  Page is a reference table of standard electrode potentials, not instructional content.
  p882/886  SAVED  Chapter 30: Electrochemistry | Standard Electrode Potentials
  p883/886  SKIP  Page contains only reference tables of qualitative analysis reactions, not a teachable concept or explanation suitable for a teaching unit.
  p884/886  SAVED  Chapter 30: Qualitative Analysis | Tests for Anions, Gases, and Iodine
  p885/886  SKIP  Page contains only image credits/acknowledgements, no teachable chemistry content.
  p886/886  SKIP  Page contains only copyright and publishing information, no chemistry content.
------------------------------------------------------------
DONE: 653 saved, 221 skipped, 3 errors
Backup: C:\Learnova\AL-Chemistry_FAS-A2_results.json
DONE: 653 saved, 221 skipped, 3 errors
