Processing: C:\Users\Yong\Downloads\Learnova A Levels\text books\A Levels Further Mathematics 1\Cambridge AS & A Level Further Mathematics Full.pdf
Subject: AL-FurtherMaths  Form: AS-A2  Pages: 10-646 of 646
------------------------------------------------------------
  p 10/646  SKIP  (only 0 words)
  p 11/646  SKIP  (only 0 words)
  p 12/646  SKIP  (only 0 words)
  p 13/646  SKIP  (only 0 words)
  p 14/646  SKIP  (only 0 words)
  p 15/646  SKIP  (only 0 words)
  p 16/646  SKIP  (only 0 words)
  p 17/646  SKIP  (only 0 words)
  p 18/646  SKIP  (only 0 words)
  p 19/646  SKIP  (only 0 words)
  p 20/646  SKIP  (only 0 words)
  p 21/646  SKIP  (only 0 words)
  p 22/646  SKIP  (only 0 words)
  p 23/646  SKIP  (only 0 words)
  p 24/646  SKIP  (only 0 words)
  p 25/646  SKIP  (only 0 words)
  p 26/646  SKIP  (only 0 words)
  p 27/646  SKIP  (only 0 words)
  p 28/646  SKIP  (only 0 words)
  p 29/646  SKIP  (only 0 words)
  p 30/646  SKIP  (only 0 words)
  p 31/646  SKIP  (only 0 words)
  p 32/646  SKIP  (only 0 words)
  p 33/646  SKIP  (only 0 words)
  p 34/646  SKIP  (only 0 words)
  p 35/646  SKIP  (only 0 words)
  p 36/646  SKIP  (only 0 words)
  p 37/646  SKIP  (only 0 words)
  p 38/646  SKIP  (only 0 words)
  p 39/646  SKIP  (only 0 words)
  p 40/646  SKIP  (only 0 words)
  p 41/646  SKIP  (only 0 words)
  p 42/646  SKIP  (only 0 words)
  p 43/646  SKIP  (only 0 words)
  p 44/646  SKIP  (only 0 words)
  p 45/646  SKIP  (only 0 words)
  p 46/646  SKIP  (only 0 words)
  p 47/646  SKIP  (only 0 words)
  p 48/646  SKIP  (only 0 words)
  p 49/646  SKIP  (only 0 words)
  p 50/646  SKIP  (only 0 words)
  p 51/646  SKIP  (only 0 words)
  p 52/646  SKIP  (only 0 words)
  p 53/646  SKIP  (only 0 words)
  p 54/646  SKIP  (only 0 words)
  p 55/646  SKIP  (only 0 words)
  p 56/646  SKIP  (only 0 words)
  p 57/646  SKIP  (only 0 words)
  p 58/646  SKIP  (only 0 words)
  p 59/646  SKIP  (only 0 words)
  p 60/646  SKIP  (only 0 words)
  p 61/646  SKIP  (only 0 words)
  p 62/646  SKIP  (only 0 words)
  p 63/646  SKIP  (only 0 words)
  p 64/646  SKIP  (only 0 words)
  p 65/646  SKIP  (only 0 words)
  p 66/646  SKIP  (only 0 words)
  p 67/646  SKIP  (only 0 words)
  p 68/646  SKIP  (only 0 words)
  p 69/646  SKIP  (only 0 words)
  p 70/646  SKIP  (only 0 words)
  p 71/646  SKIP  (only 0 words)
  p 72/646  SKIP  (only 0 words)
  p 73/646  SKIP  (only 0 words)
  p 74/646  SKIP  (only 0 words)
  p 75/646  SKIP  (only 0 words)
  p 76/646  SKIP  (only 0 words)
  p 77/646  SKIP  (only 0 words)
  p 78/646  SKIP  (only 0 words)
  p 79/646  SKIP  (only 0 words)
  p 80/646  SKIP  (only 0 words)
  p 81/646  SKIP  (only 0 words)
  p 82/646  SKIP  (only 0 words)
  p 83/646  SKIP  (only 0 words)
  p 84/646  SKIP  (only 0 words)
  p 85/646  SKIP  (only 0 words)
  p 86/646  SKIP  (only 0 words)
  p 87/646  SKIP  (only 0 words)
  p 88/646  SKIP  (only 0 words)
  p 89/646  SKIP  (only 0 words)
  p 90/646  SKIP  (only 0 words)
  p 91/646  SKIP  (only 0 words)
  p 92/646  SKIP  (only 0 words)
  p 93/646  SKIP  (only 0 words)
  p 94/646  SKIP  (only 0 words)
  p 95/646  SKIP  (only 0 words)
  p 96/646  SKIP  (only 0 words)
  p 97/646  SKIP  (only 0 words)
  p 98/646  SKIP  (only 0 words)
  p 99/646  SKIP  (only 0 words)
  p100/646  SKIP  (only 0 words)
  p101/646  SKIP  (only 0 words)
  p102/646  SKIP  (only 0 words)
  p103/646  SKIP  (only 0 words)
  p104/646  SKIP  (only 0 words)
  p105/646  SKIP  (only 0 words)
  p106/646  SKIP  (only 0 words)
  p107/646  SKIP  (only 0 words)
  p108/646  SKIP  (only 0 words)
  p109/646  SKIP  (only 0 words)
  p110/646  SKIP  (only 0 words)
  p111/646  SKIP  (only 0 words)
  p112/646  SKIP  (only 0 words)
  p113/646  SKIP  (only 0 words)
  p114/646  SKIP  (only 0 words)
  p115/646  SKIP  (only 0 words)
  p116/646  SKIP  (only 0 words)
  p117/646  SKIP  (only 0 words)
  p118/646  SKIP  (only 0 words)
  p119/646  SKIP  (only 0 words)
  p120/646  SKIP  (only 0 words)
  p121/646  SKIP  (only 0 words)
  p122/646  SKIP  (only 0 words)
  p123/646  SKIP  (only 0 words)
  p124/646  SKIP  (only 0 words)
  p125/646  SKIP  (only 0 words)
  p126/646  SKIP  (only 0 words)
  p127/646  SKIP  (only 0 words)
  p128/646  SKIP  (only 0 words)
  p129/646  SKIP  (only 0 words)
  p130/646  SKIP  (only 0 words)
  p131/646  SKIP  (only 0 words)
  p132/646  SKIP  (only 0 words)
  p133/646  SKIP  (only 0 words)
  p134/646  SKIP  (only 0 words)
  p135/646  SKIP  (only 0 words)
  p136/646  SKIP  (only 0 words)
  p137/646  SKIP  (only 0 words)
  p138/646  SKIP  (only 0 words)
  p139/646  SKIP  (only 0 words)
  p140/646  SKIP  (only 0 words)
  p141/646  SKIP  (only 0 words)
  p142/646  SKIP  (only 0 words)
  p143/646  SKIP  (only 0 words)
  p144/646  SKIP  (only 0 words)
  p145/646  SKIP  (only 0 words)
  p146/646  SKIP  (only 0 words)
  p147/646  SKIP  (only 0 words)
  p148/646  SKIP  (only 0 words)
  p149/646  SKIP  (only 0 words)
  p150/646  SKIP  (only 0 words)
  p151/646  SKIP  (only 0 words)
  p152/646  SKIP  (only 0 words)
  p153/646  SKIP  (only 0 words)
  p154/646  SKIP  (only 0 words)
  p155/646  SKIP  (only 0 words)
  p156/646  SKIP  (only 0 words)
  p157/646  SKIP  (only 0 words)
  p158/646  SKIP  (only 0 words)
  p159/646  SKIP  (only 0 words)
  p160/646  SKIP  (only 0 words)
  p161/646  SKIP  (only 0 words)
  p162/646  SKIP  (only 0 words)
  p163/646  SKIP  (only 0 words)
  p164/646  SKIP  (only 0 words)
  p165/646  SKIP  (only 0 words)
  p166/646  SKIP  (only 0 words)
  p167/646  SKIP  (only 0 words)
  p168/646  SKIP  (only 0 words)
  p169/646  SKIP  (only 0 words)
  p170/646  SKIP  (only 0 words)
  p171/646  SKIP  (only 0 words)
  p172/646  SKIP  (only 0 words)
  p173/646  SKIP  (only 0 words)
  p174/646  SKIP  (only 0 words)
  p175/646  SKIP  (only 0 words)
  p176/646  SKIP  (only 0 words)
  p177/646  SKIP  (only 0 words)
  p178/646  SKIP  (only 0 words)
  p179/646  SKIP  (only 0 words)
  p180/646  SKIP  (only 0 words)
  p181/646  SKIP  (only 0 words)
  p182/646  SKIP  (only 0 words)
  p183/646  SKIP  (only 0 words)
  p184/646  SKIP  (only 0 words)
  p185/646  SKIP  (only 0 words)
  p186/646  SKIP  (only 0 words)
  p187/646  SKIP  (only 0 words)
  p188/646  SKIP  (only 0 words)
  p189/646  SKIP  (only 0 words)
  p190/646  SKIP  (only 0 words)
  p191/646  SKIP  (only 0 words)
  p192/646  SKIP  (only 0 words)
  p193/646  SKIP  (only 0 words)
  p194/646  SKIP  (only 0 words)
  p195/646  SKIP  (only 0 words)
  p196/646  SKIP  (only 0 words)
  p197/646  SKIP  (only 0 words)
  p198/646  SKIP  (only 0 words)
  p199/646  SKIP  (only 0 words)
  p200/646  SKIP  (only 0 words)
  p201/646  SKIP  (only 0 words)
  p202/646  SKIP  (only 0 words)
  p203/646  SKIP  (only 0 words)
  p204/646  SKIP  (only 0 words)
  p205/646  SKIP  (only 0 words)
  p206/646  SKIP  (only 0 words)
  p207/646  SKIP  (only 0 words)
  p208/646  SKIP  (only 0 words)
  p209/646  SKIP  (only 0 words)
  p210/646  SKIP  (only 0 words)
  p211/646  SKIP  (only 0 words)
  p212/646  SKIP  (only 0 words)
  p213/646  SKIP  (only 0 words)
  p214/646  SKIP  (only 0 words)
  p215/646  SKIP  (only 0 words)
  p216/646  SKIP  (only 0 words)
  p217/646  SKIP  (only 0 words)
  p218/646  SKIP  (only 0 words)
  p219/646  SKIP  (only 0 words)
  p220/646  SKIP  (only 0 words)
  p221/646  SKIP  (only 0 words)
  p222/646  SKIP  (only 0 words)
  p223/646  SKIP  (only 0 words)
  p224/646  SKIP  (only 0 words)
  p225/646  SKIP  (only 0 words)
  p226/646  SKIP  (only 0 words)
  p227/646  SKIP  (only 0 words)
  p228/646  SKIP  (only 0 words)
  p229/646  SKIP  (only 0 words)
  p230/646  SKIP  (only 0 words)
  p231/646  SKIP  (only 0 words)
  p232/646  SKIP  (only 0 words)
  p233/646  SKIP  (only 0 words)
  p234/646  SKIP  (only 0 words)
  p235/646  SKIP  (only 0 words)
  p236/646  SKIP  (only 0 words)
  p237/646  SKIP  (only 0 words)
  p238/646  SKIP  (only 0 words)
  p239/646  SKIP  (only 0 words)
  p240/646  SKIP  (only 0 words)
  p241/646  SKIP  (only 0 words)
  p242/646  SKIP  (only 0 words)
  p243/646  SKIP  (only 0 words)
  p244/646  SKIP  (only 0 words)
  p245/646  SKIP  (only 0 words)
  p246/646  SKIP  (only 0 words)
  p247/646  SKIP  (only 0 words)
  p248/646  SKIP  (only 0 words)
  p249/646  SKIP  (only 0 words)
  p250/646  SKIP  (only 0 words)
  p251/646  SKIP  (only 0 words)
  p252/646  SKIP  (only 0 words)
  p253/646  SKIP  (only 0 words)
  p254/646  SKIP  (only 0 words)
  p255/646  SKIP  (only 0 words)
  p256/646  SKIP  (only 0 words)
  p257/646  SKIP  (only 0 words)
  p258/646  SKIP  (only 0 words)
  p259/646  SKIP  (only 0 words)
  p260/646  SKIP  (only 0 words)
  p261/646  SKIP  (only 0 words)
  p262/646  SKIP  (only 0 words)
  p263/646  SKIP  (only 0 words)
  p264/646  SKIP  (only 0 words)
  p265/646  SKIP  (only 0 words)
  p266/646  SKIP  (only 0 words)
  p267/646  SKIP  (only 0 words)
  p268/646  SKIP  (only 0 words)
  p269/646  SKIP  (only 0 words)
  p270/646  SKIP  (only 0 words)
  p271/646  SKIP  (only 0 words)
  p272/646  SKIP  (only 0 words)
  p273/646  SKIP  (only 0 words)
  p274/646  SKIP  (only 0 words)
  p275/646  SKIP  (only 0 words)
  p276/646  SKIP  (only 0 words)
  p277/646  SKIP  (only 0 words)
  p278/646  SKIP  (only 0 words)
  p279/646  SKIP  (only 0 words)
  p280/646  SKIP  (only 0 words)
  p281/646  SKIP  (only 0 words)
  p282/646  SKIP  (only 0 words)
  p283/646  SKIP  (only 0 words)
  p284/646  SKIP  (only 0 words)
  p285/646  SKIP  (only 0 words)
  p286/646  SKIP  (only 0 words)
  p287/646  SKIP  (only 0 words)
  p288/646  SKIP  (only 0 words)
  p289/646  SKIP  (only 0 words)
  p290/646  SKIP  (only 0 words)
  p291/646  SKIP  (only 0 words)
  p292/646  SKIP  (only 0 words)
  p293/646  SKIP  (only 0 words)
  p294/646  SKIP  (only 0 words)
  p295/646  SKIP  (only 0 words)
  p296/646  SKIP  (only 0 words)
  p297/646  SKIP  (only 0 words)
  p298/646  SKIP  (only 0 words)
  p299/646  SKIP  (only 0 words)
  p300/646  SKIP  (only 0 words)
  p301/646  SKIP  (only 0 words)
  p302/646  SKIP  (only 0 words)
  p303/646  SKIP  (only 0 words)
  p304/646  SKIP  (only 0 words)
  p305/646  SKIP  (only 0 words)
  p306/646  SKIP  (only 0 words)
  p307/646  SKIP  (only 0 words)
  p308/646  SKIP  (only 0 words)
  p309/646  SKIP  (only 0 words)
  p310/646  SKIP  (only 0 words)
  p311/646  SKIP  (only 0 words)
  p312/646  SKIP  (only 0 words)
  p313/646  SKIP  (only 0 words)
  p314/646  SKIP  (only 0 words)
  p315/646  SKIP  (only 0 words)
  p316/646  SKIP  (only 0 words)
  p317/646  SKIP  (only 0 words)
  p318/646  SKIP  (only 0 words)
  p319/646  SKIP  (only 0 words)
  p320/646  SKIP  (only 0 words)
  p321/646  SKIP  (only 0 words)
  p322/646  SKIP  (only 0 words)
  p323/646  SKIP  (only 0 words)
  p324/646  SKIP  (only 0 words)
  p325/646  SKIP  (only 0 words)
  p326/646  SKIP  (only 0 words)
  p327/646  SKIP  (only 0 words)
  p328/646  SKIP  (only 0 words)
  p329/646  SKIP  (only 0 words)
  p330/646  SKIP  (only 0 words)
  p331/646  SKIP  (only 0 words)
  p332/646  SKIP  (only 0 words)
  p333/646  SKIP  (only 0 words)
  p334/646  SKIP  (only 0 words)
  p335/646  SKIP  (only 0 words)
  p336/646  SKIP  (only 0 words)
  p337/646  SKIP  (only 0 words)
  p338/646  SKIP  (only 0 words)
  p339/646  SKIP  (only 0 words)
  p340/646  SKIP  (only 0 words)
  p341/646  SKIP  (only 0 words)
  p342/646  SKIP  (only 0 words)
  p343/646  SKIP  (only 0 words)
  p344/646  SKIP  (only 0 words)
  p345/646  SKIP  (only 0 words)
  p346/646  SKIP  (only 0 words)
  p347/646  SKIP  (only 0 words)
  p348/646  SKIP  (only 0 words)
  p349/646  SKIP  (only 0 words)
  p350/646  SKIP  (only 0 words)
  p351/646  SKIP  (only 0 words)
  p352/646  SKIP  (only 0 words)
  p353/646  SKIP  (only 0 words)
  p354/646  SKIP  (only 0 words)
  p355/646  SKIP  (only 0 words)
  p356/646  SKIP  (only 0 words)
  p357/646  SKIP  (only 0 words)
  p358/646  SKIP  (only 0 words)
  p359/646  SKIP  (only 0 words)
  p360/646  SKIP  (only 0 words)
  p361/646  SKIP  (only 0 words)
  p362/646  SKIP  (only 0 words)
  p363/646  SKIP  (only 0 words)
  p364/646  SKIP  (only 0 words)
  p365/646  SKIP  (only 0 words)
  p366/646  SKIP  (only 0 words)
  p367/646  SKIP  (only 0 words)
  p368/646  SKIP  (only 0 words)
  p369/646  SKIP  (only 0 words)
  p370/646  SKIP  (only 0 words)
  p371/646  SKIP  (only 0 words)
  p372/646  SKIP  (only 0 words)
  p373/646  SKIP  (only 0 words)
  p374/646  SKIP  (only 0 words)
  p375/646  SKIP  (only 0 words)
  p376/646  SKIP  (only 0 words)
  p377/646  SKIP  (only 0 words)
  p378/646  SKIP  (only 0 words)
  p379/646  SKIP  (only 0 words)
  p380/646  SKIP  (only 0 words)
  p381/646  SKIP  (only 0 words)
  p382/646  SKIP  (only 0 words)
  p383/646  SKIP  (only 0 words)
  p384/646  SKIP  (only 0 words)
  p385/646  SKIP  (only 0 words)
  p386/646  SKIP  (only 0 words)
  p387/646  SKIP  (only 0 words)
  p388/646  SKIP  (only 0 words)
  p389/646  SKIP  (only 0 words)
  p390/646  SKIP  (only 0 words)
  p391/646  SKIP  (only 0 words)
  p392/646  SKIP  (only 0 words)
  p393/646  SKIP  (only 0 words)
  p394/646  SKIP  (only 0 words)
  p395/646  SKIP  (only 0 words)
  p396/646  SKIP  (only 0 words)
  p397/646  SKIP  (only 0 words)
  p398/646  SKIP  (only 0 words)
  p399/646  SKIP  (only 0 words)
  p400/646  SKIP  (only 0 words)
  p401/646  SKIP  (only 0 words)
  p402/646  SKIP  (only 0 words)
  p403/646  SKIP  (only 0 words)
  p404/646  SKIP  (only 0 words)
  p405/646  SKIP  (only 0 words)
  p406/646  SKIP  (only 0 words)
  p407/646  SKIP  (only 0 words)
  p408/646  SKIP  (only 0 words)
  p409/646  SKIP  (only 0 words)
  p410/646  SKIP  (only 0 words)
  p411/646  SKIP  (only 0 words)
  p412/646  SKIP  (only 0 words)
  p413/646  SKIP  (only 0 words)
  p414/646  SKIP  (only 0 words)
  p415/646  SKIP  (only 0 words)
  p416/646  SKIP  (only 0 words)
  p417/646  SKIP  (only 0 words)
  p418/646  SKIP  (only 0 words)
  p419/646  SKIP  (only 0 words)
  p420/646  SKIP  (only 0 words)
  p421/646  SKIP  (only 0 words)
  p422/646  SKIP  (only 0 words)
  p423/646  SKIP  (only 0 words)
  p424/646  SKIP  (only 0 words)
  p425/646  SKIP  (only 0 words)
  p426/646  SKIP  (only 0 words)
  p427/646  SKIP  (only 0 words)
  p428/646  SKIP  (only 0 words)
  p429/646  SKIP  (only 0 words)
  p430/646  SKIP  (only 0 words)
  p431/646  SKIP  (only 0 words)
  p432/646  SKIP  (only 0 words)
  p433/646  SKIP  (only 0 words)
  p434/646  SKIP  (only 0 words)
  p435/646  SKIP  (only 0 words)
  p436/646  SKIP  (only 0 words)
  p437/646  SKIP  (only 0 words)
  p438/646  SKIP  (only 0 words)
  p439/646  SKIP  (only 0 words)
  p440/646  SKIP  (only 0 words)
  p441/646  SKIP  (only 0 words)
  p442/646  SKIP  (only 0 words)
  p443/646  SKIP  (only 0 words)
  p444/646  SKIP  (only 0 words)
  p445/646  SKIP  (only 0 words)
  p446/646  SKIP  (only 0 words)
  p447/646  SKIP  (only 0 words)
  p448/646  SKIP  (only 0 words)
  p449/646  SKIP  (only 0 words)
  p450/646  SKIP  (only 0 words)
  p451/646  SKIP  (only 0 words)
  p452/646  SKIP  (only 0 words)
  p453/646  SKIP  (only 0 words)
  p454/646  SKIP  (only 0 words)
  p455/646  SKIP  (only 0 words)
  p456/646  SKIP  (only 0 words)
  p457/646  SKIP  (only 0 words)
  p458/646  SKIP  (only 0 words)
  p459/646  SKIP  (only 0 words)
  p460/646  SKIP  (only 0 words)
  p461/646  SKIP  (only 0 words)
  p462/646  SKIP  (only 0 words)
  p463/646  SKIP  (only 0 words)
  p464/646  SKIP  (only 0 words)
  p465/646  SKIP  (only 0 words)
  p466/646  SKIP  (only 0 words)
  p467/646  SKIP  (only 0 words)
  p468/646  SKIP  (only 0 words)
  p469/646  SKIP  (only 0 words)
  p470/646  SKIP  (only 0 words)
  p471/646  SKIP  (only 0 words)
  p472/646  SKIP  (only 0 words)
  p473/646  SKIP  (only 0 words)
  p474/646  SKIP  (only 0 words)
  p475/646  SKIP  (only 0 words)
  p476/646  SKIP  (only 0 words)
  p477/646  SKIP  (only 0 words)
  p478/646  SKIP  (only 0 words)
  p479/646  SKIP  (only 0 words)
  p480/646  SKIP  (only 0 words)
  p481/646  SKIP  (only 0 words)
  p482/646  SKIP  (only 0 words)
  p483/646  SKIP  (only 0 words)
  p484/646  SKIP  (only 0 words)
  p485/646  SKIP  (only 0 words)
  p486/646  SKIP  (only 0 words)
  p487/646  SKIP  (only 0 words)
  p488/646  SKIP  (only 0 words)
  p489/646  SKIP  (only 0 words)
  p490/646  SKIP  (only 0 words)
  p491/646  SKIP  (only 0 words)
  p492/646  SKIP  (only 0 words)
  p493/646  SKIP  (only 0 words)
  p494/646  SKIP  (only 0 words)
  p495/646  SKIP  (only 0 words)
  p496/646  SKIP  (only 0 words)
  p497/646  SKIP  (only 0 words)
  p498/646  SKIP  (only 0 words)
  p499/646  SKIP  (only 0 words)
  p500/646  SKIP  (only 0 words)
  p501/646  SKIP  (only 0 words)
  p502/646  SKIP  (only 0 words)
  p503/646  SKIP  (only 0 words)
  p504/646  SKIP  (only 0 words)
  p505/646  SKIP  (only 0 words)
  p506/646  SKIP  (only 0 words)
  p507/646  SKIP  (only 0 words)
  p508/646  SKIP  (only 0 words)
  p509/646  SKIP  (only 0 words)
  p510/646  SKIP  (only 0 words)
  p511/646  SKIP  (only 0 words)
  p512/646  SKIP  (only 0 words)
  p513/646  SKIP  (only 0 words)
  p514/646  SKIP  (only 0 words)
  p515/646  SKIP  (only 0 words)
  p516/646  SKIP  (only 0 words)
  p517/646  SKIP  (only 0 words)
  p518/646  SKIP  (only 0 words)
  p519/646  SKIP  (only 0 words)
  p520/646  SKIP  (only 0 words)
  p521/646  SKIP  (only 0 words)
  p522/646  SKIP  (only 0 words)
  p523/646  SKIP  (only 0 words)
  p524/646  SKIP  (only 0 words)
  p525/646  SKIP  (only 0 words)
  p526/646  SKIP  (only 0 words)
  p527/646  SKIP  (only 0 words)
  p528/646  SKIP  (only 0 words)
  p529/646  SKIP  (only 0 words)
  p530/646  SKIP  (only 0 words)
  p531/646  SKIP  (only 0 words)
  p532/646  SKIP  (only 0 words)
  p533/646  SKIP  (only 0 words)
  p534/646  SKIP  (only 0 words)
  p535/646  SKIP  (only 0 words)
  p536/646  SKIP  (only 0 words)
  p537/646  SKIP  (only 0 words)
  p538/646  SKIP  (only 0 words)
  p539/646  SKIP  (only 0 words)
  p540/646  SKIP  (only 0 words)
  p541/646  SKIP  (only 0 words)
  p542/646  SKIP  (only 0 words)
  p543/646  SKIP  (only 0 words)
  p544/646  SKIP  (only 0 words)
  p545/646  SKIP  (only 0 words)
  p546/646  SKIP  (only 0 words)
  p547/646  SKIP  (only 0 words)
  p548/646  SKIP  (only 0 words)
  p549/646  SKIP  (only 0 words)
  p550/646  SKIP  (only 0 words)
  p551/646  SKIP  (only 0 words)
  p552/646  SKIP  (only 0 words)
  p553/646  SKIP  (only 0 words)
  p554/646  SKIP  (only 0 words)
  p555/646  SKIP  (only 0 words)
  p556/646  SKIP  (only 0 words)
  p557/646  SKIP  (only 0 words)
  p558/646  SKIP  (only 0 words)
  p559/646  SKIP  (only 0 words)
  p560/646  SKIP  (only 0 words)
  p561/646  SKIP  (only 0 words)
  p562/646  SKIP  (only 0 words)
  p563/646  SKIP  (only 0 words)
  p564/646  SKIP  (only 0 words)
  p565/646  SKIP  (only 0 words)
  p566/646  SKIP  (only 0 words)
  p567/646  SKIP  (only 0 words)
  p568/646  SKIP  (only 0 words)
  p569/646  SKIP  (only 0 words)
  p570/646  SKIP  (only 0 words)
  p571/646  SKIP  (only 0 words)
  p572/646  SKIP  (only 0 words)
  p573/646  SKIP  (only 0 words)
  p574/646  SKIP  (only 0 words)
  p575/646  SKIP  (only 0 words)
  p576/646  SKIP  (only 0 words)
  p577/646  SKIP  (only 0 words)
  p578/646  SKIP  (only 0 words)
  p579/646  SKIP  (only 0 words)
  p580/646  SKIP  (only 0 words)
  p581/646  SKIP  (only 0 words)
  p582/646  SKIP  (only 0 words)
  p583/646  SKIP  (only 0 words)
  p584/646  SKIP  (only 0 words)
  p585/646  SKIP  (only 0 words)
  p586/646  SKIP  (only 0 words)
  p587/646  SKIP  (only 0 words)
  p588/646  SKIP  (only 0 words)
  p589/646  SKIP  (only 0 words)
  p590/646  SKIP  (only 0 words)
  p591/646  SKIP  (only 0 words)
  p592/646  SKIP  (only 0 words)
  p593/646  SKIP  (only 0 words)
  p594/646  SKIP  (only 0 words)
  p595/646  SKIP  (only 0 words)
  p596/646  SKIP  (only 0 words)
  p597/646  SKIP  (only 0 words)
  p598/646  SKIP  (only 0 words)
  p599/646  SKIP  (only 0 words)
  p600/646  SKIP  (only 0 words)
  p601/646  SKIP  (only 0 words)
  p602/646  SKIP  (only 0 words)
  p603/646  SKIP  (only 0 words)
  p604/646  SKIP  (only 0 words)
  p605/646  SKIP  (only 0 words)
  p606/646  SKIP  (only 0 words)
  p607/646  SKIP  (only 0 words)
  p608/646  SKIP  (only 0 words)
  p609/646  SKIP  (only 0 words)
  p610/646  SKIP  (only 0 words)
  p611/646  SKIP  (only 0 words)
  p612/646  SKIP  (only 0 words)
  p613/646  SKIP  (only 0 words)
  p614/646  SKIP  (only 0 words)
  p615/646  SKIP  (only 0 words)
  p616/646  SKIP  (only 0 words)
  p617/646  SKIP  (only 0 words)
  p618/646  SKIP  (only 0 words)
  p619/646  SKIP  (only 0 words)
  p620/646  SKIP  (only 0 words)
  p621/646  SKIP  (only 0 words)
  p622/646  SKIP  (only 0 words)
  p623/646  SKIP  (only 0 words)
  p624/646  SKIP  (only 0 words)
  p625/646  SKIP  (only 0 words)
  p626/646  SKIP  (only 0 words)
  p627/646  SKIP  (only 0 words)
  p628/646  SKIP  (only 0 words)
  p629/646  SKIP  (only 0 words)
  p630/646  SKIP  (only 0 words)
  p631/646  SKIP  (only 0 words)
  p632/646  SKIP  (only 0 words)
  p633/646  SKIP  (only 0 words)
  p634/646  SKIP  (only 0 words)
  p635/646  SKIP  (only 0 words)
  p636/646  SKIP  (only 0 words)
  p637/646  SKIP  (only 0 words)
  p638/646  SKIP  (only 0 words)
  p639/646  SKIP  (only 0 words)
  p640/646  SKIP  (only 0 words)
  p641/646  SKIP  (only 0 words)
  p642/646  SKIP  (only 0 words)
  p643/646  SKIP  (only 0 words)
  p644/646  SKIP  (only 0 words)
  p645/646  SKIP  (only 0 words)
  p646/646  SKIP  (only 0 words)
------------------------------------------------------------
DONE: 0 saved, 637 skipped, 0 errors
Backup: C:\Learnova\AL-FurtherMaths_FAS-A2_results.json
DONE: 0 saved, 637 skipped, 0 errors
