Processing: C:\Users\Yong\Downloads\Learnova A Levels\text books\A Levels Physics\Physics\Cambridge International AS _ A Level Physics Coursebook with Digital Access (2 Years) - Cambridge University Press (2021).pdf
Subject: AL-Physics  Form: AS-A2  Pages: 10-907 of 907
------------------------------------------------------------
  p 10/907  SKIP  The page contains only introductory instructions on how to use the book, no physics content.
  p 11/907  SKIP  No teachable content; only book structure/features.
  p 12/907  SKIP  (only 19 words)
  p 13/907  SKIP  Page contains introduction and learning objectives only, no core content explanation.
  p 14/907  SKIP  (only 33 words)
  p 15/907  SAVED  Chapter 1: Kinematics: describing motion | 1.1 Speed
  p 16/907  SAVED  Chapter 1: Kinematics: describing motion | Determining speed
  p 17/907  SAVED  Chapter 1: Kinematics: describing motion | Measuring speed
  p 18/907  SAVED  Chapter 1: Kinematics: describing motion | Methods for determining speed
  p 19/907  SAVED  Chapter 1: Kinematics: describing motion | 1.2 Distance and displacement, scalar and vector
  p 20/907  SAVED  Chapter 1: Kinematics: describing motion | 1.3 Speed and velocity
  p 21/907  SAVED  Chapter 1: Kinematics: describing motion | 
  p 22/907  SKIP  Page contains only questions, no explanatory content to structure into a teaching unit.
  p 23/907  SAVED  Chapter 1: Kinematics: describing motion | 1.4 Displacement?time graphs
  p 24/907  SKIP  Page contains only questions and figure references, no explanatory content.
  p 25/907  SAVED  Chapter 1: Kinematics: describing motion | Distance?time graphs and speed
  p 26/907  SAVED  Chapter 1: Kinematics: describing motion | 1.5 Combining displacements
  p 27/907  SAVED  Chapter 1: Kinematics: describing motion | Adding vectors
  p 28/907  SAVED  Chapter 1: Kinematics: describing motion | Vector addition
  p 29/907  SAVED  Chapter 1: Kinematics: describing motion | 1.6 Combining velocities
  p 30/907  SAVED  Chapter 1: Kinematics: describing motion | Vector addition of velocities
  p 31/907  SAVED  Chapter 1: Kinematics: describing motion | 1.7 Subtracting vectors
  p 32/907  SAVED  Chapter 1: Kinematics: describing motion | 1.8 Other examples of scalar and vector quantities
  p 33/907  SAVED  Chapter 1: Kinematics: describing motion | 
  p 34/907  SKIP  Page contains only exam-style questions, no explanatory teaching content.
  p 35/907  SKIP  Page contains end-of-chapter questions only, no new concept explanation.
  p 36/907  SKIP  Page contains only an exercise problem, no explanatory content.
  p 37/907  SKIP  Page is a self-evaluation checklist, not a content page with explanations or worked examples.
  p 38/907  SKIP  This page is the chapter introduction with learning intentions and motivational content, not a specific teachable concept.
  p 39/907  SKIP  (only 15 words)
  p 40/907  SAVED  Chapter 2: Accelerated motion | 2.1 The meaning of acceleration
  p 41/907  SAVED  Chapter 2: Accelerated motion | 2.2 Calculating acceleration
  p 42/907  SAVED  Chapter 2: Accelerated motion | 2.3 Units of acceleration
  p 43/907  SKIP  (only 0 words)
  p 44/907  SAVED  Chapter 2: Accelerated motion | 2.4 Deducing acceleration
  p 45/907  SKIP  (only 8 words)
  p 46/907  SAVED  Chapter 2: Accelerated motion | 2.5 Deducing displacement
  p 47/907  SAVED  Chapter 2: Accelerated motion | Velocity?time graphs
  p 48/907  SAVED  Chapter 2: Accelerated motion | 2.6 Measuring velocity and acceleration
  p 49/907  SAVED  Chapter 2: Accelerated motion | 2.7
  p 50/907  SAVED  Chapter 2: Accelerated motion | Determining acceleration from ticker-tape
  p 51/907  SAVED  Chapter 2: Accelerated motion | Measuring acceleration using ticker-tape
  p 52/907  SAVED  Chapter 2: Accelerated motion | 2.8 The equations of motion
  p 53/907  SAVED  Chapter 2: Accelerated motion | 
        Supabase error 409: {"code":"23505","details":"Key (subject, form, topic, concept_title)=(AL-Physics, AS-A2, Chapter 2: Accelerated motion, Using Equations of Motion) already exists.","hint":null,"message":"duplicate key
  p 54/907  DB-ERR  Chapter 2: Accelerated motion | Solving problems with constant acceleration
  p 55/907  SAVED  Chapter 2: Accelerated motion | 
  p 56/907  SAVED  Chapter 2: Accelerated motion | 2.9 Deriving the equations of motion
        Supabase error 409: {"code":"23505","details":"Key (subject, form, topic, concept_title)=(AL-Physics, AS-A2, Chapter 2: Accelerated motion, Deriving equations of motion) already exists.","hint":null,"message":"duplicate 
  p 57/907  DB-ERR  Chapter 2: Accelerated motion | 
  p 58/907  SAVED  Chapter 2: Accelerated motion | Skid marks and stopping distances
  p 59/907  SAVED  Chapter 2: Accelerated motion | 2.10 Uniform and nonuniform acceleration
  p 60/907  SKIP  Page contains only an exercise question without explanation or worked solution.
  p 61/907  SAVED  Chapter 2: Accelerated motion | 2.11 Acceleration caused by gravity
  p 62/907  SAVED  Chapter 2: Accelerated motion | Free fall under gravity
  p 63/907  SAVED  Chapter 2: Accelerated motion | 2.12 Determining g
  p 64/907  SAVED  Chapter 2: Accelerated motion | Determining the acceleration of free fall
  p 65/907  SAVED  Chapter 2: Accelerated motion | 
  p 66/907  SAVED  Chapter 2: Accelerated motion | Acceleration of free fall
  p 67/907  SAVED  Chapter 2: Accelerated motion | Free Fall Experiments
  p 68/907  SAVED  Chapter 2: Accelerated motion | 2.13 Motion in two dimensions: projectiles
  p 69/907  SAVED  Chapter 2: Accelerated motion | Vector components
  p 70/907  SAVED  Chapter 2: Accelerated motion | 2.14 Understanding projectiles
  p 71/907  SAVED  Chapter 2: Accelerated motion | Vertical and horizontal at the same time
  p 72/907  SAVED  Chapter 2: Accelerated motion | Projectile motion
  p 73/907  SAVED  Chapter 2: Accelerated motion | Projectile motion
  p 74/907  SAVED  Chapter 2: Accelerated motion | 
  p 75/907  SKIP  Page contains only exam-style questions, no explanatory content.
  p 76/907  SKIP  Page contains only end-of-chapter questions, no explanatory content.
  p 77/907  SAVED  Chapter 2: Accelerated motion | Projectile motion
  p 78/907  SKIP  Page contains only exam practice questions, no new teaching content.
  p 79/907  SKIP  Page contains only exam-style questions, no explanatory content.
  p 80/907  SKIP  (only 2 words)
  p 81/907  SKIP  Page is a self-evaluation checklist, no teachable content.
  p 82/907  SKIP  Page contains only learning intentions and introductory material; no substantive teaching content.
  p 83/907  SKIP  Page contains only introductory text and a question, no specific teaching content.
  p 84/907  SAVED  Chapter 3: Dynamics: explaining motion | 3.1 Force, mass and acceleration
  p 85/907  SAVED  Chapter 3: Dynamics: explaining motion | 
  p 86/907  SAVED  Chapter 3: Dynamics: explaining motion | Newton's second law of motion
  p 87/907  SAVED  Chapter 3: Dynamics: explaining motion | 3.2 Identifying forces
  p 88/907  SAVED  Chapter 3: Dynamics: explaining motion | 3.3 Weight, friction and gravity
  p 89/907  SAVED  Chapter 3: Dynamics: explaining motion | Weight and acceleration due to gravity
  p 90/907  SAVED  Chapter 3: Dynamics: explaining motion | Mass and weight
  p 91/907  SKIP  (only 38 words)
  p 92/907  SAVED  Chapter 3: Dynamics: explaining motion | 3.4 Mass and inertia
  p 93/907  SAVED  Chapter 3: Dynamics: explaining motion | Newton's first law of motion
  p 94/907  SAVED  Chapter 3: Dynamics: explaining motion | Terminal velocity
  p 95/907  SAVED  Chapter 3: Dynamics: explaining motion | Terminal velocity
  p 96/907  SAVED  Chapter 3: Dynamics: explaining motion | 3.5 Moving through fluids
  p 97/907  SAVED  Chapter 3: Dynamics: explaining motion | Forces and acceleration
  p 98/907  SAVED  Chapter 3: Dynamics: explaining motion | Contact forces and upthrust
  p 99/907  SAVED  Chapter 3: Dynamics: explaining motion | Forces and Motion
  p100/907  SAVED  Chapter 3: Dynamics: explaining motion | 3.6 Newton's third law of motion
  p101/907  SAVED  Chapter 3: Dynamics: explaining motion | Newton's third law
  p102/907  SAVED  Chapter 3: Dynamics: explaining motion | 3.7 Understanding SI units
  p103/907  SAVED  Chapter 3: Dynamics: explaining motion | 
  p104/907  SAVED  Chapter 3: Dynamics | Prefixes and Unit Conversions
  p105/907  SKIP  (only 21 words)
  p106/907  SAVED  Chapter 3: Dynamics: explaining motion | 
  p107/907  SKIP  Page contains only exam-style questions, no explanatory content for a teaching unit.
  p108/907  SKIP  Page contains only practice questions, no explanatory content.
  p109/907  SKIP  Page contains only exam questions, not explanatory content suitable for a teaching unit.
  p110/907  SKIP  This page contains a self-evaluation checklist, not new teachable content or explanations for the chapter.
  p111/907  SKIP  Page contains only learning intentions and motivational introduction; no substantive content to structure as a teaching unit.
  p112/907  SKIP  (only 6 words)
  p113/907  SAVED  Chapter 4: Forces | 4.1 Combining forces
  p114/907  SAVED  Chapter 3: Forces in a Straight Line | Two forces at right angles
  p115/907  SAVED  Chapter 4: Forces | Triangle of Forces and Equilibrium
  p116/907  SKIP  No explanatory content; only a problem question without force values.
  p117/907  SAVED  Chapter 4: Forces | 4.2 Components of vectors
  p118/907  SAVED  Chapter 3: Dynamics | Resolving forces on an inclined plane
  p119/907  SAVED  Chapter 3: of two forces acting in a straight line | Solving problems by resolving forces
  p120/907  SAVED  Chapter 3: Forces | Forces on an inclined plane
  p121/907  SAVED  Chapter 4: Forces | 4.3 Centre of gravity
  p122/907  SAVED  Chapter 3: Forces and Equilibrium | Centre of Gravity
  p123/907  SAVED  Chapter 4: Forces | 4.4 The turning effect of a force
  p124/907  SAVED  Chapter 3: Forces | Balanced or unbalanced?
  p125/907  SAVED  Chapter 3: Forces and Equilibrium | Moments
  p126/907  SAVED  Chapter 3: of two forces acting in a straight line | The principle of moments
  p127/907  SKIP  Page contains only end-of-chapter questions without explanatory content or concept teaching.
  p128/907  SAVED  Chapter 4: Turning Effects of Forces | 4.5 The torque of a couple
  p129/907  SAVED  Chapter 3: Forces and Moments | Pure Turning Effect
  p130/907  SAVED  Chapter 3: Forces | 
  p131/907  SKIP  The page contains only exam-style questions with no explanatory content or new concepts to teach.
  p132/907  SKIP  Page contains only exercise questions without explanatory content or worked examples; no single teachable concept can be extracted.
  p133/907  SKIP  Page contains only exam-style questions, no explanatory content.
  p134/907  SKIP  Page contains only exercise questions with no explanatory content; no teachable concept to extract.
  p135/907  SKIP  Page contains only an exam-style question, no explanatory content.
  p136/907  SKIP  Page contains only a self-evaluation checklist, no instructional content.
  p137/907  SAVED  Chapter 5: Work, energy and power | The idea of energy
  p138/907  SAVED  Chapter 5: Work, energy and power | Energy efficiency
  p139/907  SAVED  Chapter 5: Work, energy and power | 5.1 Doing work, transferring energy
  p140/907  SAVED  Chapter 5: Work, energy and power | Calculating work done
  p141/907  SAVED  Chapter 5: Work, energy and power | Work done by a force
  p142/907  SAVED  Chapter 5: Work, energy and power | Work done by a force at an angle
  p143/907  SKIP  The extracted text only presents a problem statement without the necessary force values or diagram required to compute work done. No complete explanation or worked example can be provided.
  p144/907  SAVED  Chapter 5: Work, energy and power | 5.2 Gravitational potential energy
        Supabase error 409: {"code":"23505","details":"Key (subject, form, topic, concept_title)=(AL-Physics, AS-A2, Chapter 5: Work, energy and power, Gravitational potential energy) already exists.","hint":null,"message":"dupl
  p145/907  DB-ERR  Chapter 5: Work, energy and power | Potential energy
  p146/907  SAVED  Chapter 5: Work, energy and power | 5.3 Kinetic energy
  p147/907  SAVED  Chapter 5: Work, energy and power | Kinetic energy
  p148/907  SAVED  Chapter 5: Work, energy and power | 5.4 Gravitational potential to kinetic energy transformations
  p149/907  SAVED  Chapter 5: Work, energy and power | 
  p150/907  SAVED  Chapter 5: Work, energy and power | 5.5 Down, up, down: energy changes
  p151/907  SKIP  Page contains only questions and a figure caption, no explanatory content.
  p152/907  SAVED  Chapter 5: Work, energy and power | 5.6 Energy transfers
  p153/907  SAVED  Chapter 5: Work, energy and power | Conservation of energy
  p154/907  SAVED  Chapter 5: Work, energy and power | 
  p155/907  SAVED  Chapter 5: Work, energy and power | 5.7 Power
  p156/907  SAVED  Chapter 5: Work, energy and power | Moving power
  p157/907  SAVED  Chapter 5: Work, energy and power | Power and human power
  p158/907  SAVED  Chapter 5: Work, energy and power | Power and efficiency
  p159/907  SAVED  Chapter 5: Work, energy and power | 
  p160/907  SKIP  Page contains only exam-style questions, no conceptual teaching content.
  p161/907  SKIP  Page contains only practice questions, no new conceptual content.
  p162/907  SAVED  Chapter 5: Work, energy and power | 
  p163/907  SKIP  Page contains only a self-evaluation checklist, no new teachable content.
  p164/907  SKIP  Page contains only learning intentions, introductory context, and a motivational paragraph; no specific concept explanation, worked example, or formulae to structure as a teaching unit.
  p165/907  SKIP  (only 21 words)
  p166/907  SAVED  Chapter 6: Momentum | 6.1 The idea of momentum
  p167/907  SAVED  Chapter 6: Momentum | 6.2 Modelling collisions
  p168/907  SAVED  Chapter 6: Momentum | Defining linear momentum
  p169/907  SAVED  Chapter 6: Momentum | Conservation of Momentum
  p170/907  SKIP  (only 5 words)
  p171/907  SAVED  Chapter 6: Momentum | 6.3 Understanding collisions
  p172/907  SAVED  Chapter 6: Momentum | 
  p173/907  SAVED  Chapter 6: Momentum | Inelastic collisions and solving collision problems
  p174/907  SAVED  Chapter 6: Momentum | 
  p175/907  SAVED  Chapter 6: Momentum | Collisions
  p176/907  SAVED  Chapter 6: Momentum | 6.4 Explosions and crash-landings
  p177/907  SAVED  Chapter 6: Momentum | Conservation of Momentum
  p178/907  SAVED  Chapter 6: Momentum | 6.5 Collisions in two dimensions
  p179/907  SAVED  Chapter 6: Momentum | Components of momentum
  p180/907  SAVED  Chapter 6: Momentum | Momentum in two dimensions
  p181/907  SKIP  Page contains only a problem statement without numerical data or explanatory content. No teachable material.
  p182/907  SAVED  Chapter 6: Momentum | 6.6 Momentum and Newton's laws
  p183/907  SAVED  Chapter 6: Momentum | 6.7 Understanding motion
  p184/907  SAVED  Chapter 6: Momentum | A special case of Newton?s second law of motion
  p185/907  SAVED  Chapter 6: Momentum | Newton?s third law of motion
  p186/907  SAVED  Chapter 6: Momentum | 
  p187/907  SKIP  Page contains only exam-style questions, no explanatory content.
  p188/907  SAVED  Chapter 6: Momentum | Elastic and Inelastic Collisions
  p189/907  SKIP  Page contains only exam-style questions, no explanatory teaching content.
  p190/907  SKIP  Page contains only a question (Question 14) without explanatory content or data for worked example. No teachable concept to extract.
  p191/907  SKIP  Self-evaluation checklist with no explanatory or worked content.
  p192/907  SKIP  Page contains only learning intentions and introductory text, no specific concept explanation.
  p193/907  SKIP  Page contains only introductory text and a discussion prompt for bungee jumping, with no specific teachable concept, equation, or example.
  p194/907  SAVED  Chapter 7: Matter and materials | 7.1 Density
  p195/907  SAVED  Chapter 7: Matter and materials | 7.2 Pressure
  p196/907  SAVED  Chapter 7: Matter and materials | Hydrostatic pressure
  p197/907  SKIP  Page contains only end-of-chapter questions, no teaching content.
  p198/907  SAVED  Chapter 7: Matter and materials | 7.3 Archimedes? principle
  p199/907  SAVED  Chapter 7: Matter and materials | 
  p200/907  SAVED  Chapter 7: Matter and materials | Compressive and tensile forces
  p201/907  SAVED  Chapter 7: Matter and materials | Hooke's law
  p202/907  SAVED  Chapter 7: Matter and materials | Elastic behaviour and springs combination
  p203/907  SKIP  (only 38 words)
  p204/907  SAVED  Chapter 7: Matter and materials | Stretching materials
  p205/907  SAVED  Chapter 7: Matter and materials | The Young modulus
  p206/907  SAVED  Chapter 7: Matter and materials | 
  p207/907  SAVED  Chapter 7: Matter and materials | The Young Modulus
  p208/907  SAVED  Chapter 7: Matter and materials | 7.6 Elastic potential energy
  p209/907  SAVED  Chapter 7: Matter and materials | Elastic potential energy
  p210/907  SAVED  Chapter 7: Matter and materials | Elastic potential energy and work done
  p211/907  SKIP  (only 0 words)
  p212/907  SAVED  Chapter 7: Matter and materials | 7.5 Stress, strain and the Young modulus
  p213/907  SKIP  Page contains only exam-style questions with no teaching content.
  p214/907  SKIP  Page contains only exam-style questions, no explanatory or conceptual content.
  p215/907  SKIP  Page contains only exam-style questions, no explanatory content.
  p216/907  SKIP  Page contains only practice questions with no explanatory teaching content.
  p217/907  SAVED  Chapter 7: Matter and materials | Density and Pressure
  p218/907  SKIP  Page contains only a self-evaluation checklist, not teachable content.
  p219/907  SKIP  Page contains only learning intentions and a pre-task checklist, no substantive teaching content.
  p220/907  SKIP  Page contains only introductory context and motivational content about the importance of electricity, with no technical physics concepts, equations, or worked examples.
  p221/907  SKIP  Page contains only a figure caption and a discussion question, no teachable content.
  p222/907  SAVED  Chapter 8: Electric current, potential difference and resistance | 8.1 Circuit symbols and diagrams
  p223/907  SKIP  Page contains only introductory commentary on the term 'electricity' and a figure caption, with no specific teachable physics concept, equation, or worked example.
  p224/907  SAVED  Chapter 8: Electric current, potential difference and resistance | 8.2 Electric current
  p225/907  SAVED  Chapter 8: Electric current, potential difference and resistance | Charge carriers and the nature of current
  p226/907  SAVED  Chapter 8: Electric current, potential difference and resistance | Charged particles
  p227/907  SAVED  Chapter 8: Electric current, potential difference and resistance | Quantisation of charge
  p228/907  SAVED  Chapter 8: Electric current, potential difference and resistance | 8.3 An equation for current
  p229/907  SAVED  Chapter 8: Electric current, potential difference and resistance | Current and drift velocity
  p230/907  SAVED  Chapter 8: Electric current, potential difference and resistance | Drift velocity of electrons
  p231/907  SAVED  Chapter 8: Electric current, potential difference and resistance | Mean drift velocity
  p232/907  SAVED  Chapter 8: Electric current, potential difference and electromotive force | 8.4 The meaning of voltage
  p233/907  SAVED  Chapter 8: Electric current, potential difference and resistance | Electromotive force (e.m.f.)
  p234/907  SAVED  Chapter 8: Electric current, potential difference and resistance | 8.5 Electrical resistance
  p235/907  SAVED  Chapter 8: Electric current, potential difference and resistance | Determining resistance
  p236/907  SKIP  (only 29 words)
  p237/907  SAVED  Chapter 8: Electric current, potential difference and resistance | 8.6 Electrical power
  p238/907  SAVED  Chapter 8: Electric current, potential difference and power | Power and resistance
  p239/907  SAVED  Chapter 8: Electric current, potential difference and resistance | Calculating electrical power and energy
  p240/907  SAVED  Chapter 8: Electric current, potential difference and resistance | Summary
  p241/907  SAVED  Chapter 8: Electric current, potential difference and resistance | 
  p242/907  SAVED  Chapter 8: Electric current, potential difference and | Current in electrolytes and electron flow
  p243/907  SKIP  Page contains only exam-style practice questions; no conceptual teaching content to structure.
  p244/907  SKIP  (only 0 words)
  p245/907  SKIP  Page contains only a self-evaluation checklist, not new teachable content.
  p246/907  SKIP  Page contains only learning intentions and introductory context, no substantive teaching content.
  p247/907  SKIP  The page provides only contextual information about CAD software and general references to Kirchhoff's laws, without any substantive teaching content such as definitions, equations, or examples.
  p248/907  SAVED  Chapter 9: Kirchhoff?s laws | 9.1 Kirchhoff?s first law
  p249/907  SAVED  Chapter 9: Kirchhoff?s laws | Kirchhoff?s first law
  p250/907  SAVED  Chapter 9: Kirchhoff?s laws | 9.2 Kirchhoff?s second law
  p251/907  SAVED  Chapter 9: Kirchhoff?s laws | Kirchhoff?s second law
  p252/907  SAVED  Chapter 9: Kirchhoff?s laws | 9.3 Applying Kirchhoff?s laws
  p253/907  SAVED  Chapter 9: Kirchhoff's laws | 
  p254/907  SAVED  Chapter 9: Kirchhoff's laws | Conservation of energy
  p255/907  SAVED  Chapter 9: Kirchhoff's laws | 9.4 Resistor combinations
  p256/907  SAVED  Chapter 9: Kirchhoff's laws | Resistors in parallel
  p257/907  SAVED  Chapter 9: Kirchhoff?s laws | Solving problems with parallel circuits
  p258/907  SKIP  Page contains only questions and figure caption; no new concept explanation or worked example.
  p259/907  SAVED  Chapter 9: Kirchhoff?s laws | Ammeters and voltmeters
  p260/907  SAVED  Chapter 9: Kirchhoff?s laws | 
  p261/907  SAVED  Chapter 9: Kirchhoff's laws | 
  p262/907  SKIP  Page contains only exam-style questions, no explanatory content.
  p263/907  SKIP  Page contains only exercise questions, no explanatory content.
  p264/907  SAVED  Chapter 9: Kirchhoff's laws | Series circuits and potential divider
  p265/907  SKIP  Page contains only exam-style questions, no explanatory teaching content.
  p266/907  SKIP  Page contains only a multi-part exam question without explanatory content; incomplete diagram prevents meaningful worked example.
  p267/907  SKIP  The page contains only a self-evaluation checklist, no new teachable content.
  p268/907  SKIP  Page contains only learning intentions and a brief note on superconductivity, not a full teaching concept.
  p269/907  SAVED  Chapter 10: Resistance and resistivity | Superconductors and their applications
  p270/907  SAVED  Chapter 10: Resistance and resistivity | 10.1 The I?V characteristic for a metallic conductor
  p271/907  SAVED  Chapter 10: Resistance and resistivity | I?V characteristics of resistors
  p272/907  SAVED  Chapter 10: Resistance and resistivity | 10.2 Ohm?s law
  p273/907  SAVED  Chapter 10: Resistance and resistivity | 10.3 Resistance and temperature
  p274/907  SAVED  Chapter 10: Resistance and resistivity | Thermistors
  p275/907  SAVED  Chapter 10: Resistance and resistivity | Diodes
  p276/907  SAVED  Chapter 10: Resistance and resistivity | Light-emitting diodes (LEDs)
  p277/907  SAVED  Chapter 10: Resistance and resistivity | The light-dependent resistor (LDR)
  p278/907  SAVED  Chapter 10: Resistance and resistivity | 
  p279/907  SAVED  Chapter 10: Resistance and resistivity | 10.4 Resistivity
  p280/907  SAVED  Chapter 10: Resistance and resistivity | Resistivity of common materials
  p281/907  SAVED  Chapter 10: Resistance and resistivity | 
  p282/907  SAVED  Chapter 10: Resistance and resistivity | 
  p283/907  SKIP  Page contains only exam-style questions, no explanatory content.
  p284/907  SKIP  Page contains only exam-style questions without explanations or teaching content.
  p285/907  SKIP  Page contains only exam-style questions, no explanatory content.
  p286/907  SKIP  Page contains only exam-style questions and no explanatory content.
  p287/907  SKIP  Page contains a self-evaluation checklist, no new teaching content.
  p288/907  SKIP  Page contains only learning intentions, introductory activities, and historical context; no detailed concept explanation or worked examples.
  p289/907  SKIP  Page contains only historical background on batteries, no rigorous A-Level physics content.
  p290/907  SAVED  Chapter 11: Practical circuits | 11.1 Internal resistance
  p291/907  SAVED  Chapter 11: Practical circuits | Internal resistance and terminal potential difference
  p292/907  SAVED  Chapter 11: Practical circuits | Internal resistance
  p293/907  SAVED  Chapter 11: Practical circuits | Internal Resistance
  p294/907  SAVED  Chapter 11: Practical circuits | 11.2 Potential dividers
  p295/907  SKIP  (only 5 words)
  p296/907  SAVED  Chapter 11: Practical circuits | 11.3 Sensors
  p297/907  SAVED  Chapter 11: Practical circuits | Thermistors as sensors
  p298/907  SAVED  Chapter 11: Practical circuits | 11.4 Potentiometer circuits
  p299/907  SAVED  Chapter 11: Practical circuits | Using a potentiometer to compare e.m.f.s and potential differences
  p300/907  SAVED  Chapter 11: Practical circuits | Potentiometer circuits
  p301/907  SAVED  Chapter 11: Practical circuits | 
  p302/907  SKIP  The page contains only exam-style questions with no explanatory content or worked examples.
  p303/907  SKIP  Page contains only exam-style questions, no explanatory content.
  p304/907  SKIP  Page contains only exam-style questions, no explanatory or conceptual content.
  p305/907  SKIP  Page contains an exam-style question with incomplete context, not teaching content.
  p306/907  SKIP  Page is a self-evaluation checklist with no new teachable content.
  p307/907  SKIP  Page contains only learning intentions and a 'before you start' activity, no actual teaching content or explanations.
  p308/907  SAVED  Chapter 12: Waves | Vibrations Making Waves
  p309/907  SAVED  Chapter 12: Waves | 12.1 Describing waves
  p310/907  SAVED  Chapter 14: we will look at | 
  p311/907  SAVED  Chapter 14: Oscillations and Waves | Determining frequency and amplitude from an oscilloscope trace
  p312/907  SKIP  Page contains only exercise questions and a conversion hint, no conceptual explanation.
  p313/907  SAVED  Chapter 14: Waves | 12.2 Longitudinal and transverse waves
  p314/907  SAVED  Chapter 14: Waves | Phase Difference
  p315/907  SAVED  Chapter 12: Wave motion | 12.3 Wave energy
  p316/907  SKIP  (only 16 words)
  p317/907  SAVED  Chapter 14: Waves | 12.4 Wave speed
  p318/907  SKIP  Page contains only a calculation step and questions, no substantial teaching content or concept explanation.
  p319/907  SAVED  Chapter 14: Waves | 12.5 The Doppler effect for sound waves
  p320/907  SAVED  Chapter 14: Waves | Doppler effect for a moving source
  p321/907  SAVED  Chapter 14: The Doppler Effect | Doppler effect for sound: source moving towards observer
  p322/907  SKIP  Page contains only historical background and no teachable physics content (laws, equations, or calculations).
  p323/907  SKIP  (only 23 words)
  p324/907  SAVED  Chapter 14: Electromagnetic Radiation | 12.7 Electromagnetic radiation
  p325/907  SAVED  Chapter 12: Electromagnetic Waves | Orders of magnitude
  p326/907  SKIP  Page contains only exercise questions, no instructional content.
  p327/907  SAVED  Chapter 14: Electromagnetic Waves | 12.9 The nature of electromagnetic waves
  p328/907  SAVED  Chapter 12: Waves | 12.10 Polarisation
  p329/907  SAVED  Chapter 14: Polarisation | 
  p330/907  SAVED  Chapter 14: Polarisation | Malus's law
  p331/907  SAVED  Chapter 14: Polarisation | Malus's Law
  p332/907  SAVED  Chapter 14: Progressive Waves | 
  p333/907  SAVED  Chapter 14: Polarisation | Malus's Law
  p334/907  SKIP  Page contains only exam-style questions, no explanatory content to structure into a teaching unit.
  p335/907  SAVED  Chapter 14: Waves | Doppler Effect
  p336/907  SAVED  Chapter 14: Polarisation | Plane Polarised Light
  p337/907  SKIP  The page contains a self-evaluation checklist for Chapter 12, not instructional content suitable for a teaching unit.
  p338/907  SKIP  Page contains only chapter learning intentions and introductory text, no detailed concept explanation or worked example.
  p339/907  SAVED  Chapter 13: Superposition of waves | 
  p340/907  SAVED  Chapter 13: Superposition of waves | 13.1 The principle of superposition of waves
  p341/907  SAVED  Chapter 13: Superposition of waves | 
  p342/907  SAVED  Chapter 13: Superposition of waves | 13.2 Diffraction of waves
  p343/907  SAVED  Chapter 13: Superposition of waves | Diffraction
  p344/907  SAVED  Chapter 13: Superposition of waves | Diffraction of radio waves and microwaves
  p345/907  SKIP  (only 17 words)
  p346/907  SAVED  Chapter 13: Superposition of waves | 13.3 Interference
  p347/907  SAVED  Chapter 13: Superposition of waves | Explaining interference
  p348/907  SAVED  Chapter 13: Superposition of waves | Interference and Path Difference
  p349/907  SAVED  Chapter 13: Superposition of waves | 
  p350/907  SAVED  Chapter 13: Superposition of waves | Interference of light and microwaves
  p351/907  SAVED  Chapter 13: Superposition of waves | Coherent Sources
  p352/907  SAVED  Chapter 13: Superposition of waves | 13.4 The Young double-slit experiment
  p353/907  SAVED  Chapter 13: Superposition of waves | Path difference and interference pattern
  p354/907  SAVED  Chapter 13: Superposition of waves | Double-slit interference
  p355/907  SAVED  Chapter 13: Superposition of waves | Double-slit interference experiment
  p356/907  SKIP  (only 0 words)
  p357/907  SAVED  Chapter 13: Superposition of waves | 13.5 Diffraction gratings
  p358/907  SAVED  Chapter 13: Superposition of waves | The diffraction grating
  p359/907  SAVED  Chapter 13: Superposition of waves | The diffraction grating
  p360/907  SAVED  Chapter 13: Superposition of waves | Diffraction gratings
  p361/907  SAVED  Chapter 13: Superposition of waves | 
  p362/907  SKIP  Page contains only exam-style questions, no explanatory content.
  p363/907  SAVED  Chapter 13: Superposition of waves | Diffraction grating
  p364/907  SAVED  Chapter 13: Superposition of waves | Double-slit interference with water waves
  p365/907  SKIP  Page contains only a self-evaluation checklist with learning objectives, no new teachable content.
  p366/907  SKIP  The page contains only learning intentions and a motivating anecdote, no substantive physics explanation or worked example to structure as a teaching unit.
  p367/907  SKIP  (only 17 words)
  p368/907  SAVED  Chapter 14: Stationary waves | 14.1 From moving to stationary
  p369/907  SAVED  Chapter 14: Stationary waves | 14.2 Nodes and antinodes
  p370/907  SAVED  Chapter 14: Stationary waves | 14.3 Formation of stationary waves
  p371/907  SAVED  Chapter 14: Stationary waves | 
  p372/907  SAVED  Chapter 14: Stationary waves | 
  p373/907  SAVED  Chapter 14: Stationary waves | Practical determination of wavelength and resonance
  p374/907  SAVED  Chapter 14: Stationary waves | Stationary waves in air columns
  p375/907  SKIP  Page contains only figure captions and end-of-chapter questions, with no explanatory teaching content.
  p376/907  SAVED  Chapter 14: Stationary waves | Fundamental frequency and harmonics
  p377/907  SKIP  (only 30 words)
  p378/907  SAVED  Chapter 14: Stationary waves | 14.4 Determining the wavelength and speed of sound
  p379/907  SAVED  Chapter 14: Stationary waves | Stationary sound waves
  p380/907  SAVED  Chapter 14: Stationary waves | 
  p381/907  SKIP  Page contains only exam-style questions, no explanatory content.
  p382/907  SAVED  Chapter 14: Stationary waves | 
  p383/907  SKIP  Page contains only exam-style questions and diagrams, no explanatory content to structure into a teaching unit.
  p384/907  SAVED  Chapter 14: Stationary waves | Stationary waves on a stretched string
  p385/907  SKIP  Page contains a self-evaluation checklist with no teachable content.
  p386/907  SKIP  Chapter opener page with learning intentions and motivational box, no specific teachable content such as explanations, laws, or examples.
  p387/907  SKIP  Page contains only introductory narrative and a figure caption, no specific teachable content for a sub-topic.
  p388/907  SAVED  Chapter 15: Atomic structure and particle physics | 15.1 Looking inside the atom
  p389/907  SAVED  Chapter 15: Atomic structure and particle physics | 15.2 Alpha-particle scattering and the nucleus
  p390/907  SAVED  Chapter 15: Atomic structure and particle physics | The ?-scattering experiment
  p391/907  SAVED  Chapter 15: Atomic structure and particle physics | Rutherford's ?-particle scattering experiment
  p392/907  SKIP  (only 0 words)
  p393/907  SAVED  Chapter 15: Atomic structure and particle physics | 15.3 A simple model of the atom
  p394/907  SAVED  Chapter 15: Atomic structure and particle physics | Nuclear density
  p395/907  SAVED  Chapter 15: Atomic structure and particle physics | 15.4 Nucleons and electrons
  p396/907  SAVED  Chapter 15: Atomic structure and particle physics | Isotopes
  p397/907  SAVED  Chapter 15: Atomic structure and particle physics | Isotopes of hydrogen
  p398/907  SAVED  Chapter 15: Atomic structure and particle physics | Isotopes
  p399/907  SAVED  Chapter 15: Atomic structure and particle physics | 15.5 Forces in the nucleus
  p400/907  SAVED  Chapter 15: Atomic structure and particle physics | 15.6 Discovering radioactivity
  p401/907  SAVED  Chapter 15: Atomic structure and particle physics | 15.7 Radiation from radioactive substances
  p402/907  SAVED  Chapter 15: Atomic structure and particle physics | Identification and properties of ?-radiation
  p403/907  SAVED  Chapter 15: Atomic structure and particle physics | Identification and properties of ?-radiation
  p404/907  SAVED  Chapter 15: Atomic structure and particle physics | 15.8 Energies in ? and ? decay
  p405/907  SAVED  Chapter 15: Atomic structure and particle physics | 15.9 Equations of radioactive decay
  p406/907  SAVED  Chapter 15: Atomic structure and particle physics | 15.10 Fundamental particles
  p407/907  SAVED  Chapter 15: Atomic structure and particle physics | 15.11 Families of particles
  p408/907  SAVED  Chapter 15: Atomic structure and particle physics | Quarks and the composition of hadrons
  p409/907  SAVED  Chapter 15: Atomic structure and particle physics | 15.12 Another look at ? decay
  p410/907  SAVED  Chapter 15: Atomic structure and particle physics | 15.13 Another nuclear force
  p411/907  SKIP  The page is a chapter summary containing bullet points of multiple concepts, not a focused teaching section for a single concept.
  p412/907  SKIP  Page contains only exam-style questions, no teaching content.
  p413/907  SKIP  Page contains only exam-style questions without explanatory content or worked examples.
  p414/907  SKIP  Page contains only exam questions, no instructional content.
  p415/907  SKIP  Page is a self-evaluation checklist, not teachable content.
  p416/907  SKIP  Page contains only learning intentions and introductory questions, no teachable content or concept explanation.
  p417/907  SKIP  (only 0 words)
  p418/907  SKIP  Page content is about general practical work skills, not the specific chapter topic of atomic structure and particle physics.
  p419/907  SKIP  The page content is about practical measurement apparatus and does not relate to the chapter topic of atomic structure and particle physics.
  p420/907  SAVED  Chapter 15: Atomic structure and particle physics | 
  p421/907  SKIP  The page contains general advice on setting up apparatus and circuits, not specific to atomic structure and particle physics.
  p422/907  SAVED  Chapter 15: Atomic structure and particle physics | P1.3 Gathering evidence
  p423/907  SAVED  Chapter 15: Atomic structure and particle physics | P1.4 Precision, accuracy, errors and uncertainties
  p424/907  SAVED  Chapter 15: Atomic structure and particle physics | Measurement uncertainties
  p425/907  SKIP  (only 14 words)
  p426/907  SAVED  Chapter 15: Atomic structure and particle physics | P1.5 Finding the value of an uncertainty
  p427/907  SKIP  Content is about measurement uncertainty and experimental errors, not atomic structure and particle physics.
  p428/907  SKIP  (only 3 words)
  p429/907  SAVED  Chapter 15: Atomic structure and particle physics | P1.6 Percentage uncertainty
  p430/907  SAVED  Chapter 15: Atomic structure and particle physics | P1.7 Recording results
  p431/907  SKIP  (only 17 words)
  p432/907  SAVED  Chapter 15: Atomic structure and particle physics | P1.8 Analysing results
  p433/907  SKIP  Page contains only graphing exercise instructions, not atomic structure physics content.
  p434/907  SAVED  Chapter 15: Atomic structure and particle physics | P1.9 Testing a relationship
  p435/907  SAVED  Chapter 15: Atomic structure and particle physics | Practical skills ? testing hypotheses
  p436/907  SAVED  Chapter 15: Atomic structure and particle physics | Practical skills: data analysis
  p437/907  SAVED  Chapter 15: Atomic structure and particle physics | P1.10 Combining uncertainties
  p438/907  SAVED  Chapter 15: Atomic structure and particle physics | 
  p439/907  SAVED  Chapter 15: Atomic structure and particle physics | P1.11 Identifying limitations in procedures and suggesting improvements
  p440/907  SKIP  Content is about experimental technique for falling objects, not atomic structure or particle physics.
  p441/907  SAVED  Chapter 15: Atomic structure and particle physics | Experiment 3: Timing oscillations
  p442/907  SKIP  The page contains practical experiment troubleshooting and measurement techniques (oscillations, force meters), not atomic structure or particle physics content.
  p443/907  SAVED  Chapter 15: Atomic structure and particle physics | Practical Physics ? Experimental Errors and Improvements
  p444/907  SKIP  Page content is a table of experimental problems and improvements for a resistivity experiment, not directly related to atomic structure and particle physics.
  p445/907  SKIP  The page contains a generic summary on experimental measurements and errors, not specific to atomic structure and particle physics.
  p446/907  SKIP  Page contains only exam-style questions, no explanatory content for a teaching unit.
  p447/907  SKIP  Page contains only practical exercise instructions and a data table, no conceptual explanation or teachable content for a teaching unit.
  p448/907  SKIP  The page contains a practical exercise on motion and uncertainties, not atomic structure or particle physics.
  p449/907  SAVED  Chapter 15: Atomic structure and particle physics | 
  p450/907  SKIP  The page contains only a self-evaluation checklist, not teachable content.
  p451/907  SAVED  Chapter 16: Circular motion | Moving in circles
  p452/907  SKIP  (only 19 words)
  p453/907  SAVED  Chapter 16: Circular motion | 16.1 Describing circular motion
  p454/907  SAVED  Chapter 16: Circular motion | 16.2 Angles in radians
  p455/907  SAVED  Chapter 16: Circular motion | Radians
  p456/907  SAVED  Chapter 16: Circular motion | 16.3 Steady speed, changing velocity
  p457/907  SAVED  Chapter 16: Circular motion | 16.4 Angular speed
  p458/907  SAVED  Chapter 16: Circular motion | Angular speed and linear speed
  p459/907  SAVED  Chapter 16: Circular motion | 16.5 Centripetal forces
  p460/907  SAVED  Chapter 16: Circular motion | Vector diagrams
  p461/907  SAVED  Chapter 16: Circular motion | Understanding circular motion
  p462/907  SAVED  Chapter 16: Circular motion | 16.6 Calculating acceleration and force
  p463/907  SAVED  Chapter 16: Circular motion | Centripetal force
  p464/907  SAVED  Chapter 16: Circular motion | 
  p465/907  SAVED  Chapter 16: Circular motion | 16.7 The origins of centripetal forces
  p466/907  SAVED  Chapter 16: Circular motion | Applications of centripetal force
  p467/907  SKIP  The extracted text contains only discussion prompts and activity suggestions, not teachable A-Level Physics content such as definitions, equations, or worked examples.
  p468/907  SAVED  Chapter 16: Circular motion | Summary
  p469/907  SKIP  Page contains only exam-style questions, no new teaching content.
  p470/907  SKIP  Page contains only exam-style questions, no explanatory content or worked examples.
  p471/907  SKIP  Page contains only exam-style questions without instructional content.
  p472/907  SAVED  Chapter 16: Circular motion | Centrifuge and centripetal force calculations
  p473/907  SKIP  Page is a self-evaluation checklist, no instructional content.
  p474/907  SKIP  Page contains only learning objectives and introductory remarks, no specific concept or explanation to structure.
  p475/907  SAVED  Chapter 17: Gravitational fields | 
  p476/907  SKIP  (only 37 words)
  p477/907  SAVED  Chapter 17: Gravitational fields | 17.1 Representing a gravitational field
  p478/907  SAVED  Chapter 17: Gravitational fields | Newton's law of gravitation
  p479/907  SAVED  Chapter 17: Gravitational fields | Gravitational force and inverse square law
  p480/907  SAVED  Chapter 17: Gravitational fields | 17.2 Gravitational field strength g
  p481/907  SAVED  Chapter 17: Gravitational fields | Uniform gravitational field approximation
  p482/907  SKIP  The page contains only a data table and problem questions; no instructional content or worked examples to structure into a teaching unit.
  p483/907  SAVED  Chapter 17: Gravitational fields | 17.3 Energy in a gravitational field
  p484/907  SAVED  Chapter 17: Gravitational fields | 17.4 Gravitational potential
  p485/907  SAVED  Chapter 17: Gravitational fields | Gravitational potential difference
  p486/907  SKIP  (only 0 words)
  p487/907  SAVED  Chapter 17: Gravitational fields | 17.5 Orbiting under gravity
  p488/907  SAVED  Chapter 17: Gravitational fields | 
  p489/907  SAVED  Chapter 17: Gravitational fields | 17.6 The orbital period
  p490/907  SAVED  Chapter 17: Gravitational fields | 17.7 Orbiting the Earth
  p491/907  SAVED  Chapter 17: Gravitational fields | Geostationary orbits
  p492/907  SKIP  (only 13 words)
  p493/907  SAVED  Chapter 17: Gravitational fields | 
  p494/907  SKIP  Page contains only exam-style questions, no teachable content.
  p495/907  SKIP  Page contains only practice questions with no explanatory content or teaching material.
  p496/907  SKIP  Page contains only exam-style questions, no explanatory teaching content.
  p497/907  SKIP  The page contains only exam-style questions with no explanatory content or teaching material.
  p498/907  SKIP  The page is a self-evaluation checklist with no teachable content or explanations.
  p499/907  SKIP  Page contains only learning intentions and introductory activity, no teachable content.
  p500/907  SAVED  Chapter 18: Oscillations | 
  p501/907  SAVED  Chapter 18: Oscillations | 18.1 Free and forced oscillations
  p502/907  SKIP  (only 0 words)
  p503/907  SAVED  Chapter 18: Oscillations | 18.2 Observing oscillations
  p504/907  SKIP  The page contains only a figure caption and a question for students, with no explanatory content or new concepts to teach.
  p505/907  SAVED  Chapter 18: Oscillations | 18.3 Describing oscillations
  p506/907  SAVED  Chapter 18: Oscillations | Phase difference
  p507/907  SKIP  (only 39 words)
  p508/907  SAVED  Chapter 18: Oscillations | 18.4 Simple harmonic motion
  p509/907  SAVED  Chapter 18: Oscillations | Velocity in simple harmonic motion
  p510/907  SAVED  Chapter 18: Oscillations | 18.5 Representing s.h.m. graphically
  p511/907  SAVED  Chapter 18: Oscillations | Graphs of displacement, velocity and acceleration for s.h.m.
  p512/907  SKIP  (only 30 words)
  p513/907  SAVED  Chapter 18: Oscillations | 18.6 Frequency and angular frequency
  p514/907  SKIP  Page contains only questions and a figure caption, no teachable content.
  p515/907  SAVED  Chapter 18: Oscillations | 18.7 Equations of s.h.m.
  p516/907  SAVED  Chapter 18: Oscillations | Simple Harmonic Motion
  p517/907  SAVED  Chapter 18: Oscillations | Equations for displacement and velocity
  p518/907  SAVED  Chapter 18: Oscillations | 
  p519/907  SKIP  (only 25 words)
  p520/907  SAVED  Chapter 18: Oscillations | 18.8 Energy changes in s.h.m.
  p521/907  SAVED  Chapter 18: Oscillations | Energy in Simple Harmonic Motion
  p522/907  SKIP  (only 11 words)
  p523/907  SAVED  Chapter 18: Oscillations | 18.9 Damped oscillations
  p524/907  SAVED  Chapter 18: Oscillations | Damped oscillations
  p525/907  SAVED  Chapter 18: Oscillations | Energy in oscillatory systems
  p526/907  SAVED  Chapter 18: Oscillations | 18.10 Resonance
  p527/907  SAVED  Chapter 18: Oscillations | Resonance
  p528/907  SAVED  Chapter 18: Oscillations | Resonance and Damping
  p529/907  SAVED  Chapter 18: Oscillations | Damping and Resonance
  p530/907  SAVED  Chapter 18: Oscillations | Applications of Resonance
  p531/907  SKIP  Page contains only a reflection exercise without new content.
  p532/907  SAVED  Chapter 18: Oscillations | SUMMARY
  p533/907  SAVED  Chapter 18: Oscillations | 
  p534/907  SKIP  Page contains only exam-style questions, no new teaching content.
  p535/907  SKIP  Page contains only a partial exam question without teaching content or explanation.
  p536/907  SAVED  Chapter 18: Oscillations | 
  p537/907  SAVED  Chapter 18: Oscillations | Simple Harmonic Motion
  p538/907  SAVED  Chapter 18: Oscillations | Forced oscillations and resonance
  p539/907  SKIP  Page is a self-evaluation checklist with no new content.
  p540/907  SKIP  Page contains only learning intentions and an introductory remark, no teachable content.
  p541/907  SKIP  Page contains only introductory context and rhetorical questions, not instructional content.
  p542/907  SAVED  Chapter 19: Thermal physics | 19.1 Changes of state
  p543/907  SAVED  Chapter 19: Thermal physics | 19.2 Energy changes
  p544/907  SAVED  Chapter 19: Thermal Properties | Potential Energy and State Changes
  p545/907  SAVED  Chapter 21: Thermal Properties of Matter | Latent Heat and Evaporation
  p546/907  SKIP  (only 1 words)
  p547/907  SAVED  Chapter 19: Internal Energy and Phases of Matter | 19.3 Internal energy
  p548/907  SAVED  Chapter 21: why this is so | Changing internal energy
  p549/907  SAVED  Chapter 21: Thermodynamics | First law of thermodynamics and work done by a gas
  p550/907  SAVED  Chapter 21: Thermodynamics | Work done by a gas and the first law of thermodynamics
  p551/907  SAVED  Chapter 21: why this is so | 19.4 The meaning of temperature
  p552/907  SAVED  Chapter 21: why this is so | The Thermodynamic (Kelvin) Scale
  p553/907  SAVED  Chapter 21: Temperature and the Thermodynamic Scale | 
  p554/907  SAVED  Chapter 19: Thermal Physics | 19.5 Thermometers
  p555/907  SAVED  Chapter 21: why this is so | Comparison of Resistance and Thermocouple Thermometers
  p556/907  SAVED  Chapter 19: Thermal Properties of Matter | 19.6 Calculating energy changes ? specific heat capacity
  p557/907  SAVED  Chapter 19: Thermal Properties of Materials | Determining Specific Heat Capacity
  p558/907  SAVED  Chapter 21: why this is so | Sources of error
  p559/907  SAVED  Chapter 21: why this is so | Specific latent heat
  p560/907  SAVED  Chapter 21: Thermal Physics | Specific Latent Heat
  p561/907  SKIP  (only 38 words)
  p562/907  SAVED  Chapter 21: why this is so. | Summary
  p563/907  SKIP  Page contains only exam-style questions, no teachable content.
  p564/907  SKIP  Page contains only end-of-chapter questions, no instructional content.
  p565/907  SAVED  Chapter 21: Thermal Properties of Matter | Specific Latent Heat
  p566/907  SKIP  Page contains only an exam-style problem statement without explanatory content or sufficient data to construct a teaching unit.
  p567/907  SKIP  Page is a self-evaluation checklist with no new teaching content.
  p568/907  SKIP  Chapter introduction page with only learning intentions and context, no specific content to teach.
  p569/907  SKIP  (only 7 words)
  p570/907  SAVED  Chapter 20: Ideal gases | 20.1 Particles of a gas
  p571/907  SAVED  Chapter 20: Ideal gases | 20.2 Explaining pressure
  p572/907  SAVED  Chapter 20: Ideal Gases | 20.3 Measuring gases
  p573/907  SAVED  Chapter 7: Kinetic Theory of Gases | The Mole and Atomic Mass
  p574/907  SAVED  Chapter 20: Gas Laws | 20.4 Boyle?s law
  p575/907  SAVED  Chapter 7: Gas Laws | 
  p576/907  SAVED  Chapter 20: Gas Laws | 20.5 Changing temperature
  p577/907  SAVED  Chapter 20: Ideal Gases | 
  p578/907  SAVED  Chapter 20: Thermal Physics | 20.6 Ideal gas equation
  p579/907  SAVED  Chapter 7: Ideal Gases | Using the equation of state
  p580/907  SAVED  Chapter 20: Thermal Physics | 20.7 Modelling gases: the kinetic model
  p581/907  SAVED  Chapter 7: Kinetic Theory of Gases | Derivation of Pressure
  p582/907  SAVED  Chapter 7: Kinetic Theory of Gases | Pressure of an ideal gas
  p583/907  SKIP  Page contains only questions, no explanatory content or worked examples.
  p584/907  SAVED  Chapter 20: Temperature and molecular kinetic energy | 20.8 Temperature and molecular kinetic energy
  p585/907  SAVED  Chapter 7: Kinetic Theory of Gases | The root-mean-square speed
  p586/907  SAVED  Chapter 7: Kinetic Theory of Gases | Mass, kinetic energy and temperature
  p587/907  SAVED  Chapter 7: Ideal Gases | 
  p588/907  SKIP  Page contains only exam-style questions, no teachable content.
  p589/907  SKIP  Page contains only practice questions, no explanatory teaching content.
  p590/907  SAVED  Chapter 7: Kinetic Theory of Gases | Force from Molecular Collisions
  p591/907  SKIP  Page is a self-evaluation checklist with no new concept explanations or examples.
  p592/907  SKIP  Page contains only learning intentions and introductory text, no substantive content for a teaching unit.
  p593/907  SKIP  Page contains introductory/motivational content only, no specific concept or worked example.
  p594/907  SAVED  Chapter 21: Uniform electric fields | 21.1 Attraction and repulsion
  p595/907  SAVED  Chapter 21: Uniform electric fields | 
  p596/907  SAVED  Chapter 21: Uniform electric fields | 21.2 The concept of an electric field
  p597/907  SKIP  The page contains only questions and figure references, no explanatory content or concept teaching.
  p598/907  SKIP  (only 16 words)
  p599/907  SAVED  Chapter 21: Uniform electric fields | 21.3 Electric field strength
  p600/907  SAVED  Chapter 21: Uniform electric fields | Electric field strength and potential difference
  p601/907  SAVED  Chapter 21: Uniform electric fields | 
  p602/907  SKIP  (only 15 words)
  p603/907  SAVED  Chapter 21: Uniform electric fields | 21.4 Force on a charge
  p604/907  SKIP  Page contains only practice questions and reflection, no new teaching content.
  p605/907  SAVED  Chapter 21: Uniform electric fields | Summary
  p606/907  SKIP  Page contains only exam-style questions with no explanatory content.
  p607/907  SKIP  Page contains only exam-style questions, no explanatory content or worked examples.
  p608/907  SKIP  Page contains only problem statements, no explanatory content.
  p609/907  SAVED  Chapter 21: Uniform electric fields | Field Strength and Electrical Breakdown
  p610/907  SKIP  Page is a self-evaluation checklist, not containing new teachable content.
  p611/907  SAVED  Chapter 22: Coulomb's law | 
  p612/907  SKIP  The page contains a contextual discussion about mobile phone masts and 5G, not direct teaching of Coulomb's law or related physics concepts.
  p613/907  SAVED  Chapter 22: Coulomb's law | 22.1 Electric fields
  p614/907  SAVED  Chapter 22: Coulomb?s law | Coulomb's law
  p615/907  SAVED  Chapter 22: Coulomb's law | Coulomb's law and point charges
  p616/907  SKIP  (only 5 words)
  p617/907  SAVED  Chapter 22: Coulomb's law | 22.3 Electric field strength for a radial field
  p618/907  SAVED  Chapter 22: Coulomb?s law | Electric Field of a Charged Sphere
  p619/907  SAVED  Chapter 22: Coulomb's law | 22.4 Electric potential
  p620/907  SAVED  Chapter 22: Electric Potential | Electric Potential and Potential Difference
  p621/907  SAVED  Chapter 22: Electric Fields | Energy in a radial field
  p622/907  SAVED  Chapter 8: that one volt is one joule per coulomb | Electric Potential and Potential Energy
  p623/907  SAVED  Chapter 8: Electric Potential and Field | Field strength and potential gradient
  p624/907  SAVED  Chapter 22: Electric Fields | Potential Gradient and Field Strength
  p625/907  SAVED  Chapter 8: that one volt is one joule per coulomb | Electric Field Strength from Potential Gradient
  p626/907  SAVED  Chapter 8: Electric Fields | Work done in a uniform electric field
  p627/907  SAVED  Chapter 22: Electric Fields | 22.5 Gravitational and electric fields
  p628/907  SAVED  Chapter 22: Electric Fields | Comparison of Gravitational and Electric Fields
  p629/907  SAVED  Chapter 17: Electric Fields | Coulomb's Law
  p630/907  SKIP  Page contains exam-style practice questions only, no explanatory content.
  p631/907  SKIP  Page contains only exam-style questions with no explanatory content or worked examples.
  p632/907  SAVED  Chapter 22: Electric Fields | Electric Potential and Potential Energy
  p633/907  SAVED  Chapter 22: Electric Fields | Electric Field and Force between Charged Spheres
  p634/907  SKIP  Page is a self-evaluation checklist, not teachable content.
  p635/907  SKIP  Page contains only chapter introduction, learning intentions, and a discussion prompt with no specific conceptual or worked content to structure as a teaching unit.
  p636/907  SKIP  Page contains only introductory text and real-world applications, no specific physics concepts, laws, or equations.
  p637/907  SAVED  Chapter 23: Capacitance | 23.1 Capacitors in use
  p638/907  SAVED  Chapter 23: Capacitance | The meaning of capacitance
  p639/907  SAVED  Chapter 23: Capacitance | 
  p640/907  SAVED  Chapter 23: Capacitance | 23.2 Energy stored in a capacitor
  p641/907  SAVED  Chapter 23: Capacitance | Energy stored in a capacitor
  p642/907  SAVED  Chapter 23: Capacitance | Energy stored in a capacitor
  p643/907  SKIP  Page contains only questions and a figure caption, no explanatory text or worked examples.
  p644/907  SAVED  Chapter 23: Capacitance | 23.3 Capacitors in parallel
  p645/907  SAVED  Chapter 23: Capacitance | Capacitors in parallel
  p646/907  SAVED  Chapter 23: Capacitance | 23.4 Capacitors in series
  p647/907  SAVED  Chapter 23: Capacitance | Capacitors in Series
  p648/907  SAVED  Chapter 23: Capacitance | 23.5 Comparing capacitors and resistors
  p649/907  SAVED  Chapter 23: Capacitance | 23.6 Capacitor networks
  p650/907  SAVED  Chapter 23: Capacitance | Sharing charge, sharing energy
  p651/907  SAVED  Chapter 23: Capacitance | Capacitance of isolated bodies
  p652/907  SKIP  (only 0 words)
  p653/907  SAVED  Chapter 23: Capacitance | 23.7 Charge and discharge of capacitors
  p654/907  SAVED  Chapter 23: Capacitance | Discharging a capacitor and time constant
  p655/907  SKIP  Page contains only a question and reflection, no new teachable content.
  p656/907  SAVED  Chapter 23: Capacitance | Summary
  p657/907  SKIP  Page contains only exam-style questions, no new conceptual teaching content.
  p658/907  SKIP  The page contains only end-of-chapter questions and exercises; no new teaching content or explanations.
  p659/907  SAVED  Chapter 23: Capacitance | Capacitance of an isolated sphere
  p660/907  SKIP  Page contains only exam-style questions, no explanatory content for a teaching unit.
  p661/907  SKIP  Self-evaluation checklist, no new teaching content.
  p662/907  SAVED  Chapter 24: Magnetic fields and electromagnetism | Magnets and currents
  p663/907  SKIP  Chapter introduction page with no teachable content; only a question and statement of chapter contents.
  p664/907  SAVED  Chapter 24: Magnetic fields and electromagnetism | 24.1 Producing and representing magnetic fields
  p665/907  SAVED  Chapter 24: Magnetic fields and electromagnetism | Magnetic field of a long current-carrying wire
  p666/907  SAVED  Chapter 24: Magnetic fields and electromagnetism | Magnetic field direction and rules
  p667/907  SKIP  (only 35 words)
  p668/907  SAVED  Chapter 24: Magnetic fields and electromagnetism | 24.2 Magnetic force
  p669/907  SAVED  Chapter 24: Magnetic fields and electromagnetism | Force on a current-carrying conductor in a magnetic field
  p670/907  SKIP  (only 0 words)
  p671/907  SAVED  Chapter 24: Magnetic fields and electromagnetism | 24.3 Magnetic flux density
  p672/907  SAVED  Chapter 24: Magnetic fields and electromagnetism | 24.4 Measuring magnetic flux density
  p673/907  SAVED  Chapter 24: Magnetic fields and electromagnetism | Measuring B with a current balance
  p674/907  SKIP  Page contains only questions, no teachable concept or explanation.
  p675/907  SKIP  (only 9 words)
  p676/907  SAVED  Chapter 24: Magnetic fields and electromagnetism | 24.5 Currents crossing fields
  p677/907  SAVED  Chapter 24: Magnetic fields and electromagnetism | At an angle other than 90?
  p678/907  SAVED  Chapter 24: Magnetic fields and electromagnetism | 
  p679/907  SAVED  Chapter 24: Magnetic fields and electromagnetism | 24.6 Forces between currents
  p680/907  SAVED  Chapter 24: Magnetic fields and electromagnetism | Force between parallel currents
  p681/907  SKIP  (only 13 words)
  p682/907  SAVED  Chapter 24: Magnetic fields and electromagnetism | 24.7 Relating SI units
  p683/907  SAVED  Chapter 24: Magnetic fields and electromagnetism | 24.8 Comparing forces in magnetic, electric and gravitational fields
  p684/907  SAVED  Chapter 24: Magnetic fields and electromagnetism | 
  p685/907  SKIP  Page contains only exam-style questions without explanatory teaching content.
  p686/907  SKIP  The page contains only exam-style questions (numbers 6, 7, 8) with no explanatory content, worked examples, or conceptual teaching material to structure into a teaching unit.
  p687/907  SAVED  Chapter 24: Magnetic fields and electromagnetism | Force on a current-carrying conductor in a magnetic field
  p688/907  SAVED  Chapter 24: Magnetic fields and electromagnetism | Force on a current-carrying conductor
  p689/907  SKIP  Page contains only a self-evaluation checklist with learning objectives, not teachable content.
  p690/907  SKIP  Page is a chapter introduction with learning intentions and review questions; no new concept explanation or worked example provided.
  p691/907  SKIP  Page contains only chapter introduction and a figure caption; no detailed explanation, equation, or worked example.
  p692/907  SAVED  Chapter 25: Motion of charged particles | 25.1 Observing the force
  p693/907  SAVED  Chapter 25: Motion of charged particles | Magnetic force on a moving charged particle
  p694/907  SAVED  Chapter 25: Motion of charged particles | Magnetic Force on a Moving Charged Particle
  p695/907  SAVED  Chapter 25: Motion of charged particles | Fleming's left-hand rule
  p696/907  SAVED  Chapter 25: Motion of charged particles | 25.2 Orbiting charged particles
  p697/907  SAVED  Chapter 25: Motion of charged particles | The charge-to-mass ratio of an electron
  p698/907  SAVED  Chapter 25: Motion of charged particles | Practical Activity 25.2: The deflection tube
  p699/907  SAVED  Chapter 25: Motion of charged particles | Velocity selector
  p700/907  SAVED  Chapter 25: Motion of charged particles | 25.3 Electric and magnetic fields
  p701/907  SAVED  Chapter 25: Motion of charged particles | 25.4 The Hall effect
  p702/907  SAVED  Chapter 8: that the current I is related to the mean drift velocity v o | 
  p703/907  SAVED  Chapter 8: Current and Drift Velocity | Hall Effect
  p704/907  SAVED  Chapter 25: Electric Fields and the Electron | 25.5 Discovering the electron
  p705/907  SKIP  (only 11 words)
  p706/907  SAVED  Chapter 8: that the current I is related to the mean drift velocity v o | Magnetic Force on Charged Particles
  p707/907  SKIP  Page contains only exam-style questions with no explanatory content or worked examples.
  p708/907  SAVED  Chapter 25: Magnetic Fields | Motion of charged particles in a magnetic field
  p709/907  SKIP  The page contains only exam-style questions without any explanatory text, definitions, or worked examples suitable for a teaching unit.
  p710/907  SAVED  Chapter 8: Current and Drift Velocity | The Hall Effect
  p711/907  SKIP  Page contains only a self-evaluation checklist, not explanatory content.
  p712/907  SAVED  Chapter 26: Electromagnetic induction | 
  p713/907  SKIP  Page contains only introductory text and a figure caption with no substantive teaching content.
  p714/907  SAVED  Chapter 26: Electromagnetic induction | 26.1 Observing induction
  p715/907  SAVED  Chapter 26: Electromagnetic induction | Factors affecting induced e.m.f
  p716/907  SAVED  Chapter 26: Electromagnetic induction | 26.2 Explaining electromagnetic induction
  p717/907  SAVED  Chapter 26: Electromagnetic induction | Current direction (extension)
  p718/907  SAVED  Chapter 26: Electromagnetic induction | Fleming's right-hand rule
  p719/907  SAVED  Chapter 26: Electromagnetic induction | Magnetic flux and magnetic flux linkage
  p720/907  SAVED  Chapter 26: Electromagnetic induction | Magnetic flux and flux linkage
  p721/907  SAVED  Chapter 26: Electromagnetic induction | Magnetic flux and flux linkage
  p722/907  SAVED  Chapter 26: Electromagnetic induction | 
  p723/907  SAVED  Chapter 26: Electromagnetic induction | 26.3 Faraday?s law of electromagnetic induction
  p724/907  SAVED  Chapter 26: Electromagnetic induction | The search coil
  p725/907  SKIP  (only 21 words)
  p726/907  SAVED  Chapter 26: Electromagnetic induction | 26.4 Lenz?s law
  p727/907  SAVED  Chapter 26: Electromagnetic induction | Forces and movement
  p728/907  SAVED  Chapter 26: Electromagnetic induction | Lenz's law
  p729/907  SKIP  Page contains only a key equation heading and end-of-chapter questions; no new conceptual explanation provided.
  p730/907  SAVED  Chapter 26: Electromagnetic induction | 26.5 Everyday examples of electromagnetic induction
  p731/907  SAVED  Chapter 26: Electromagnetic induction | 
  p732/907  SKIP  Page contains only exercises and reflection prompts, no new teaching content.
  p733/907  SAVED  Chapter 26: Electromagnetic induction | 
  p734/907  SKIP  Page contains only exam-style questions, no explanatory content to structure as a teaching unit.
  p735/907  SKIP  Page contains only exam-style questions without explanatory content or worked examples; no teachable material for a lesson unit.
  p736/907  SKIP  Page contains only a problem/exercise (question 26.33) without explanatory text or concept teaching.
  p737/907  SKIP  Page contains only a self-evaluation checklist with no new teachable content or explanations.
  p738/907  SKIP  Page contains only learning intentions and review prompts, no teachable content.
  p739/907  SAVED  Chapter 27: Alternating currents | Describing alternating current
  p740/907  SAVED  Chapter 27: Alternating currents | 27.1 Sinusoidal current
  p741/907  SAVED  Chapter 27: Alternating currents | Parameters of Alternating Current
  p742/907  SAVED  Chapter 27: Alternating currents | 27.2 Alternating voltages
  p743/907  SAVED  Chapter 27: Alternating currents | Measuring frequency and voltage
  p744/907  SAVED  Chapter 27: Alternating currents | Using a Cathode-Ray Oscilloscope (CRO)
  p745/907  SKIP  Page contains only practice problems without solutions or explanatory content.
  p746/907  SAVED  Chapter 27: Alternating currents | 27.3 Power and alternating current
  p747/907  SAVED  Chapter 27: Alternating currents | Calculating power using r.m.s. values
  p748/907  SAVED  Chapter 27: Alternating currents | Average power and r.m.s. values
  p749/907  SAVED  Chapter 27: Alternating currents | Root mean square (r.m.s.) values
  p750/907  SAVED  Chapter 27: Alternating currents | 27.4 Rectification
  p751/907  SAVED  Chapter 27: Alternating currents | Rectification
  p752/907  SAVED  Chapter 27: Alternating currents | Smoothing capacitors
  p753/907  SAVED  Chapter 27: Alternating currents | Smoothing capacitors in rectifier circuits
        Supabase error 409: {"code":"23505","details":"Key (subject, form, topic, concept_title)=(AL-Physics, AS-A2, Chapter 27: Alternating currents, Root-mean-square (r.m.s.) values) already exists.","hint":null,"message":"dup
  p754/907  DB-ERR  Chapter 27: Alternating currents | 
  p755/907  SKIP  Page contains only exam-style questions with no teaching content, explanation, or worked examples.
  p756/907  SKIP  Page contains only exam-style questions without explanatory content or worked examples.
  p757/907  SKIP  Page contains only exam-style questions with no explanatory or teaching content.
  p758/907  SKIP  Page contains only a problem question, no explanatory content.
  p759/907  SKIP  Page contains only a self-evaluation checklist, no new teaching content.
  p760/907  SKIP  Page contains only learning intentions, no teachable content.
  p761/907  SAVED  Chapter 28: Quantum physics | What is light?
  p762/907  SAVED  Chapter 28: Quantum physics | 28.1 Modelling with particles and waves
  p763/907  SAVED  Chapter 28: Quantum physics | Waves or particles?
  p764/907  SAVED  Chapter 28: Quantum physics | 
  p765/907  SAVED  Chapter 28: Quantum physics | 28.2 Particulate nature of light
  p766/907  SAVED  Chapter 28: Quantum physics | Photon energy and emission rate
  p767/907  SAVED  Chapter 15: that we use another | The electronvolt (eV)
  p768/907  SAVED  Chapter 15: Quantum Physics | Determination of Planck?s Constant Using LEDs
  p769/907  SAVED  Chapter 15: Determining Planck Constant Using LEDs | Experimental determination of Planck constant
  p770/907  SAVED  Chapter 28: Quantum Physics | 28.3 The photoelectric effect
  p771/907  SAVED  Chapter 28: Quantum Physics | 28.4 Threshold frequency and wavelength
  p772/907  SAVED  Chapter 15: The Photoelectric Effect | Einstein's Photon Model
  p773/907  SAVED  Chapter 28: Photoelectric Effect | Threshold Frequency and Work Function
  p774/907  SAVED  Chapter 28: The Photoelectric Effect | The Photon Model and Photoelectric Effect
  p775/907  SAVED  Chapter 28: Quantum Physics | 28.5 Photons have momentum too
  p776/907  SKIP  The page contains incomplete steps for a calculation with no actual data, equations, or explanatory text; lacks teachable content.
  p777/907  SAVED  Chapter 28: Atomic Physics | 28.6 Line spectra
  p778/907  SAVED  Chapter 28: Spectroscopy | 
  p779/907  SKIP  (only 29 words)
  p780/907  SAVED  Chapter 28: Quantum Physics | 28.7 Explaining the origin of line spectra
  p781/907  SAVED  Chapter 15: Atomic Spectra and Energy Levels | Absorption Line Spectra
  p782/907  SAVED  Chapter 28: Atomic Physics | 28.8 Photon energies
  p783/907  SAVED  Chapter 28: Atomic Physics | Energy Level Diagrams and Photon Transitions
  p784/907  SAVED  Chapter 28: The Nature of Light | The nature of light: waves or particles?
  p785/907  SAVED  Chapter 28: Quantum Physics | 28.10 Electron waves
  p786/907  SAVED  Chapter 28: Wave-Particle Duality | Electron Diffraction
  p787/907  SAVED  Chapter 15: Quantum Physics | Electron Diffraction
  p788/907  SAVED  Chapter 15: Waves and Particles | Probing matter with diffraction
  p789/907  SAVED  Chapter 15: Wave-Particle Duality | Electron Diffraction and the Nature of the Electron
  p790/907  SAVED  Chapter 15: Quantum Physics | 28.11 Revisiting photons
  p791/907  SAVED  Chapter 15: Quantum Physics | Summary
  p792/907  SKIP  (only 0 words)
  p793/907  SKIP  Page contains exam-style questions only, no teachable content.
  p794/907  SKIP  Page contains only practice questions without explanatory content or worked examples required for a teaching unit.
  p795/907  SAVED  Chapter 28: Atomic Physics | Energy Levels in Atoms
  p796/907  SKIP  Page contains only exam-style questions and no explanatory text suitable for a teaching unit.
  p797/907  SKIP  Page contains only a self-evaluation checklist with learning objectives, no teachable content.
  p798/907  SKIP  Page is a chapter introduction with learning intentions and prerequisites, no teachable content.
  p799/907  SKIP  Page contains only introductory narrative and no specific concept explanation, equations, or worked examples.
  p800/907  SAVED  Chapter 29: Nuclear physics | 29.1 Balanced equations
  p801/907  SAVED  Chapter 29: Nuclear physics | Nuclear decay equations
  p802/907  SAVED  Chapter 29: Nuclear physics | 29.2 Mass and energy
  p803/907  SAVED  Chapter 29: Nuclear physics | Mass and energy
  p804/907  SAVED  Chapter 29: Nuclear physics | Mass?energy conservation
  p805/907  SAVED  Chapter 29: Nuclear physics | Atomic mass unit
  p806/907  SAVED  Chapter 29: Nuclear physics | 29.3 Energy released in radioactive decay
  p807/907  SAVED  Chapter 29: Nuclear physics | 29.4 Binding energy and stability
  p808/907  SAVED  Chapter 29: Nuclear physics | Binding energy per nucleon
  p809/907  SAVED  Chapter 29: Nuclear physics | Fission and Fusion
  p810/907  SKIP  (only 0 words)
  p811/907  SAVED  Chapter 29: Nuclear physics | 29.5 Randomness and radioactive decay
  p812/907  SAVED  Chapter 29: Nuclear physics | Spontaneous decay
  p813/907  SAVED  Chapter 29: Nuclear physics | 29.6 The mathematics of radioactive decay
  p814/907  SAVED  Chapter 29: Nuclear physics | Activity and count rate
  p815/907  SAVED  Chapter 29: Nuclear physics | 29.7 Decay graphs and equations
  p816/907  SAVED  Chapter 29: Nuclear physics | Exponential Decay Law
  p817/907  SAVED  Chapter 29: Nuclear physics | Radioactive decay
  p818/907  SAVED  Chapter 29: Nuclear physics | 29.8 Decay constant ? and half-life
  p819/907  SAVED  Chapter 29: Nuclear physics | Radioactive decay laws
  p820/907  SAVED  Chapter 29: Nuclear physics | Summary
  p821/907  SKIP  Page contains only exam-style questions, no explanatory content.
  p822/907  SKIP  Page contains only exam questions, no explanatory content.
  p823/907  SKIP  Page contains only exam-style questions, no explanatory teaching content.
  p824/907  SKIP  (only 0 words)
  p825/907  SKIP  Page is a self-evaluation checklist, not teachable content.
  p826/907  SKIP  Page is an introductory section with learning intentions and review prompts, no specific teachable content.
  p827/907  SKIP  The extracted text is a chapter introduction that outlines topics and raises ethical questions about radiation exposure, but contains no specific laws, equations, or detailed physical reasoning suitable for a teaching unit.
  p828/907  SAVED  Chapter 30: Medical imaging | 30.1 The nature and production of X-rays
  p829/907  SAVED  Chapter 30: Medical imaging | X-ray tube
  p830/907  SAVED  Chapter 30: Medical imaging | Controlling intensity
  p831/907  SAVED  Chapter 30: Medical imaging | 30.2 X-ray attenuation
  p832/907  SAVED  Chapter 30: Medical imaging | Half-thickness
  p833/907  SAVED  Chapter 30: Medical imaging | 30.3 Improving X-ray images
  p834/907  SAVED  Chapter 30: Medical imaging | Contrast media in X-ray imaging
  p835/907  SKIP  (only 0 words)
  p836/907  SAVED  Chapter 30: Medical imaging | 30.4 Computerised axial tomography
  p837/907  SAVED  Chapter 30: Medical imaging | CT scans
  p838/907  SKIP  Page contains only a figure caption and two review questions, with no explanatory content, worked examples, or conceptual teaching material.
  p839/907  SAVED  Chapter 30: Medical imaging | 30.5 Using ultrasound in medicine
  p840/907  SAVED  Chapter 25: Ultrasound Imaging | Piezoelectric Transducers
  p841/907  SAVED  Chapter 25: Transducers and Ultrasound | Piezo-electric Materials
  p842/907  SAVED  Chapter 30: Ultrasound and Medical Imaging | 30.6 Echo sounding
  p843/907  SAVED  Chapter 25: Transducers and Medical Imaging | Calculating Reflected Intensities
  p844/907  SAVED  Chapter 25: Transducers | Acoustic Impedance and Reflection
  p845/907  SAVED  Chapter 25: Medical Imaging | Attenuation of Ultrasound
  p846/907  SAVED  Chapter 30: Medical Imaging | 30.7 Ultrasound scanning
  p847/907  SAVED  Chapter 30: Medical Imaging | B-scan
  p848/907  SAVED  Chapter 25: Medical Imaging | Ultrasound imaging
  p849/907  SAVED  Chapter 30: Medical Imaging | 30.8 Positron Emission Tomography
  p850/907  SAVED  Chapter 30: Medical Physics | The production of suitable radioisotopes
  p851/907  SAVED  Chapter 25: Medical Imaging | Positron Emission Tomography (PET)
  p852/907  SAVED  Chapter 25: Medical Imaging | PET Scanners
  p853/907  SAVED  Chapter 25: Medical Imaging | Ultrasound and Acoustic Impedance
  p854/907  SAVED  Chapter 25: Medical Physics | 
  p855/907  SKIP  Page contains only exam-style questions, no explanatory content.
  p856/907  SKIP  Page contains only exam questions, no explanatory content.
  p857/907  SKIP  page contains only a self-evaluation checklist with learning objectives, no new teaching content.
  p858/907  SAVED  Chapter 25: Medical Imaging | 30.8 Positron Emission Tomography (PET)
  p859/907  SKIP  Page contains only learning intentions and prerequisites, no substantive physics content or explanation.
  p860/907  SAVED  Chapter 31: Astronomy and cosmology | LOOKING INTO THE PAST
  p861/907  SAVED  Chapter 31: Astronomy and cosmology | 31.1 Standard candles
  p862/907  SAVED  Chapter 31: Astronomy and cosmology | 31.2 Luminosity and radiant flux intensity
  p863/907  SAVED  Chapter 31: Astronomy and cosmology | Distance of galaxies
  p864/907  SAVED  Chapter 31: Astronomy and cosmology | Radiant flux intensity and inverse square law
  p865/907  SKIP  Page only introduces the problem and describes a practical activity for the Sun's diameter but does not provide the core explanation or worked example for determining stellar radii. The content is incomplete as the formula and explanation cut off.
  p866/907  SAVED  Chapter 31: Astronomy and cosmology | Wien?s displacement law
  p867/907  SAVED  Chapter 31: Astronomy and cosmology | Wien's displacement law and Stefan-Boltzmann law
  p868/907  SAVED  Chapter 31: Astronomy and cosmology | Determining the radius of a star
  p869/907  SAVED  Chapter 31: Astronomy and cosmology | 31.4 The expanding Universe
  p870/907  SAVED  Chapter 31: Astronomy and cosmology | Doppler redshift
  p871/907  SAVED  Chapter 31: Astronomy and cosmology | Evidence for the Big Bang
  p872/907  SAVED  Chapter 31: Astronomy and cosmology | The Big Bang and the Age of the Universe
  p873/907  SAVED  Chapter 31: Astronomy and cosmology | 
  p874/907  SKIP  Page contains only exam-style questions, no teaching content or explanations.
  p875/907  SKIP  Page contains only exam-style questions, no instructional content.
  p876/907  SAVED  Chapter 31: Astronomy and cosmology | Radiant flux intensity
  p877/907  SKIP  Self-evaluation checklist page with no new teaching content.
  p878/907  SKIP  Page contains only learning intentions and prerequisites for Practical Skills chapter, no detailed content to structure.
  p879/907  SKIP  Page contains generic practical skills information (planning and analysis) not related to the chapter's astronomy and cosmology content.
  p880/907  SKIP  The extracted text is from a practical skills section (P2.2 Planning) rather than the main chapter content on astronomy and cosmology. It provides general experimental planning advice without specific physics concepts or equations relevant to the chapter.
  p881/907  SKIP  Page contains generic experimental design advice unrelated to astronomy and cosmology, no specific physics concept to teach.
  p882/907  SKIP  The extracted text discusses experimental planning and resistivity measurement, which is not relevant to Chapter 31: Astronomy and cosmology.
  p883/907  SKIP  Page content is fragmented and does not present a coherent physics concept; appears to be experimental procedure unrelated to astronomy.
  p884/907  SAVED  Chapter 31: Astronomy and cosmology | P2.3 Analysis of the data
  p885/907  SAVED  Chapter 31: Astronomy and cosmology | Data Analysis: Linearizing Relationships
  p886/907  SAVED  Chapter 31: Astronomy and cosmology | 
  p887/907  SAVED  Chapter 31: Astronomy and cosmology | 
  p888/907  SAVED  Chapter 31: Astronomy and cosmology | Graphical analysis of exponential decay
  p889/907  SKIP  Page content is about a pendulum experiment to determine g, which is not related to astronomy and cosmology.
  p890/907  SAVED  Chapter 31: Astronomy and cosmology | Treatment of uncertainties
  p891/907  SAVED  Chapter 31: Astronomy and cosmology | Uncertainties and logarithms
  p892/907  SKIP  Page contains only practice questions (Table P2.4 and P2.5) and no explanatory or conceptual teaching content.
  p893/907  SAVED  Chapter 31: Astronomy and cosmology | Experimental skills
  p894/907  SKIP  Page is a generic summary of experimental planning and analysis, not specific to the chapter's astronomy and cosmology content.
  p895/907  SKIP  Page contains only exam-style questions, no instructional content.
  p896/907  SKIP  Page contains only exam-style questions without explanations or teaching content.
  p897/907  SKIP  Page contains only exam-style questions, no explanatory teaching content.
  p898/907  SKIP  Page content is a practical exercise about resistance and temperature, unrelated to Chapter 31: Astronomy and cosmology.
  p899/907  SKIP  Self-evaluation checklist with no subject-specific content.
  p900/907  SAVED  Chapter 31: Astronomy and cosmology | Appendix 1: Physical quantities and units
  p901/907  SAVED  Chapter 31: Astronomy and cosmology | 
  p902/907  SKIP  Page contains only reference data and formulae, no instructional content.
  p903/907  SKIP  (only 37 words)
  p904/907  SKIP  This is an appendix page listing conversion factors and mathematical equations, not a teaching unit.
  p905/907  SKIP  (only 5 words)
  p906/907  SKIP  Page contains only acknowledgements and image credits; no physics content.
  p907/907  SKIP  Page contains only copyright and publishing information, no physics content.
------------------------------------------------------------
DONE: 610 saved, 284 skipped, 4 errors
Backup: C:\Learnova\AL-Physics_FAS-A2_results.json
DONE: 610 saved, 284 skipped, 4 errors
