Processing: C:\learnova_app\textbooks\F5 English.pdf
Subject: MY-English  Form: 5  Pages: 6-188 of 188
------------------------------------------------------------
  p  6/188  SAVED  Unit 1: Vocabulary Building | Collocations & Expressions, Phrasal Verbs, Word Formation
  p  7/188  SAVED  Unit 1: 1111 | Relative clauses
  p  8/188  SAVED  Unit 1: 1111 | Listening: Describing Admirable Qualities
  p  9/188  SAVED  Unit 1 | Speaking
  p 10/188  SAVED  Unit 1: 1111 | Writing
  p 11/188  SAVED  Unit 1: Informal Email Writing | 
  p 12/188  SAVED  Unit 1: Reload | 
  p 13/188  SAVED  Unit 1: Life's Great Mysteries | Reading: Mysterious Places
  p 14/188  SAVED  Unit 1: 1111 | Reading
  p 15/188  SAVED  Unit 2 | 
  p 16/188  SAVED  Unit 2: Mystery and the Unknown | Vocabulary
  p 17/188  SAVED  Unit 2: Past Simple and Past Continuous | Grammar 1: Past simple, past continuous
  p 18/188  SAVED  Unit 2: Mysteries and Supernatural | Phrasal Verbs
  p 19/188  SAVED  Unit 2: 2323 | Grammar 2: Used to, would, be/get used to
  p 20/188  SAVED  Unit 2: 2323 | Listening
  p 21/188  SAVED  Unit 2: 2323 | Speaking: Comparing and Choosing Ideas
  p 22/188  SAVED  Unit 2: Stories: Making it lifelike | Writing
  p 23/188  SAVED  Unit 2: Bringing Stories to Life | Using the Five Senses in Description
  p 24/188  SAVED  Unit 2: Reload | 
  p 25/188  SAVED  Unit 2 | Progress Review
  p 26/188  SAVED  Unit 2: Progress Review | Grammar
  p 27/188  SAVED  Unit 2: The World of Sport | 
  p 28/188  SAVED  Unit 2: 2323 | Reading
  p 29/188  SAVED  Unit 3 | Reading Skills
  p 30/188  SAVED  Unit 3 | Vocabulary 1: a-za-z
  p 31/188  SAVED  Unit 3 | Grammar 1 Present perfect simple, present perfect continuous
  p 32/188  SAVED  Unit 3: Sports and Fitness | Word Formation
  p 33/188  SAVED  Unit 3: 3737 | Grammar 2: Past simple, present perfect simple
  p 34/188  SAVED  Unit 3: 3737 | Listening
  p 35/188  SAVED  Unit 3: Sports and Games | Speaking: Comparing Photographs
  p 36/188  SAVED  Unit 3: 3737 | Essay Writing: Planning with Given Ideas
  p 37/188  SAVED  Unit 3: 3737 | Reading and Writing: Discursive Essay
  p 38/188  SAVED  Unit 3: Reload | Vocabulary and Grammar
  p 39/188  SAVED  Unit 3: 3737 | Shopping Therapy 4
  p 40/188  SAVED  Unit 3: The World of Technology | Reading ? Understanding Product Descriptions
  p 41/188  SAVED  Unit 4: Reading Comprehension Strategies | Answering Questions on Multiple Short Texts
  p 42/188  SAVED  Unit 4: Consumer Vocabulary | Vocabulary 1: Compound Nouns and Shopping Terms
  p 43/188  SAVED  Unit 44: Grammar Focus | Grammar 1
  p 44/188  SAVED  Unit 44: Shopping and Money | Phrasal Verbs
  p 45/188  SAVED  Unit 4: Past Perfect Tenses vs Past Simple | Grammar: Past Perfect Tenses vs Past Simple
  p 46/188  SAVED  Unit 4: Listening Skills | Listening
  p 47/188  SAVED  Unit 4: Consumerism | Speaking ? Giving Advice and Discussing Pros and Cons
  p 48/188  SAVED  Unit 4: Article Writing | Getting Your Readers? Attention
  p 49/188  SAVED  Unit 4: Teenage Shopping in the 21st Century | Reading and Understanding Scrambled Texts
  p 50/188  SAVED  Unit 4: Reload | Grammar: Past Tenses
  p 51/188  SAVED  Unit 4: Sportswear and Fashion | Progress Review (Vocabulary)
  p 52/188  SAVED  Unit 4: Progress Review | Grammar
  p 53/188  SAVED  Unit 4: The Environment | 
  p 54/188  SAVED  Unit 4: Environmental Issues | Reading
  p 55/188  SAVED  Unit 5: Environment | 
  p 56/188  SAVED  Unit 5: Disasters and Environment | Vocabulary 1: Natural Disasters and Environmental Terms
  p 57/188  SAVED  Unit 55: Grammar - Future Tenses | Future simple, shall, be going to, future continuous
  p 58/188  SAVED  Unit 5: Vocabulary - Word Formation and Prepositions | Word Formation, Prepositions, Phrasal Verbs
  p 59/188  SAVED  Unit 5: Future Tenses and Temporals | Grammar 2 temporals
  p 60/188  SAVED  Unit 5: Listening Skills | Listening
  p 61/188  SAVED  Unit 5: Environment and Sustainability | Speaking: Discussing Environmental Issues and Solutions
  p 62/188  SAVED  Unit 5: Writing | Essay: Writing a strong introduction
  p 63/188  SAVED  Unit 5: Environment | 
  p 64/188  SAVED  Unit 5: Reload | Vocabulary and Grammar
  p 65/188  SAVED  Unit 5: Crime | Crime Puzzles and Detectives
  p 66/188  SAVED  Unit 5: Crimes and Justice | Reading
  p 67/188  SAVED  Unit 66: 7171 | Sentence Removal Exercise
  p 68/188  SAVED  Unit 66: Crime and Punishment | Vocabulary: Crimes and Criminals
  p 69/188  SAVED  Unit 6: Modals: ability, permission, requests, offers and suggestions | Grammar 1
  p 70/188  SAVED  Unit 6: Crime | 
  p 71/188  SAVED  Unit 6: 7575 | Grammar 2: Modal Verbs
  p 72/188  SAVED  Unit 6: 7575 | Listening
  p 73/188  SAVED  Unit 6: 7575 | Speaking
  p 74/188  SAVED  Unit 6: Essay Writing - Good Conclusions | Writing good conclusions
  p 75/188  SAVED  Unit 6: Music Piracy | 
  p 76/188  SAVED  Unit 6: Reload | Vocabulary and Grammar: Crime and Modals
  p 77/188  SAVED  Unit 6: Progress Review | Vocabulary Review
  p 78/188  SAVED  Unit 6: Progress Review | Grammar
  p 79/188  SAVED  Unit 6: The Media | Mass Media and Inventions
  p 80/188  SAVED  Unit 6: Print Media | Reading
  p 81/188  SAVED  Unit 7: Reading Skills | Multiple-Choice Strategies
  p 82/188  SAVED  Unit 7: Media Vocabulary | Vocabulary - Media Forms and Roles
  p 83/188  SAVED  Unit 7: The Passive Voice | Grammar 1  The passive: tenses, gerunds, infinitives & modals
  p 84/188  SAVED  Unit 7: Media | Prepositions
  p 85/188  SAVED  Unit 7: The Passive Voice | Grammar 2: The passive: impersonal and personal structures
  p 86/188  SAVED  Unit 7: Listening Skills | Listening
  p 87/188  SAVED  Unit 7 | Speaking: Expressing Agreement and Disagreement
  p 88/188  SAVED  Unit 7: Report Writing | Report: Making suggestions
  p 89/188  SAVED  Unit 7: Making Recommendations | Recommendation Structures
  p 90/188  SAVED  Unit 7: Reload | 
  p 91/188  SAVED  Unit 7: A Hard Day's Work | 
  p 92/188  SAVED  Unit 7: Reading Skills | Reading Comprehension
  p 93/188  SAVED  Unit 8 | Reading Comprehension
  p 94/188  SAVED  Unit 8: Job Vocabulary | Vocabulary
  p 95/188  SAVED  Unit 8: Conditionals | Grammar 1 - Conditionals
  p 96/188  SAVED  Unit 8: Work and Employment | Commonly Confused Words and Word Formation
  p 97/188  SAVED  Unit 8: 101 | Mixed Conditionals
  p 98/188  SAVED  Unit 8: 101 | Listening
  p 99/188  SAVED  Unit 8: Discussing Careers | Speaking
  p100/188  SAVED  Unit 8: Writing a Formal Letter of Application | Writing
  p101/188  SAVED  Unit 8: Writing a Formal Letter of Application | Avoiding Repetition of 'I' in Formal Letters
  p102/188  SAVED  Unit 8: Reload | Multiple Choice Exercises on Jobs Vocabulary and Conditionals Grammar
  p103/188  SAVED  Unit 8 | Progress Review
  p104/188  SAVED  Unit 8: Progress Review | Grammar
  p105/188  SAVED  Unit 8: Getting Away | 
  p106/188  SAVED  Unit 8: 105 | Reading
  p107/188  SAVED  Unit 9: 111 | Reading Skills: Scanning for Specific Information
  p108/188  SAVED  Unit 9: Travel and Holidays | Vocabulary: Holiday Activities and Compound Nouns
  p109/188  SAVED  Unit 9: 113 | Grammar 1
  p110/188  SAVED  Unit 9: Travel and Safety | Commonly Confused Words and Word Formation
  p111/188  SAVED  Unit 9: Comparison of Adjectives and Adverbs | Grammar 2: Comparison of Adjectives & Adverbs
  p112/188  SAVED  Unit 9 | Listening Skills: Predicting Parts of Speech
  p113/188  SAVED  Unit 9: Speaking - Holidays and Tourism | Speaking
  p114/188  SAVED  Unit 9: Writing Reviews | Review: Writing good descriptions
  p115/188  SAVED  Unit 9: Writing a Review | Review Writing: Fact and Opinion, Tenses
  p116/188  SAVED  Unit 9: Reload | Vocabulary and Grammar
  p117/188  SAVED  Unit 9: Where on Earth? | 
  p118/188  SAVED  Unit 9: World Heritage | Reading
  p119/188  SAVED  Unit 10: World Heritage Sites | Exercise: Multiple Text Comprehension
  p120/188  SAVED  Unit 10: 123 | Vocabulary: Continents and Cultures
  p121/188  SAVED  Unit 10: Reported Speech | Grammar 1: Reported statements, questions, commands & requests
  p122/188  SAVED  Unit 10: World Heritage | Vocabulary 2: Collocations & Expressions
  p123/188  SAVED  Unit 10: Reported Speech | Reporting Verbs
  p124/188  SAVED  Unit 10 | Listening
  p125/188  SAVED  Unit 10: Giving Advice | Speaking
  p126/188  SAVED  Unit 10: Writing | Essay: Writing long sentences
  p127/188  SAVED  Unit 10: Study Abroad Essays | Reading and Writing: Using Examples and Linking Words
  p128/188  SAVED  Unit 10: Reload | 
  p129/188  SAVED  Unit 10: Travel | Vocabulary
  p130/188  SAVED  Unit 10: Progress Review | Grammar Review
  p131/188  SAVED  Unit 10: High-Tech World | Discussion: Technology and Development
  p132/188  SAVED  Unit 10: Reading - Powered by Play | Reading Comprehension: Identifying Definitions
  p133/188  SAVED  Unit 11: Reading and Vocabulary Practice | Reading Comprehension: Missing Sentences
  p134/188  SAVED  Unit 11: Science and Technology | Vocabulary 1: Technology Terms
  p135/188  SAVED  Unit 11: Causative Forms | Grammar 1: Causative forms
  p136/188  SAVED  Unit 11: Technology | Vocabulary: Prepositions, Phrasal Verbs, and Commonly Confused Words
  p137/188  SAVED  Unit 11: Wishes & preferences | Wishes & preferences
  p138/188  SAVED  Unit 11: Photography | Listening
  p139/188  SAVED  Unit 11: Technology and Communication | Speaking
  p140/188  SAVED  Unit 11: Writing an Article about Preferences | Article: Writing about what you prefer
  p141/188  SAVED  Unit 11: Talking Face to Face | Reading and Grammar: Using Conditionals to Explain Reasons
  p142/188  SAVED  Unit 11: Reload | Grammar
  p143/188  SAVED  Unit 11: Making a Difference | Speaking: Discussing Actions in Hypothetical Situations
  p144/188  SAVED  Unit 11: Kids with a Conscience | Reading: Skimming for Main Ideas and Details
  p145/188  SAVED  Unit 12: Making a Difference | Reading Comprehension and Vocabulary Practice
  p146/188  SAVED  Unit 12: Social Issues and Services | Vocabulary 1
  p147/188  SAVED  Unit 12: Question Tags and Pronouns | Grammar 1: Question tags, pronouns
  p148/188  SAVED  Unit 12: Social Issues | Phrasal Verbs
  p149/188  SAVED  Unit 12: Relationships | Grammar 2
  p150/188  SAVED  Unit 12: Community Service | Listening
  p151/188  SAVED  Unit 12: Community Involvement | Speaking
  p152/188  SAVED  Unit 12: Writing to Authorities | Letter: Communicating effectively
  p153/188  SAVED  Unit 12: Writing about Incidents | Vocabulary for Incident Reports
  p154/188  SAVED  Unit 12: Reload | Grammar
  p155/188  SAVED  Unit 12: Progress Review | Progress Review
  p156/188  SAVED  Unit 12: Progress Review | Grammar Review: Sentence Transformation and Usage
  p157/188  SAVED  Unit 1: Present simple | 1.1 Present simple
  p158/188  SAVED  Unit 1: 1.4 Relative Clauses | 1.4 Relative clauses
  p159/188  SAVED  Unit 2: Past simple | 2.1 Past simple
  p160/188  SAVED  Unit 3: 3.1 Present perfect simple | 3.1 Present perfect simple
  p161/188  SAVED  Unit 3: Present Perfect Tenses | Present Perfect Continuous and Comparison with Present Perfect Simple
  p162/188  SAVED  Unit 4: Past Perfect Tenses | 4.1 Past perfect simple
  p163/188  SAVED  Unit 4: Future Tenses | Expressing Future: will, shall, be going to, and future continuous
  p164/188  SAVED  Unit 6: Ability | 6.1 Ability
  p165/188  SAVED  Unit 7: The passive voice: Tenses, gerunds, infinitives & modals | 7.1 The passive voice: Tenses, gerunds, infinitives & modals
  p166/188  SAVED  Unit 8: Zero conditional | 8.1 Zero conditional
  p167/188  SAVED  Unit 9: Gerunds and Full Infinitives | 9.1 Gerunds and 9.2 Full Infinitive
  p168/188  SAVED  Unit 9: Gerunds | 9.4 Gerund or infinitive?
  p169/188  SAVED  Unit 10: Reported Speech: Statements | 10.1 Reported speech: Statements
  p170/188  SAVED  Unit 10: Reported Speech | Reported Speech: Questions, Commands, and Reporting Verbs
  p171/188  SAVED  Unit 11: Causative forms and wishes | 11.1 Causative form: have/get something done
  p172/188  SAVED  Unit 12: Question Tags and Reflexive Pronouns | 12.1 Question tags
  p173/188  SAVED  Unit 12: Indefinite Pronouns | 12.3 Indefinite pronouns
  p174/188  SAVED  Unit 12: 12.1 Question tags | Irregular Verbs
  p175/188  SAVED  Unit 12: 12.1 Question tags | Irregular Verbs
  p176/188  SAVED  Unit 12: Writing Bank - Informal Letter/Email | Structure and Phrases for Informal Letters/Emails
  p177/188  SAVED  Unit 12: Question Tags | Formal Letter/Email
  p178/188  SAVED  Unit 12: 12.1 Question tags | Writing Bank - Article
  p179/188  SAVED  Unit 12: Writing Bank | Essay Planning and Structure
  p180/188  SAVED  Unit 12: Question tags | Writing Bank: Story
  p181/188  SAVED  Unit 12: Writing Bank ? Review Writing | Review
  p182/188  SAVED  Unit 12: 12.1 Question tags | Writing Bank: Report
  p183/188  SAVED  Unit 12: 12.1 Question tags | Speaking Bank
  p184/188  SAVED  Unit 1: Speaking Information | Giving Advice and Discussing Options
  p185/188  SAVED  Unit 4: Student A Information | Speaking: Giving Advice and Evaluating Options
  p186/188  SAVED  Unit 10: Speaking ? Discussing Options and Giving Advice | Comparing options and expressing opinions
  p187/188  SAVED  Unit 1: Extra practice | Speaking Practice: Discussing Solutions and Disadvantages
  p188/188  SKIP  The page consists of copyright and acknowledgements information, which does not contain teachable English language content.
------------------------------------------------------------
DONE: 182 saved, 1 skipped, 0 errors
Backup: C:\Learnova\MY-English_F5_results.json
DONE: 182 saved, 1 skipped, 0 errors
