Processing: C:\Users\Yong\Downloads\Learnova Malaysia\Form 4\MY- F4 English.pdf
Subject: MY-English  Form: 4  Pages: 4-36 of 36
------------------------------------------------------------
  p  4/36  SKIP  Page is a table of contents, no teachable content.
  p  5/36  SAVED  Unit 1: Amazing Adventures | 
  p  6/36  SAVED  Unit 1: Let's Chat | 
  p  7/36  SAVED  Unit 1: Let's Chat | Ways of Communicating
  p  8/36  SAVED  Unit 1: Social Networking Sites | Reading Skills: Dealing with Unknown Vocabulary
  p  9/36  SAVED  Unit 1: Social Networking Sites | Grammar: Present Simple vs Present Continuous
  p 10/36  SAVED  Unit 1: Let's Chat | Vocabulary: Technology and Communication
  p 11/36  SAVED  Unit 1: Grammar - Comparisons | Comparisons
  p 12/36  SAVED  Unit 1 | Vocabulary: Expressing Likes and Dislikes
  p 13/36  SAVED  Unit 1: Personal Webpage Writing | Reading and Responding to a Personal Webpage
  p 14/36  SAVED  Unit 1: Reading Skills | Reading for Main Idea
  p 15/36  SAVED  Unit 1: Talking About the Past | Grammar
  p 16/36  SAVED  Unit 1: Communication Skills | Vocabulary ? Verbs and Noun Formation
  p 17/36  SAVED  Unit 1: Let's Talk About Technology | Speaking - Comparing and Contrasting
  p 18/36  SAVED  Unit 1: Writing an Informal Letter/Email | Write an informal letter/email based on prompts
  p 19/36  SAVED  Unit 1: Informal Correspondence | Expressing Enthusiasm and Handling Invitations
  p 20/36  SAVED  Unit 1: Round-up | Grammar and Vocabulary Review
  p 21/36  SAVED  Unit 2: Ready for anything | Vocabulary - Describing Activities and Feelings
  p 22/36  SAVED  Unit 1: Social Responsibility | Reading: Identifying Common Points
  p 23/36  SAVED  Unit 1: Charity and Community | Grammar: Countable and Uncountable Nouns & Quantifiers
  p 24/36  SAVED  Unit 1: Vocabulary Development | Vocabulary: Words as Verbs and Nouns
  p 25/36  SAVED  Unit 1: Relative Clauses | Grammar
  p 26/36  SAVED  Unit 1: Personality Adjectives | Vocabulary: Matching Adjectives with Definitions
  p 27/36  SAVED  Unit 1: Writing a Description of a Person | Writing Task and Model Answer
  p 28/36  SAVED  Unit 1: The Adventure of the Mazarin Stone | Pre-Reading Discussion
  p 29/36  SAVED  Unit 1: Sherlock Holmes | Vocabulary: Guessing Meaning from Context
  p 30/36  SAVED  Unit 1: While Billy was talking, Watson turned to | Vocabulary: Phrasal Verbs with Keep
  p 31/36  SAVED  Unit 1: While Billy was talking, Watson turned to | Role Play and Listening
  p 32/36  SAVED  Unit 2: Writing a Story | Story Writing Techniques
  p 33/36  SAVED  Unit 1: While Billy was talking, Watson turned to | Linking Words and Story Writing Structure
  p 34/36  SAVED  Unit 1: While Billy was talking, Watson turned to | Let's Read 1
  p 35/36  SAVED  Unit 1: While Billy was talking, Watson turned to | Reading Comprehension and Summary Writing
  p 36/36  SAVED  Unit 1: While Billy was talking, Watson turned to | Round-up
------------------------------------------------------------
DONE: 32 saved, 1 skipped, 0 errors
Backup: C:\Learnova\MY-English_F4_results.json
DONE: 32 saved, 1 skipped, 0 errors
